
> api@0.0.1 test
> jest

FAIL src/billing/billing.service.spec.ts
  ● BillingService › should be defined

    Nest can't resolve dependencies of the BillingService (PrismaService, WorkflowService, EventEmitter, AuditService, ?). Please make sure that the argument EventStoreService at index [4] is available in the RootTestModule module.

    Potential solutions:
    - Is RootTestModule a valid NestJS module?
    - If EventStoreService is a provider, is it part of the current RootTestModule?
    - If EventStoreService is exported from a separate @Module, is that module imported within RootTestModule?
      @Module({
        imports: [ /* the Module containing EventStoreService */ ]
      })

    For more common dependency resolution issues, see: https://docs.nestjs.com/faq/common-errors

      33 |     };
      34 |
    > 35 |     const module: TestingModule = await Test.createTestingModule({
         |                                   ^
      36 |       providers: [
      37 |         BillingService,
      38 |         { provide: PrismaService, useValue: mockPrisma },

      at TestingInjector.lookupComponentInParentModules (../../../node_modules/@nestjs/core/injector/injector.js:300:19)
      at TestingInjector.resolveComponentWrapper (../../../node_modules/@nestjs/testing/testing-injector.js:19:45)
      at resolveParam (../../../node_modules/@nestjs/core/injector/injector.js:150:38)
          at async Promise.all (index 4)
      at TestingInjector.resolveConstructorParams (../../../node_modules/@nestjs/core/injector/injector.js:179:27)
      at TestingInjector.loadInstance (../../../node_modules/@nestjs/core/injector/injector.js:77:13)
      at TestingInjector.loadProvider (../../../node_modules/@nestjs/core/injector/injector.js:111:9)
      at ../../../node_modules/@nestjs/core/injector/instance-loader.js:56:13
          at async Promise.all (index 3)
      at TestingInstanceLoader.createInstancesOfProviders (../../../node_modules/@nestjs/core/injector/instance-loader.js:55:9)
      at ../../../node_modules/@nestjs/core/injector/instance-loader.js:40:13
          at async Promise.all (index 1)
      at TestingInstanceLoader.createInstances (../../../node_modules/@nestjs/core/injector/instance-loader.js:39:9)
      at TestingInstanceLoader.createInstancesOfDependencies (../../../node_modules/@nestjs/core/injector/instance-loader.js:22:13)
      at TestingInstanceLoader.createInstancesOfDependencies (../../../node_modules/@nestjs/testing/testing-instance-loader.js:9:9)
      at TestingModuleBuilder.createInstancesOfDependencies (../../../node_modules/@nestjs/testing/testing-module.builder.js:119:9)
      at TestingModuleBuilder.compile (../../../node_modules/@nestjs/testing/testing-module.builder.js:74:9)
      at Object.<anonymous> (billing/billing.service.spec.ts:35:35)

  ● BillingService › generateInvoice › should throw NotFoundException when load does not exist

    Nest can't resolve dependencies of the BillingService (PrismaService, WorkflowService, EventEmitter, AuditService, ?). Please make sure that the argument EventStoreService at index [4] is available in the RootTestModule module.

    Potential solutions:
    - Is RootTestModule a valid NestJS module?
    - If EventStoreService is a provider, is it part of the current RootTestModule?
    - If EventStoreService is exported from a separate @Module, is that module imported within RootTestModule?
      @Module({
        imports: [ /* the Module containing EventStoreService */ ]
      })

    For more common dependency resolution issues, see: https://docs.nestjs.com/faq/common-errors

      33 |     };
      34 |
    > 35 |     const module: TestingModule = await Test.createTestingModule({
         |                                   ^
      36 |       providers: [
      37 |         BillingService,
      38 |         { provide: PrismaService, useValue: mockPrisma },

      at TestingInjector.lookupComponentInParentModules (../../../node_modules/@nestjs/core/injector/injector.js:300:19)
      at TestingInjector.resolveComponentWrapper (../../../node_modules/@nestjs/testing/testing-injector.js:19:45)
      at resolveParam (../../../node_modules/@nestjs/core/injector/injector.js:150:38)
          at async Promise.all (index 4)
      at TestingInjector.resolveConstructorParams (../../../node_modules/@nestjs/core/injector/injector.js:179:27)
      at TestingInjector.loadInstance (../../../node_modules/@nestjs/core/injector/injector.js:77:13)
      at TestingInjector.loadProvider (../../../node_modules/@nestjs/core/injector/injector.js:111:9)
      at ../../../node_modules/@nestjs/core/injector/instance-loader.js:56:13
          at async Promise.all (index 3)
      at TestingInstanceLoader.createInstancesOfProviders (../../../node_modules/@nestjs/core/injector/instance-loader.js:55:9)
      at ../../../node_modules/@nestjs/core/injector/instance-loader.js:40:13
          at async Promise.all (index 1)
      at TestingInstanceLoader.createInstances (../../../node_modules/@nestjs/core/injector/instance-loader.js:39:9)
      at TestingInstanceLoader.createInstancesOfDependencies (../../../node_modules/@nestjs/core/injector/instance-loader.js:22:13)
      at TestingInstanceLoader.createInstancesOfDependencies (../../../node_modules/@nestjs/testing/testing-instance-loader.js:9:9)
      at TestingModuleBuilder.createInstancesOfDependencies (../../../node_modules/@nestjs/testing/testing-module.builder.js:119:9)
      at TestingModuleBuilder.compile (../../../node_modules/@nestjs/testing/testing-module.builder.js:74:9)
      at Object.<anonymous> (billing/billing.service.spec.ts:35:35)

  ● BillingService › generateInvoice › should throw BadRequestException when load is not DELIVERED

    Nest can't resolve dependencies of the BillingService (PrismaService, WorkflowService, EventEmitter, AuditService, ?). Please make sure that the argument EventStoreService at index [4] is available in the RootTestModule module.

    Potential solutions:
    - Is RootTestModule a valid NestJS module?
    - If EventStoreService is a provider, is it part of the current RootTestModule?
    - If EventStoreService is exported from a separate @Module, is that module imported within RootTestModule?
      @Module({
        imports: [ /* the Module containing EventStoreService */ ]
      })

    For more common dependency resolution issues, see: https://docs.nestjs.com/faq/common-errors

      33 |     };
      34 |
    > 35 |     const module: TestingModule = await Test.createTestingModule({
         |                                   ^
      36 |       providers: [
      37 |         BillingService,
      38 |         { provide: PrismaService, useValue: mockPrisma },

      at TestingInjector.lookupComponentInParentModules (../../../node_modules/@nestjs/core/injector/injector.js:300:19)
      at TestingInjector.resolveComponentWrapper (../../../node_modules/@nestjs/testing/testing-injector.js:19:45)
      at resolveParam (../../../node_modules/@nestjs/core/injector/injector.js:150:38)
          at async Promise.all (index 4)
      at TestingInjector.resolveConstructorParams (../../../node_modules/@nestjs/core/injector/injector.js:179:27)
      at TestingInjector.loadInstance (../../../node_modules/@nestjs/core/injector/injector.js:77:13)
      at TestingInjector.loadProvider (../../../node_modules/@nestjs/core/injector/injector.js:111:9)
      at ../../../node_modules/@nestjs/core/injector/instance-loader.js:56:13
          at async Promise.all (index 3)
      at TestingInstanceLoader.createInstancesOfProviders (../../../node_modules/@nestjs/core/injector/instance-loader.js:55:9)
      at ../../../node_modules/@nestjs/core/injector/instance-loader.js:40:13
          at async Promise.all (index 1)
      at TestingInstanceLoader.createInstances (../../../node_modules/@nestjs/core/injector/instance-loader.js:39:9)
      at TestingInstanceLoader.createInstancesOfDependencies (../../../node_modules/@nestjs/core/injector/instance-loader.js:22:13)
      at TestingInstanceLoader.createInstancesOfDependencies (../../../node_modules/@nestjs/testing/testing-instance-loader.js:9:9)
      at TestingModuleBuilder.createInstancesOfDependencies (../../../node_modules/@nestjs/testing/testing-module.builder.js:119:9)
      at TestingModuleBuilder.compile (../../../node_modules/@nestjs/testing/testing-module.builder.js:74:9)
      at Object.<anonymous> (billing/billing.service.spec.ts:35:35)

  ● BillingService › generateInvoice › should throw BadRequestException when invoice already exists

    Nest can't resolve dependencies of the BillingService (PrismaService, WorkflowService, EventEmitter, AuditService, ?). Please make sure that the argument EventStoreService at index [4] is available in the RootTestModule module.

    Potential solutions:
    - Is RootTestModule a valid NestJS module?
    - If EventStoreService is a provider, is it part of the current RootTestModule?
    - If EventStoreService is exported from a separate @Module, is that module imported within RootTestModule?
      @Module({
        imports: [ /* the Module containing EventStoreService */ ]
      })

    For more common dependency resolution issues, see: https://docs.nestjs.com/faq/common-errors

      33 |     };
      34 |
    > 35 |     const module: TestingModule = await Test.createTestingModule({
         |                                   ^
      36 |       providers: [
      37 |         BillingService,
      38 |         { provide: PrismaService, useValue: mockPrisma },

      at TestingInjector.lookupComponentInParentModules (../../../node_modules/@nestjs/core/injector/injector.js:300:19)
      at TestingInjector.resolveComponentWrapper (../../../node_modules/@nestjs/testing/testing-injector.js:19:45)
      at resolveParam (../../../node_modules/@nestjs/core/injector/injector.js:150:38)
          at async Promise.all (index 4)
      at TestingInjector.resolveConstructorParams (../../../node_modules/@nestjs/core/injector/injector.js:179:27)
      at TestingInjector.loadInstance (../../../node_modules/@nestjs/core/injector/injector.js:77:13)
      at TestingInjector.loadProvider (../../../node_modules/@nestjs/core/injector/injector.js:111:9)
      at ../../../node_modules/@nestjs/core/injector/instance-loader.js:56:13
          at async Promise.all (index 3)
      at TestingInstanceLoader.createInstancesOfProviders (../../../node_modules/@nestjs/core/injector/instance-loader.js:55:9)
      at ../../../node_modules/@nestjs/core/injector/instance-loader.js:40:13
          at async Promise.all (index 1)
      at TestingInstanceLoader.createInstances (../../../node_modules/@nestjs/core/injector/instance-loader.js:39:9)
      at TestingInstanceLoader.createInstancesOfDependencies (../../../node_modules/@nestjs/core/injector/instance-loader.js:22:13)
      at TestingInstanceLoader.createInstancesOfDependencies (../../../node_modules/@nestjs/testing/testing-instance-loader.js:9:9)
      at TestingModuleBuilder.createInstancesOfDependencies (../../../node_modules/@nestjs/testing/testing-module.builder.js:119:9)
      at TestingModuleBuilder.compile (../../../node_modules/@nestjs/testing/testing-module.builder.js:74:9)
      at Object.<anonymous> (billing/billing.service.spec.ts:35:35)

  ● BillingService › generateInvoice › should create invoice with load rate when no manual amount or rate card

    Nest can't resolve dependencies of the BillingService (PrismaService, WorkflowService, EventEmitter, AuditService, ?). Please make sure that the argument EventStoreService at index [4] is available in the RootTestModule module.

    Potential solutions:
    - Is RootTestModule a valid NestJS module?
    - If EventStoreService is a provider, is it part of the current RootTestModule?
    - If EventStoreService is exported from a separate @Module, is that module imported within RootTestModule?
      @Module({
        imports: [ /* the Module containing EventStoreService */ ]
      })

    For more common dependency resolution issues, see: https://docs.nestjs.com/faq/common-errors

      33 |     };
      34 |
    > 35 |     const module: TestingModule = await Test.createTestingModule({
         |                                   ^
      36 |       providers: [
      37 |         BillingService,
      38 |         { provide: PrismaService, useValue: mockPrisma },

      at TestingInjector.lookupComponentInParentModules (../../../node_modules/@nestjs/core/injector/injector.js:300:19)
      at TestingInjector.resolveComponentWrapper (../../../node_modules/@nestjs/testing/testing-injector.js:19:45)
      at resolveParam (../../../node_modules/@nestjs/core/injector/injector.js:150:38)
          at async Promise.all (index 4)
      at TestingInjector.resolveConstructorParams (../../../node_modules/@nestjs/core/injector/injector.js:179:27)
      at TestingInjector.loadInstance (../../../node_modules/@nestjs/core/injector/injector.js:77:13)
      at TestingInjector.loadProvider (../../../node_modules/@nestjs/core/injector/injector.js:111:9)
      at ../../../node_modules/@nestjs/core/injector/instance-loader.js:56:13
          at async Promise.all (index 3)
      at TestingInstanceLoader.createInstancesOfProviders (../../../node_modules/@nestjs/core/injector/instance-loader.js:55:9)
      at ../../../node_modules/@nestjs/core/injector/instance-loader.js:40:13
          at async Promise.all (index 1)
      at TestingInstanceLoader.createInstances (../../../node_modules/@nestjs/core/injector/instance-loader.js:39:9)
      at TestingInstanceLoader.createInstancesOfDependencies (../../../node_modules/@nestjs/core/injector/instance-loader.js:22:13)
      at TestingInstanceLoader.createInstancesOfDependencies (../../../node_modules/@nestjs/testing/testing-instance-loader.js:9:9)
      at TestingModuleBuilder.createInstancesOfDependencies (../../../node_modules/@nestjs/testing/testing-module.builder.js:119:9)
      at TestingModuleBuilder.compile (../../../node_modules/@nestjs/testing/testing-module.builder.js:74:9)
      at Object.<anonymous> (billing/billing.service.spec.ts:35:35)

  ● BillingService › generateInvoice › should use manual amount when provided

    Nest can't resolve dependencies of the BillingService (PrismaService, WorkflowService, EventEmitter, AuditService, ?). Please make sure that the argument EventStoreService at index [4] is available in the RootTestModule module.

    Potential solutions:
    - Is RootTestModule a valid NestJS module?
    - If EventStoreService is a provider, is it part of the current RootTestModule?
    - If EventStoreService is exported from a separate @Module, is that module imported within RootTestModule?
      @Module({
        imports: [ /* the Module containing EventStoreService */ ]
      })

    For more common dependency resolution issues, see: https://docs.nestjs.com/faq/common-errors

      33 |     };
      34 |
    > 35 |     const module: TestingModule = await Test.createTestingModule({
         |                                   ^
      36 |       providers: [
      37 |         BillingService,
      38 |         { provide: PrismaService, useValue: mockPrisma },

      at TestingInjector.lookupComponentInParentModules (../../../node_modules/@nestjs/core/injector/injector.js:300:19)
      at TestingInjector.resolveComponentWrapper (../../../node_modules/@nestjs/testing/testing-injector.js:19:45)
      at resolveParam (../../../node_modules/@nestjs/core/injector/injector.js:150:38)
          at async Promise.all (index 4)
      at TestingInjector.resolveConstructorParams (../../../node_modules/@nestjs/core/injector/injector.js:179:27)
      at TestingInjector.loadInstance (../../../node_modules/@nestjs/core/injector/injector.js:77:13)
      at TestingInjector.loadProvider (../../../node_modules/@nestjs/core/injector/injector.js:111:9)
      at ../../../node_modules/@nestjs/core/injector/instance-loader.js:56:13
          at async Promise.all (index 3)
      at TestingInstanceLoader.createInstancesOfProviders (../../../node_modules/@nestjs/core/injector/instance-loader.js:55:9)
      at ../../../node_modules/@nestjs/core/injector/instance-loader.js:40:13
          at async Promise.all (index 1)
      at TestingInstanceLoader.createInstances (../../../node_modules/@nestjs/core/injector/instance-loader.js:39:9)
      at TestingInstanceLoader.createInstancesOfDependencies (../../../node_modules/@nestjs/core/injector/instance-loader.js:22:13)
      at TestingInstanceLoader.createInstancesOfDependencies (../../../node_modules/@nestjs/testing/testing-instance-loader.js:9:9)
      at TestingModuleBuilder.createInstancesOfDependencies (../../../node_modules/@nestjs/testing/testing-module.builder.js:119:9)
      at TestingModuleBuilder.compile (../../../node_modules/@nestjs/testing/testing-module.builder.js:74:9)
      at Object.<anonymous> (billing/billing.service.spec.ts:35:35)

  ● BillingService › approveInvoice › should throw NotFoundException when invoice does not exist

    Nest can't resolve dependencies of the BillingService (PrismaService, WorkflowService, EventEmitter, AuditService, ?). Please make sure that the argument EventStoreService at index [4] is available in the RootTestModule module.

    Potential solutions:
    - Is RootTestModule a valid NestJS module?
    - If EventStoreService is a provider, is it part of the current RootTestModule?
    - If EventStoreService is exported from a separate @Module, is that module imported within RootTestModule?
      @Module({
        imports: [ /* the Module containing EventStoreService */ ]
      })

    For more common dependency resolution issues, see: https://docs.nestjs.com/faq/common-errors

      33 |     };
      34 |
    > 35 |     const module: TestingModule = await Test.createTestingModule({
         |                                   ^
      36 |       providers: [
      37 |         BillingService,
      38 |         { provide: PrismaService, useValue: mockPrisma },

      at TestingInjector.lookupComponentInParentModules (../../../node_modules/@nestjs/core/injector/injector.js:300:19)
      at TestingInjector.resolveComponentWrapper (../../../node_modules/@nestjs/testing/testing-injector.js:19:45)
      at resolveParam (../../../node_modules/@nestjs/core/injector/injector.js:150:38)
          at async Promise.all (index 4)
      at TestingInjector.resolveConstructorParams (../../../node_modules/@nestjs/core/injector/injector.js:179:27)
      at TestingInjector.loadInstance (../../../node_modules/@nestjs/core/injector/injector.js:77:13)
      at TestingInjector.loadProvider (../../../node_modules/@nestjs/core/injector/injector.js:111:9)
      at ../../../node_modules/@nestjs/core/injector/instance-loader.js:56:13
          at async Promise.all (index 3)
      at TestingInstanceLoader.createInstancesOfProviders (../../../node_modules/@nestjs/core/injector/instance-loader.js:55:9)
      at ../../../node_modules/@nestjs/core/injector/instance-loader.js:40:13
          at async Promise.all (index 1)
      at TestingInstanceLoader.createInstances (../../../node_modules/@nestjs/core/injector/instance-loader.js:39:9)
      at TestingInstanceLoader.createInstancesOfDependencies (../../../node_modules/@nestjs/core/injector/instance-loader.js:22:13)
      at TestingInstanceLoader.createInstancesOfDependencies (../../../node_modules/@nestjs/testing/testing-instance-loader.js:9:9)
      at TestingModuleBuilder.createInstancesOfDependencies (../../../node_modules/@nestjs/testing/testing-module.builder.js:119:9)
      at TestingModuleBuilder.compile (../../../node_modules/@nestjs/testing/testing-module.builder.js:74:9)
      at Object.<anonymous> (billing/billing.service.spec.ts:35:35)

  ● BillingService › approveInvoice › should throw BadRequestException when invoice is not DRAFT

    Nest can't resolve dependencies of the BillingService (PrismaService, WorkflowService, EventEmitter, AuditService, ?). Please make sure that the argument EventStoreService at index [4] is available in the RootTestModule module.

    Potential solutions:
    - Is RootTestModule a valid NestJS module?
    - If EventStoreService is a provider, is it part of the current RootTestModule?
    - If EventStoreService is exported from a separate @Module, is that module imported within RootTestModule?
      @Module({
        imports: [ /* the Module containing EventStoreService */ ]
      })

    For more common dependency resolution issues, see: https://docs.nestjs.com/faq/common-errors

      33 |     };
      34 |
    > 35 |     const module: TestingModule = await Test.createTestingModule({
         |                                   ^
      36 |       providers: [
      37 |         BillingService,
      38 |         { provide: PrismaService, useValue: mockPrisma },

      at TestingInjector.lookupComponentInParentModules (../../../node_modules/@nestjs/core/injector/injector.js:300:19)
      at TestingInjector.resolveComponentWrapper (../../../node_modules/@nestjs/testing/testing-injector.js:19:45)
      at resolveParam (../../../node_modules/@nestjs/core/injector/injector.js:150:38)
          at async Promise.all (index 4)
      at TestingInjector.resolveConstructorParams (../../../node_modules/@nestjs/core/injector/injector.js:179:27)
      at TestingInjector.loadInstance (../../../node_modules/@nestjs/core/injector/injector.js:77:13)
      at TestingInjector.loadProvider (../../../node_modules/@nestjs/core/injector/injector.js:111:9)
      at ../../../node_modules/@nestjs/core/injector/instance-loader.js:56:13
          at async Promise.all (index 3)
      at TestingInstanceLoader.createInstancesOfProviders (../../../node_modules/@nestjs/core/injector/instance-loader.js:55:9)
      at ../../../node_modules/@nestjs/core/injector/instance-loader.js:40:13
          at async Promise.all (index 1)
      at TestingInstanceLoader.createInstances (../../../node_modules/@nestjs/core/injector/instance-loader.js:39:9)
      at TestingInstanceLoader.createInstancesOfDependencies (../../../node_modules/@nestjs/core/injector/instance-loader.js:22:13)
      at TestingInstanceLoader.createInstancesOfDependencies (../../../node_modules/@nestjs/testing/testing-instance-loader.js:9:9)
      at TestingModuleBuilder.createInstancesOfDependencies (../../../node_modules/@nestjs/testing/testing-module.builder.js:119:9)
      at TestingModuleBuilder.compile (../../../node_modules/@nestjs/testing/testing-module.builder.js:74:9)
      at Object.<anonymous> (billing/billing.service.spec.ts:35:35)

  ● BillingService › approveInvoice › should approve a DRAFT invoice and post a journal entry

    Nest can't resolve dependencies of the BillingService (PrismaService, WorkflowService, EventEmitter, AuditService, ?). Please make sure that the argument EventStoreService at index [4] is available in the RootTestModule module.

    Potential solutions:
    - Is RootTestModule a valid NestJS module?
    - If EventStoreService is a provider, is it part of the current RootTestModule?
    - If EventStoreService is exported from a separate @Module, is that module imported within RootTestModule?
      @Module({
        imports: [ /* the Module containing EventStoreService */ ]
      })

    For more common dependency resolution issues, see: https://docs.nestjs.com/faq/common-errors

      33 |     };
      34 |
    > 35 |     const module: TestingModule = await Test.createTestingModule({
         |                                   ^
      36 |       providers: [
      37 |         BillingService,
      38 |         { provide: PrismaService, useValue: mockPrisma },

      at TestingInjector.lookupComponentInParentModules (../../../node_modules/@nestjs/core/injector/injector.js:300:19)
      at TestingInjector.resolveComponentWrapper (../../../node_modules/@nestjs/testing/testing-injector.js:19:45)
      at resolveParam (../../../node_modules/@nestjs/core/injector/injector.js:150:38)
          at async Promise.all (index 4)
      at TestingInjector.resolveConstructorParams (../../../node_modules/@nestjs/core/injector/injector.js:179:27)
      at TestingInjector.loadInstance (../../../node_modules/@nestjs/core/injector/injector.js:77:13)
      at TestingInjector.loadProvider (../../../node_modules/@nestjs/core/injector/injector.js:111:9)
      at ../../../node_modules/@nestjs/core/injector/instance-loader.js:56:13
          at async Promise.all (index 3)
      at TestingInstanceLoader.createInstancesOfProviders (../../../node_modules/@nestjs/core/injector/instance-loader.js:55:9)
      at ../../../node_modules/@nestjs/core/injector/instance-loader.js:40:13
          at async Promise.all (index 1)
      at TestingInstanceLoader.createInstances (../../../node_modules/@nestjs/core/injector/instance-loader.js:39:9)
      at TestingInstanceLoader.createInstancesOfDependencies (../../../node_modules/@nestjs/core/injector/instance-loader.js:22:13)
      at TestingInstanceLoader.createInstancesOfDependencies (../../../node_modules/@nestjs/testing/testing-instance-loader.js:9:9)
      at TestingModuleBuilder.createInstancesOfDependencies (../../../node_modules/@nestjs/testing/testing-module.builder.js:119:9)
      at TestingModuleBuilder.compile (../../../node_modules/@nestjs/testing/testing-module.builder.js:74:9)
      at Object.<anonymous> (billing/billing.service.spec.ts:35:35)

FAIL src/drivers/drivers.service.spec.ts
  ● DriversService › should be defined

    Nest can't resolve dependencies of the DriversService (AuditService, PrismaService, WorkflowService, EventEmitter, ?). Please make sure that the argument EventStoreService at index [4] is available in the RootTestModule module.

    Potential solutions:
    - Is RootTestModule a valid NestJS module?
    - If EventStoreService is a provider, is it part of the current RootTestModule?
    - If EventStoreService is exported from a separate @Module, is that module imported within RootTestModule?
      @Module({
        imports: [ /* the Module containing EventStoreService */ ]
      })

    For more common dependency resolution issues, see: https://docs.nestjs.com/faq/common-errors

      38 |     };
      39 |
    > 40 |     const module: TestingModule = await Test.createTestingModule({
         |                                   ^
      41 |       providers: [
      42 |         DriversService,
      43 |         { provide: AuditService, useValue: { logEvent: jest.fn() } },

      at TestingInjector.lookupComponentInParentModules (../../../node_modules/@nestjs/core/injector/injector.js:300:19)
      at TestingInjector.resolveComponentWrapper (../../../node_modules/@nestjs/testing/testing-injector.js:19:45)
      at resolveParam (../../../node_modules/@nestjs/core/injector/injector.js:150:38)
          at async Promise.all (index 4)
      at TestingInjector.resolveConstructorParams (../../../node_modules/@nestjs/core/injector/injector.js:179:27)
      at TestingInjector.loadInstance (../../../node_modules/@nestjs/core/injector/injector.js:77:13)
      at TestingInjector.loadProvider (../../../node_modules/@nestjs/core/injector/injector.js:111:9)
      at ../../../node_modules/@nestjs/core/injector/instance-loader.js:56:13
          at async Promise.all (index 3)
      at TestingInstanceLoader.createInstancesOfProviders (../../../node_modules/@nestjs/core/injector/instance-loader.js:55:9)
      at ../../../node_modules/@nestjs/core/injector/instance-loader.js:40:13
          at async Promise.all (index 1)
      at TestingInstanceLoader.createInstances (../../../node_modules/@nestjs/core/injector/instance-loader.js:39:9)
      at TestingInstanceLoader.createInstancesOfDependencies (../../../node_modules/@nestjs/core/injector/instance-loader.js:22:13)
      at TestingInstanceLoader.createInstancesOfDependencies (../../../node_modules/@nestjs/testing/testing-instance-loader.js:9:9)
      at TestingModuleBuilder.createInstancesOfDependencies (../../../node_modules/@nestjs/testing/testing-module.builder.js:119:9)
      at TestingModuleBuilder.compile (../../../node_modules/@nestjs/testing/testing-module.builder.js:74:9)
      at Object.<anonymous> (drivers/drivers.service.spec.ts:40:35)

  ● DriversService › create › should create a driver with licenseExpiry converted to Date

    Nest can't resolve dependencies of the DriversService (AuditService, PrismaService, WorkflowService, EventEmitter, ?). Please make sure that the argument EventStoreService at index [4] is available in the RootTestModule module.

    Potential solutions:
    - Is RootTestModule a valid NestJS module?
    - If EventStoreService is a provider, is it part of the current RootTestModule?
    - If EventStoreService is exported from a separate @Module, is that module imported within RootTestModule?
      @Module({
        imports: [ /* the Module containing EventStoreService */ ]
      })

    For more common dependency resolution issues, see: https://docs.nestjs.com/faq/common-errors

      38 |     };
      39 |
    > 40 |     const module: TestingModule = await Test.createTestingModule({
         |                                   ^
      41 |       providers: [
      42 |         DriversService,
      43 |         { provide: AuditService, useValue: { logEvent: jest.fn() } },

      at TestingInjector.lookupComponentInParentModules (../../../node_modules/@nestjs/core/injector/injector.js:300:19)
      at TestingInjector.resolveComponentWrapper (../../../node_modules/@nestjs/testing/testing-injector.js:19:45)
      at resolveParam (../../../node_modules/@nestjs/core/injector/injector.js:150:38)
          at async Promise.all (index 4)
      at TestingInjector.resolveConstructorParams (../../../node_modules/@nestjs/core/injector/injector.js:179:27)
      at TestingInjector.loadInstance (../../../node_modules/@nestjs/core/injector/injector.js:77:13)
      at TestingInjector.loadProvider (../../../node_modules/@nestjs/core/injector/injector.js:111:9)
      at ../../../node_modules/@nestjs/core/injector/instance-loader.js:56:13
          at async Promise.all (index 3)
      at TestingInstanceLoader.createInstancesOfProviders (../../../node_modules/@nestjs/core/injector/instance-loader.js:55:9)
      at ../../../node_modules/@nestjs/core/injector/instance-loader.js:40:13
          at async Promise.all (index 1)
      at TestingInstanceLoader.createInstances (../../../node_modules/@nestjs/core/injector/instance-loader.js:39:9)
      at TestingInstanceLoader.createInstancesOfDependencies (../../../node_modules/@nestjs/core/injector/instance-loader.js:22:13)
      at TestingInstanceLoader.createInstancesOfDependencies (../../../node_modules/@nestjs/testing/testing-instance-loader.js:9:9)
      at TestingModuleBuilder.createInstancesOfDependencies (../../../node_modules/@nestjs/testing/testing-module.builder.js:119:9)
      at TestingModuleBuilder.compile (../../../node_modules/@nestjs/testing/testing-module.builder.js:74:9)
      at Object.<anonymous> (drivers/drivers.service.spec.ts:40:35)

  ● DriversService › create › should create a driver without licenseExpiry

    Nest can't resolve dependencies of the DriversService (AuditService, PrismaService, WorkflowService, EventEmitter, ?). Please make sure that the argument EventStoreService at index [4] is available in the RootTestModule module.

    Potential solutions:
    - Is RootTestModule a valid NestJS module?
    - If EventStoreService is a provider, is it part of the current RootTestModule?
    - If EventStoreService is exported from a separate @Module, is that module imported within RootTestModule?
      @Module({
        imports: [ /* the Module containing EventStoreService */ ]
      })

    For more common dependency resolution issues, see: https://docs.nestjs.com/faq/common-errors

      38 |     };
      39 |
    > 40 |     const module: TestingModule = await Test.createTestingModule({
         |                                   ^
      41 |       providers: [
      42 |         DriversService,
      43 |         { provide: AuditService, useValue: { logEvent: jest.fn() } },

      at TestingInjector.lookupComponentInParentModules (../../../node_modules/@nestjs/core/injector/injector.js:300:19)
      at TestingInjector.resolveComponentWrapper (../../../node_modules/@nestjs/testing/testing-injector.js:19:45)
      at resolveParam (../../../node_modules/@nestjs/core/injector/injector.js:150:38)
          at async Promise.all (index 4)
      at TestingInjector.resolveConstructorParams (../../../node_modules/@nestjs/core/injector/injector.js:179:27)
      at TestingInjector.loadInstance (../../../node_modules/@nestjs/core/injector/injector.js:77:13)
      at TestingInjector.loadProvider (../../../node_modules/@nestjs/core/injector/injector.js:111:9)
      at ../../../node_modules/@nestjs/core/injector/instance-loader.js:56:13
          at async Promise.all (index 3)
      at TestingInstanceLoader.createInstancesOfProviders (../../../node_modules/@nestjs/core/injector/instance-loader.js:55:9)
      at ../../../node_modules/@nestjs/core/injector/instance-loader.js:40:13
          at async Promise.all (index 1)
      at TestingInstanceLoader.createInstances (../../../node_modules/@nestjs/core/injector/instance-loader.js:39:9)
      at TestingInstanceLoader.createInstancesOfDependencies (../../../node_modules/@nestjs/core/injector/instance-loader.js:22:13)
      at TestingInstanceLoader.createInstancesOfDependencies (../../../node_modules/@nestjs/testing/testing-instance-loader.js:9:9)
      at TestingModuleBuilder.createInstancesOfDependencies (../../../node_modules/@nestjs/testing/testing-module.builder.js:119:9)
      at TestingModuleBuilder.compile (../../../node_modules/@nestjs/testing/testing-module.builder.js:74:9)
      at Object.<anonymous> (drivers/drivers.service.spec.ts:40:35)

  ● DriversService › findAll › should return paginated drivers

    Nest can't resolve dependencies of the DriversService (AuditService, PrismaService, WorkflowService, EventEmitter, ?). Please make sure that the argument EventStoreService at index [4] is available in the RootTestModule module.

    Potential solutions:
    - Is RootTestModule a valid NestJS module?
    - If EventStoreService is a provider, is it part of the current RootTestModule?
    - If EventStoreService is exported from a separate @Module, is that module imported within RootTestModule?
      @Module({
        imports: [ /* the Module containing EventStoreService */ ]
      })

    For more common dependency resolution issues, see: https://docs.nestjs.com/faq/common-errors

      38 |     };
      39 |
    > 40 |     const module: TestingModule = await Test.createTestingModule({
         |                                   ^
      41 |       providers: [
      42 |         DriversService,
      43 |         { provide: AuditService, useValue: { logEvent: jest.fn() } },

      at TestingInjector.lookupComponentInParentModules (../../../node_modules/@nestjs/core/injector/injector.js:300:19)
      at TestingInjector.resolveComponentWrapper (../../../node_modules/@nestjs/testing/testing-injector.js:19:45)
      at resolveParam (../../../node_modules/@nestjs/core/injector/injector.js:150:38)
          at async Promise.all (index 4)
      at TestingInjector.resolveConstructorParams (../../../node_modules/@nestjs/core/injector/injector.js:179:27)
      at TestingInjector.loadInstance (../../../node_modules/@nestjs/core/injector/injector.js:77:13)
      at TestingInjector.loadProvider (../../../node_modules/@nestjs/core/injector/injector.js:111:9)
      at ../../../node_modules/@nestjs/core/injector/instance-loader.js:56:13
          at async Promise.all (index 3)
      at TestingInstanceLoader.createInstancesOfProviders (../../../node_modules/@nestjs/core/injector/instance-loader.js:55:9)
      at ../../../node_modules/@nestjs/core/injector/instance-loader.js:40:13
          at async Promise.all (index 1)
      at TestingInstanceLoader.createInstances (../../../node_modules/@nestjs/core/injector/instance-loader.js:39:9)
      at TestingInstanceLoader.createInstancesOfDependencies (../../../node_modules/@nestjs/core/injector/instance-loader.js:22:13)
      at TestingInstanceLoader.createInstancesOfDependencies (../../../node_modules/@nestjs/testing/testing-instance-loader.js:9:9)
      at TestingModuleBuilder.createInstancesOfDependencies (../../../node_modules/@nestjs/testing/testing-module.builder.js:119:9)
      at TestingModuleBuilder.compile (../../../node_modules/@nestjs/testing/testing-module.builder.js:74:9)
      at Object.<anonymous> (drivers/drivers.service.spec.ts:40:35)

  ● DriversService › findAll › should filter by status when provided

    Nest can't resolve dependencies of the DriversService (AuditService, PrismaService, WorkflowService, EventEmitter, ?). Please make sure that the argument EventStoreService at index [4] is available in the RootTestModule module.

    Potential solutions:
    - Is RootTestModule a valid NestJS module?
    - If EventStoreService is a provider, is it part of the current RootTestModule?
    - If EventStoreService is exported from a separate @Module, is that module imported within RootTestModule?
      @Module({
        imports: [ /* the Module containing EventStoreService */ ]
      })

    For more common dependency resolution issues, see: https://docs.nestjs.com/faq/common-errors

      38 |     };
      39 |
    > 40 |     const module: TestingModule = await Test.createTestingModule({
         |                                   ^
      41 |       providers: [
      42 |         DriversService,
      43 |         { provide: AuditService, useValue: { logEvent: jest.fn() } },

      at TestingInjector.lookupComponentInParentModules (../../../node_modules/@nestjs/core/injector/injector.js:300:19)
      at TestingInjector.resolveComponentWrapper (../../../node_modules/@nestjs/testing/testing-injector.js:19:45)
      at resolveParam (../../../node_modules/@nestjs/core/injector/injector.js:150:38)
          at async Promise.all (index 4)
      at TestingInjector.resolveConstructorParams (../../../node_modules/@nestjs/core/injector/injector.js:179:27)
      at TestingInjector.loadInstance (../../../node_modules/@nestjs/core/injector/injector.js:77:13)
      at TestingInjector.loadProvider (../../../node_modules/@nestjs/core/injector/injector.js:111:9)
      at ../../../node_modules/@nestjs/core/injector/instance-loader.js:56:13
          at async Promise.all (index 3)
      at TestingInstanceLoader.createInstancesOfProviders (../../../node_modules/@nestjs/core/injector/instance-loader.js:55:9)
      at ../../../node_modules/@nestjs/core/injector/instance-loader.js:40:13
          at async Promise.all (index 1)
      at TestingInstanceLoader.createInstances (../../../node_modules/@nestjs/core/injector/instance-loader.js:39:9)
      at TestingInstanceLoader.createInstancesOfDependencies (../../../node_modules/@nestjs/core/injector/instance-loader.js:22:13)
      at TestingInstanceLoader.createInstancesOfDependencies (../../../node_modules/@nestjs/testing/testing-instance-loader.js:9:9)
      at TestingModuleBuilder.createInstancesOfDependencies (../../../node_modules/@nestjs/testing/testing-module.builder.js:119:9)
      at TestingModuleBuilder.compile (../../../node_modules/@nestjs/testing/testing-module.builder.js:74:9)
      at Object.<anonymous> (drivers/drivers.service.spec.ts:40:35)

  ● DriversService › findAll › should apply search filter when provided

    Nest can't resolve dependencies of the DriversService (AuditService, PrismaService, WorkflowService, EventEmitter, ?). Please make sure that the argument EventStoreService at index [4] is available in the RootTestModule module.

    Potential solutions:
    - Is RootTestModule a valid NestJS module?
    - If EventStoreService is a provider, is it part of the current RootTestModule?
    - If EventStoreService is exported from a separate @Module, is that module imported within RootTestModule?
      @Module({
        imports: [ /* the Module containing EventStoreService */ ]
      })

    For more common dependency resolution issues, see: https://docs.nestjs.com/faq/common-errors

      38 |     };
      39 |
    > 40 |     const module: TestingModule = await Test.createTestingModule({
         |                                   ^
      41 |       providers: [
      42 |         DriversService,
      43 |         { provide: AuditService, useValue: { logEvent: jest.fn() } },

      at TestingInjector.lookupComponentInParentModules (../../../node_modules/@nestjs/core/injector/injector.js:300:19)
      at TestingInjector.resolveComponentWrapper (../../../node_modules/@nestjs/testing/testing-injector.js:19:45)
      at resolveParam (../../../node_modules/@nestjs/core/injector/injector.js:150:38)
          at async Promise.all (index 4)
      at TestingInjector.resolveConstructorParams (../../../node_modules/@nestjs/core/injector/injector.js:179:27)
      at TestingInjector.loadInstance (../../../node_modules/@nestjs/core/injector/injector.js:77:13)
      at TestingInjector.loadProvider (../../../node_modules/@nestjs/core/injector/injector.js:111:9)
      at ../../../node_modules/@nestjs/core/injector/instance-loader.js:56:13
          at async Promise.all (index 3)
      at TestingInstanceLoader.createInstancesOfProviders (../../../node_modules/@nestjs/core/injector/instance-loader.js:55:9)
      at ../../../node_modules/@nestjs/core/injector/instance-loader.js:40:13
          at async Promise.all (index 1)
      at TestingInstanceLoader.createInstances (../../../node_modules/@nestjs/core/injector/instance-loader.js:39:9)
      at TestingInstanceLoader.createInstancesOfDependencies (../../../node_modules/@nestjs/core/injector/instance-loader.js:22:13)
      at TestingInstanceLoader.createInstancesOfDependencies (../../../node_modules/@nestjs/testing/testing-instance-loader.js:9:9)
      at TestingModuleBuilder.createInstancesOfDependencies (../../../node_modules/@nestjs/testing/testing-module.builder.js:119:9)
      at TestingModuleBuilder.compile (../../../node_modules/@nestjs/testing/testing-module.builder.js:74:9)
      at Object.<anonymous> (drivers/drivers.service.spec.ts:40:35)

  ● DriversService › findOne › should return a driver if found

    Nest can't resolve dependencies of the DriversService (AuditService, PrismaService, WorkflowService, EventEmitter, ?). Please make sure that the argument EventStoreService at index [4] is available in the RootTestModule module.

    Potential solutions:
    - Is RootTestModule a valid NestJS module?
    - If EventStoreService is a provider, is it part of the current RootTestModule?
    - If EventStoreService is exported from a separate @Module, is that module imported within RootTestModule?
      @Module({
        imports: [ /* the Module containing EventStoreService */ ]
      })

    For more common dependency resolution issues, see: https://docs.nestjs.com/faq/common-errors

      38 |     };
      39 |
    > 40 |     const module: TestingModule = await Test.createTestingModule({
         |                                   ^
      41 |       providers: [
      42 |         DriversService,
      43 |         { provide: AuditService, useValue: { logEvent: jest.fn() } },

      at TestingInjector.lookupComponentInParentModules (../../../node_modules/@nestjs/core/injector/injector.js:300:19)
      at TestingInjector.resolveComponentWrapper (../../../node_modules/@nestjs/testing/testing-injector.js:19:45)
      at resolveParam (../../../node_modules/@nestjs/core/injector/injector.js:150:38)
          at async Promise.all (index 4)
      at TestingInjector.resolveConstructorParams (../../../node_modules/@nestjs/core/injector/injector.js:179:27)
      at TestingInjector.loadInstance (../../../node_modules/@nestjs/core/injector/injector.js:77:13)
      at TestingInjector.loadProvider (../../../node_modules/@nestjs/core/injector/injector.js:111:9)
      at ../../../node_modules/@nestjs/core/injector/instance-loader.js:56:13
          at async Promise.all (index 3)
      at TestingInstanceLoader.createInstancesOfProviders (../../../node_modules/@nestjs/core/injector/instance-loader.js:55:9)
      at ../../../node_modules/@nestjs/core/injector/instance-loader.js:40:13
          at async Promise.all (index 1)
      at TestingInstanceLoader.createInstances (../../../node_modules/@nestjs/core/injector/instance-loader.js:39:9)
      at TestingInstanceLoader.createInstancesOfDependencies (../../../node_modules/@nestjs/core/injector/instance-loader.js:22:13)
      at TestingInstanceLoader.createInstancesOfDependencies (../../../node_modules/@nestjs/testing/testing-instance-loader.js:9:9)
      at TestingModuleBuilder.createInstancesOfDependencies (../../../node_modules/@nestjs/testing/testing-module.builder.js:119:9)
      at TestingModuleBuilder.compile (../../../node_modules/@nestjs/testing/testing-module.builder.js:74:9)
      at Object.<anonymous> (drivers/drivers.service.spec.ts:40:35)

  ● DriversService › findOne › should throw NotFoundException if driver not found

    Nest can't resolve dependencies of the DriversService (AuditService, PrismaService, WorkflowService, EventEmitter, ?). Please make sure that the argument EventStoreService at index [4] is available in the RootTestModule module.

    Potential solutions:
    - Is RootTestModule a valid NestJS module?
    - If EventStoreService is a provider, is it part of the current RootTestModule?
    - If EventStoreService is exported from a separate @Module, is that module imported within RootTestModule?
      @Module({
        imports: [ /* the Module containing EventStoreService */ ]
      })

    For more common dependency resolution issues, see: https://docs.nestjs.com/faq/common-errors

      38 |     };
      39 |
    > 40 |     const module: TestingModule = await Test.createTestingModule({
         |                                   ^
      41 |       providers: [
      42 |         DriversService,
      43 |         { provide: AuditService, useValue: { logEvent: jest.fn() } },

      at TestingInjector.lookupComponentInParentModules (../../../node_modules/@nestjs/core/injector/injector.js:300:19)
      at TestingInjector.resolveComponentWrapper (../../../node_modules/@nestjs/testing/testing-injector.js:19:45)
      at resolveParam (../../../node_modules/@nestjs/core/injector/injector.js:150:38)
          at async Promise.all (index 4)
      at TestingInjector.resolveConstructorParams (../../../node_modules/@nestjs/core/injector/injector.js:179:27)
      at TestingInjector.loadInstance (../../../node_modules/@nestjs/core/injector/injector.js:77:13)
      at TestingInjector.loadProvider (../../../node_modules/@nestjs/core/injector/injector.js:111:9)
      at ../../../node_modules/@nestjs/core/injector/instance-loader.js:56:13
          at async Promise.all (index 3)
      at TestingInstanceLoader.createInstancesOfProviders (../../../node_modules/@nestjs/core/injector/instance-loader.js:55:9)
      at ../../../node_modules/@nestjs/core/injector/instance-loader.js:40:13
          at async Promise.all (index 1)
      at TestingInstanceLoader.createInstances (../../../node_modules/@nestjs/core/injector/instance-loader.js:39:9)
      at TestingInstanceLoader.createInstancesOfDependencies (../../../node_modules/@nestjs/core/injector/instance-loader.js:22:13)
      at TestingInstanceLoader.createInstancesOfDependencies (../../../node_modules/@nestjs/testing/testing-instance-loader.js:9:9)
      at TestingModuleBuilder.createInstancesOfDependencies (../../../node_modules/@nestjs/testing/testing-module.builder.js:119:9)
      at TestingModuleBuilder.compile (../../../node_modules/@nestjs/testing/testing-module.builder.js:74:9)
      at Object.<anonymous> (drivers/drivers.service.spec.ts:40:35)

  ● DriversService › remove › should soft-delete driver and set status to TERMINATED

    Nest can't resolve dependencies of the DriversService (AuditService, PrismaService, WorkflowService, EventEmitter, ?). Please make sure that the argument EventStoreService at index [4] is available in the RootTestModule module.

    Potential solutions:
    - Is RootTestModule a valid NestJS module?
    - If EventStoreService is a provider, is it part of the current RootTestModule?
    - If EventStoreService is exported from a separate @Module, is that module imported within RootTestModule?
      @Module({
        imports: [ /* the Module containing EventStoreService */ ]
      })

    For more common dependency resolution issues, see: https://docs.nestjs.com/faq/common-errors

      38 |     };
      39 |
    > 40 |     const module: TestingModule = await Test.createTestingModule({
         |                                   ^
      41 |       providers: [
      42 |         DriversService,
      43 |         { provide: AuditService, useValue: { logEvent: jest.fn() } },

      at TestingInjector.lookupComponentInParentModules (../../../node_modules/@nestjs/core/injector/injector.js:300:19)
      at TestingInjector.resolveComponentWrapper (../../../node_modules/@nestjs/testing/testing-injector.js:19:45)
      at resolveParam (../../../node_modules/@nestjs/core/injector/injector.js:150:38)
          at async Promise.all (index 4)
      at TestingInjector.resolveConstructorParams (../../../node_modules/@nestjs/core/injector/injector.js:179:27)
      at TestingInjector.loadInstance (../../../node_modules/@nestjs/core/injector/injector.js:77:13)
      at TestingInjector.loadProvider (../../../node_modules/@nestjs/core/injector/injector.js:111:9)
      at ../../../node_modules/@nestjs/core/injector/instance-loader.js:56:13
          at async Promise.all (index 3)
      at TestingInstanceLoader.createInstancesOfProviders (../../../node_modules/@nestjs/core/injector/instance-loader.js:55:9)
      at ../../../node_modules/@nestjs/core/injector/instance-loader.js:40:13
          at async Promise.all (index 1)
      at TestingInstanceLoader.createInstances (../../../node_modules/@nestjs/core/injector/instance-loader.js:39:9)
      at TestingInstanceLoader.createInstancesOfDependencies (../../../node_modules/@nestjs/core/injector/instance-loader.js:22:13)
      at TestingInstanceLoader.createInstancesOfDependencies (../../../node_modules/@nestjs/testing/testing-instance-loader.js:9:9)
      at TestingModuleBuilder.createInstancesOfDependencies (../../../node_modules/@nestjs/testing/testing-module.builder.js:119:9)
      at TestingModuleBuilder.compile (../../../node_modules/@nestjs/testing/testing-module.builder.js:74:9)
      at Object.<anonymous> (drivers/drivers.service.spec.ts:40:35)

  ● DriversService › remove › should throw NotFoundException if driver not found

    Nest can't resolve dependencies of the DriversService (AuditService, PrismaService, WorkflowService, EventEmitter, ?). Please make sure that the argument EventStoreService at index [4] is available in the RootTestModule module.

    Potential solutions:
    - Is RootTestModule a valid NestJS module?
    - If EventStoreService is a provider, is it part of the current RootTestModule?
    - If EventStoreService is exported from a separate @Module, is that module imported within RootTestModule?
      @Module({
        imports: [ /* the Module containing EventStoreService */ ]
      })

    For more common dependency resolution issues, see: https://docs.nestjs.com/faq/common-errors

      38 |     };
      39 |
    > 40 |     const module: TestingModule = await Test.createTestingModule({
         |                                   ^
      41 |       providers: [
      42 |         DriversService,
      43 |         { provide: AuditService, useValue: { logEvent: jest.fn() } },

      at TestingInjector.lookupComponentInParentModules (../../../node_modules/@nestjs/core/injector/injector.js:300:19)
      at TestingInjector.resolveComponentWrapper (../../../node_modules/@nestjs/testing/testing-injector.js:19:45)
      at resolveParam (../../../node_modules/@nestjs/core/injector/injector.js:150:38)
          at async Promise.all (index 4)
      at TestingInjector.resolveConstructorParams (../../../node_modules/@nestjs/core/injector/injector.js:179:27)
      at TestingInjector.loadInstance (../../../node_modules/@nestjs/core/injector/injector.js:77:13)
      at TestingInjector.loadProvider (../../../node_modules/@nestjs/core/injector/injector.js:111:9)
      at ../../../node_modules/@nestjs/core/injector/instance-loader.js:56:13
          at async Promise.all (index 3)
      at TestingInstanceLoader.createInstancesOfProviders (../../../node_modules/@nestjs/core/injector/instance-loader.js:55:9)
      at ../../../node_modules/@nestjs/core/injector/instance-loader.js:40:13
          at async Promise.all (index 1)
      at TestingInstanceLoader.createInstances (../../../node_modules/@nestjs/core/injector/instance-loader.js:39:9)
      at TestingInstanceLoader.createInstancesOfDependencies (../../../node_modules/@nestjs/core/injector/instance-loader.js:22:13)
      at TestingInstanceLoader.createInstancesOfDependencies (../../../node_modules/@nestjs/testing/testing-instance-loader.js:9:9)
      at TestingModuleBuilder.createInstancesOfDependencies (../../../node_modules/@nestjs/testing/testing-module.builder.js:119:9)
      at TestingModuleBuilder.compile (../../../node_modules/@nestjs/testing/testing-module.builder.js:74:9)
      at Object.<anonymous> (drivers/drivers.service.spec.ts:40:35)

  ● DriversService › update › should update a driver

    Nest can't resolve dependencies of the DriversService (AuditService, PrismaService, WorkflowService, EventEmitter, ?). Please make sure that the argument EventStoreService at index [4] is available in the RootTestModule module.

    Potential solutions:
    - Is RootTestModule a valid NestJS module?
    - If EventStoreService is a provider, is it part of the current RootTestModule?
    - If EventStoreService is exported from a separate @Module, is that module imported within RootTestModule?
      @Module({
        imports: [ /* the Module containing EventStoreService */ ]
      })

    For more common dependency resolution issues, see: https://docs.nestjs.com/faq/common-errors

      38 |     };
      39 |
    > 40 |     const module: TestingModule = await Test.createTestingModule({
         |                                   ^
      41 |       providers: [
      42 |         DriversService,
      43 |         { provide: AuditService, useValue: { logEvent: jest.fn() } },

      at TestingInjector.lookupComponentInParentModules (../../../node_modules/@nestjs/core/injector/injector.js:300:19)
      at TestingInjector.resolveComponentWrapper (../../../node_modules/@nestjs/testing/testing-injector.js:19:45)
      at resolveParam (../../../node_modules/@nestjs/core/injector/injector.js:150:38)
          at async Promise.all (index 4)
      at TestingInjector.resolveConstructorParams (../../../node_modules/@nestjs/core/injector/injector.js:179:27)
      at TestingInjector.loadInstance (../../../node_modules/@nestjs/core/injector/injector.js:77:13)
      at TestingInjector.loadProvider (../../../node_modules/@nestjs/core/injector/injector.js:111:9)
      at ../../../node_modules/@nestjs/core/injector/instance-loader.js:56:13
          at async Promise.all (index 3)
      at TestingInstanceLoader.createInstancesOfProviders (../../../node_modules/@nestjs/core/injector/instance-loader.js:55:9)
      at ../../../node_modules/@nestjs/core/injector/instance-loader.js:40:13
          at async Promise.all (index 1)
      at TestingInstanceLoader.createInstances (../../../node_modules/@nestjs/core/injector/instance-loader.js:39:9)
      at TestingInstanceLoader.createInstancesOfDependencies (../../../node_modules/@nestjs/core/injector/instance-loader.js:22:13)
      at TestingInstanceLoader.createInstancesOfDependencies (../../../node_modules/@nestjs/testing/testing-instance-loader.js:9:9)
      at TestingModuleBuilder.createInstancesOfDependencies (../../../node_modules/@nestjs/testing/testing-module.builder.js:119:9)
      at TestingModuleBuilder.compile (../../../node_modules/@nestjs/testing/testing-module.builder.js:74:9)
      at Object.<anonymous> (drivers/drivers.service.spec.ts:40:35)

  ● DriversService › update › should throw NotFoundException if driver not found

    Nest can't resolve dependencies of the DriversService (AuditService, PrismaService, WorkflowService, EventEmitter, ?). Please make sure that the argument EventStoreService at index [4] is available in the RootTestModule module.

    Potential solutions:
    - Is RootTestModule a valid NestJS module?
    - If EventStoreService is a provider, is it part of the current RootTestModule?
    - If EventStoreService is exported from a separate @Module, is that module imported within RootTestModule?
      @Module({
        imports: [ /* the Module containing EventStoreService */ ]
      })

    For more common dependency resolution issues, see: https://docs.nestjs.com/faq/common-errors

      38 |     };
      39 |
    > 40 |     const module: TestingModule = await Test.createTestingModule({
         |                                   ^
      41 |       providers: [
      42 |         DriversService,
      43 |         { provide: AuditService, useValue: { logEvent: jest.fn() } },

      at TestingInjector.lookupComponentInParentModules (../../../node_modules/@nestjs/core/injector/injector.js:300:19)
      at TestingInjector.resolveComponentWrapper (../../../node_modules/@nestjs/testing/testing-injector.js:19:45)
      at resolveParam (../../../node_modules/@nestjs/core/injector/injector.js:150:38)
          at async Promise.all (index 4)
      at TestingInjector.resolveConstructorParams (../../../node_modules/@nestjs/core/injector/injector.js:179:27)
      at TestingInjector.loadInstance (../../../node_modules/@nestjs/core/injector/injector.js:77:13)
      at TestingInjector.loadProvider (../../../node_modules/@nestjs/core/injector/injector.js:111:9)
      at ../../../node_modules/@nestjs/core/injector/instance-loader.js:56:13
          at async Promise.all (index 3)
      at TestingInstanceLoader.createInstancesOfProviders (../../../node_modules/@nestjs/core/injector/instance-loader.js:55:9)
      at ../../../node_modules/@nestjs/core/injector/instance-loader.js:40:13
          at async Promise.all (index 1)
      at TestingInstanceLoader.createInstances (../../../node_modules/@nestjs/core/injector/instance-loader.js:39:9)
      at TestingInstanceLoader.createInstancesOfDependencies (../../../node_modules/@nestjs/core/injector/instance-loader.js:22:13)
      at TestingInstanceLoader.createInstancesOfDependencies (../../../node_modules/@nestjs/testing/testing-instance-loader.js:9:9)
      at TestingModuleBuilder.createInstancesOfDependencies (../../../node_modules/@nestjs/testing/testing-module.builder.js:119:9)
      at TestingModuleBuilder.compile (../../../node_modules/@nestjs/testing/testing-module.builder.js:74:9)
      at Object.<anonymous> (drivers/drivers.service.spec.ts:40:35)

FAIL src/admin/enterprise-admin.service.spec.ts
  ● Enterprise Administration Platform Services › LicenseAdminService › should get license overview with seat utilization

    TypeError: Cannot read properties of undefined (reading 'count')

      61 |       ),
      62 |       this.prisma.runAsSystem(async (tx) =>
    > 63 |         tx.vehicle.count({ where: { companyId } }),
         |                    ^
      64 |       ),
      65 |       this.prisma.runAsSystem(async (tx) =>
      66 |         tx.driver.count({ where: { companyId } }),

      at admin/services/license-admin.service.ts:63:20
      at Object.<anonymous> (admin/enterprise-admin.service.spec.ts:35:47)
      at LicenseAdminService.getLicenseOverview (admin/services/license-admin.service.ts:62:19)
      at Object.<anonymous> (admin/enterprise-admin.service.spec.ts:408:45)

FAIL src/trips/trips.service.spec.ts
  ● TripsService › should be defined

    Nest can't resolve dependencies of the TripsService (AuditService, PrismaService, EventEmitter, WorkflowService, ?). Please make sure that the argument EventStoreService at index [4] is available in the RootTestModule module.

    Potential solutions:
    - Is RootTestModule a valid NestJS module?
    - If EventStoreService is a provider, is it part of the current RootTestModule?
    - If EventStoreService is exported from a separate @Module, is that module imported within RootTestModule?
      @Module({
        imports: [ /* the Module containing EventStoreService */ ]
      })

    For more common dependency resolution issues, see: https://docs.nestjs.com/faq/common-errors

      40 |     };
      41 |
    > 42 |     const module: TestingModule = await Test.createTestingModule({
         |                                   ^
      43 |       providers: [
      44 |         TripsService,
      45 |         { provide: AuditService, useValue: { logEvent: jest.fn() } },

      at TestingInjector.lookupComponentInParentModules (../../../node_modules/@nestjs/core/injector/injector.js:300:19)
      at TestingInjector.resolveComponentWrapper (../../../node_modules/@nestjs/testing/testing-injector.js:19:45)
      at resolveParam (../../../node_modules/@nestjs/core/injector/injector.js:150:38)
          at async Promise.all (index 4)
      at TestingInjector.resolveConstructorParams (../../../node_modules/@nestjs/core/injector/injector.js:179:27)
      at TestingInjector.loadInstance (../../../node_modules/@nestjs/core/injector/injector.js:77:13)
      at TestingInjector.loadProvider (../../../node_modules/@nestjs/core/injector/injector.js:111:9)
      at ../../../node_modules/@nestjs/core/injector/instance-loader.js:56:13
          at async Promise.all (index 3)
      at TestingInstanceLoader.createInstancesOfProviders (../../../node_modules/@nestjs/core/injector/instance-loader.js:55:9)
      at ../../../node_modules/@nestjs/core/injector/instance-loader.js:40:13
          at async Promise.all (index 1)
      at TestingInstanceLoader.createInstances (../../../node_modules/@nestjs/core/injector/instance-loader.js:39:9)
      at TestingInstanceLoader.createInstancesOfDependencies (../../../node_modules/@nestjs/core/injector/instance-loader.js:22:13)
      at TestingInstanceLoader.createInstancesOfDependencies (../../../node_modules/@nestjs/testing/testing-instance-loader.js:9:9)
      at TestingModuleBuilder.createInstancesOfDependencies (../../../node_modules/@nestjs/testing/testing-module.builder.js:119:9)
      at TestingModuleBuilder.compile (../../../node_modules/@nestjs/testing/testing-module.builder.js:74:9)
      at Object.<anonymous> (trips/trips.service.spec.ts:42:35)

  ● TripsService › create › should auto-generate a tripNumber if not provided

    Nest can't resolve dependencies of the TripsService (AuditService, PrismaService, EventEmitter, WorkflowService, ?). Please make sure that the argument EventStoreService at index [4] is available in the RootTestModule module.

    Potential solutions:
    - Is RootTestModule a valid NestJS module?
    - If EventStoreService is a provider, is it part of the current RootTestModule?
    - If EventStoreService is exported from a separate @Module, is that module imported within RootTestModule?
      @Module({
        imports: [ /* the Module containing EventStoreService */ ]
      })

    For more common dependency resolution issues, see: https://docs.nestjs.com/faq/common-errors

      40 |     };
      41 |
    > 42 |     const module: TestingModule = await Test.createTestingModule({
         |                                   ^
      43 |       providers: [
      44 |         TripsService,
      45 |         { provide: AuditService, useValue: { logEvent: jest.fn() } },

      at TestingInjector.lookupComponentInParentModules (../../../node_modules/@nestjs/core/injector/injector.js:300:19)
      at TestingInjector.resolveComponentWrapper (../../../node_modules/@nestjs/testing/testing-injector.js:19:45)
      at resolveParam (../../../node_modules/@nestjs/core/injector/injector.js:150:38)
          at async Promise.all (index 4)
      at TestingInjector.resolveConstructorParams (../../../node_modules/@nestjs/core/injector/injector.js:179:27)
      at TestingInjector.loadInstance (../../../node_modules/@nestjs/core/injector/injector.js:77:13)
      at TestingInjector.loadProvider (../../../node_modules/@nestjs/core/injector/injector.js:111:9)
      at ../../../node_modules/@nestjs/core/injector/instance-loader.js:56:13
          at async Promise.all (index 3)
      at TestingInstanceLoader.createInstancesOfProviders (../../../node_modules/@nestjs/core/injector/instance-loader.js:55:9)
      at ../../../node_modules/@nestjs/core/injector/instance-loader.js:40:13
          at async Promise.all (index 1)
      at TestingInstanceLoader.createInstances (../../../node_modules/@nestjs/core/injector/instance-loader.js:39:9)
      at TestingInstanceLoader.createInstancesOfDependencies (../../../node_modules/@nestjs/core/injector/instance-loader.js:22:13)
      at TestingInstanceLoader.createInstancesOfDependencies (../../../node_modules/@nestjs/testing/testing-instance-loader.js:9:9)
      at TestingModuleBuilder.createInstancesOfDependencies (../../../node_modules/@nestjs/testing/testing-module.builder.js:119:9)
      at TestingModuleBuilder.compile (../../../node_modules/@nestjs/testing/testing-module.builder.js:74:9)
      at Object.<anonymous> (trips/trips.service.spec.ts:42:35)

  ● TripsService › create › should use provided tripNumber if given

    Nest can't resolve dependencies of the TripsService (AuditService, PrismaService, EventEmitter, WorkflowService, ?). Please make sure that the argument EventStoreService at index [4] is available in the RootTestModule module.

    Potential solutions:
    - Is RootTestModule a valid NestJS module?
    - If EventStoreService is a provider, is it part of the current RootTestModule?
    - If EventStoreService is exported from a separate @Module, is that module imported within RootTestModule?
      @Module({
        imports: [ /* the Module containing EventStoreService */ ]
      })

    For more common dependency resolution issues, see: https://docs.nestjs.com/faq/common-errors

      40 |     };
      41 |
    > 42 |     const module: TestingModule = await Test.createTestingModule({
         |                                   ^
      43 |       providers: [
      44 |         TripsService,
      45 |         { provide: AuditService, useValue: { logEvent: jest.fn() } },

      at TestingInjector.lookupComponentInParentModules (../../../node_modules/@nestjs/core/injector/injector.js:300:19)
      at TestingInjector.resolveComponentWrapper (../../../node_modules/@nestjs/testing/testing-injector.js:19:45)
      at resolveParam (../../../node_modules/@nestjs/core/injector/injector.js:150:38)
          at async Promise.all (index 4)
      at TestingInjector.resolveConstructorParams (../../../node_modules/@nestjs/core/injector/injector.js:179:27)
      at TestingInjector.loadInstance (../../../node_modules/@nestjs/core/injector/injector.js:77:13)
      at TestingInjector.loadProvider (../../../node_modules/@nestjs/core/injector/injector.js:111:9)
      at ../../../node_modules/@nestjs/core/injector/instance-loader.js:56:13
          at async Promise.all (index 3)
      at TestingInstanceLoader.createInstancesOfProviders (../../../node_modules/@nestjs/core/injector/instance-loader.js:55:9)
      at ../../../node_modules/@nestjs/core/injector/instance-loader.js:40:13
          at async Promise.all (index 1)
      at TestingInstanceLoader.createInstances (../../../node_modules/@nestjs/core/injector/instance-loader.js:39:9)
      at TestingInstanceLoader.createInstancesOfDependencies (../../../node_modules/@nestjs/core/injector/instance-loader.js:22:13)
      at TestingInstanceLoader.createInstancesOfDependencies (../../../node_modules/@nestjs/testing/testing-instance-loader.js:9:9)
      at TestingModuleBuilder.createInstancesOfDependencies (../../../node_modules/@nestjs/testing/testing-module.builder.js:119:9)
      at TestingModuleBuilder.compile (../../../node_modules/@nestjs/testing/testing-module.builder.js:74:9)
      at Object.<anonymous> (trips/trips.service.spec.ts:42:35)

  ● TripsService › create › should convert date strings to Date objects

    Nest can't resolve dependencies of the TripsService (AuditService, PrismaService, EventEmitter, WorkflowService, ?). Please make sure that the argument EventStoreService at index [4] is available in the RootTestModule module.

    Potential solutions:
    - Is RootTestModule a valid NestJS module?
    - If EventStoreService is a provider, is it part of the current RootTestModule?
    - If EventStoreService is exported from a separate @Module, is that module imported within RootTestModule?
      @Module({
        imports: [ /* the Module containing EventStoreService */ ]
      })

    For more common dependency resolution issues, see: https://docs.nestjs.com/faq/common-errors

      40 |     };
      41 |
    > 42 |     const module: TestingModule = await Test.createTestingModule({
         |                                   ^
      43 |       providers: [
      44 |         TripsService,
      45 |         { provide: AuditService, useValue: { logEvent: jest.fn() } },

      at TestingInjector.lookupComponentInParentModules (../../../node_modules/@nestjs/core/injector/injector.js:300:19)
      at TestingInjector.resolveComponentWrapper (../../../node_modules/@nestjs/testing/testing-injector.js:19:45)
      at resolveParam (../../../node_modules/@nestjs/core/injector/injector.js:150:38)
          at async Promise.all (index 4)
      at TestingInjector.resolveConstructorParams (../../../node_modules/@nestjs/core/injector/injector.js:179:27)
      at TestingInjector.loadInstance (../../../node_modules/@nestjs/core/injector/injector.js:77:13)
      at TestingInjector.loadProvider (../../../node_modules/@nestjs/core/injector/injector.js:111:9)
      at ../../../node_modules/@nestjs/core/injector/instance-loader.js:56:13
          at async Promise.all (index 3)
      at TestingInstanceLoader.createInstancesOfProviders (../../../node_modules/@nestjs/core/injector/instance-loader.js:55:9)
      at ../../../node_modules/@nestjs/core/injector/instance-loader.js:40:13
          at async Promise.all (index 1)
      at TestingInstanceLoader.createInstances (../../../node_modules/@nestjs/core/injector/instance-loader.js:39:9)
      at TestingInstanceLoader.createInstancesOfDependencies (../../../node_modules/@nestjs/core/injector/instance-loader.js:22:13)
      at TestingInstanceLoader.createInstancesOfDependencies (../../../node_modules/@nestjs/testing/testing-instance-loader.js:9:9)
      at TestingModuleBuilder.createInstancesOfDependencies (../../../node_modules/@nestjs/testing/testing-module.builder.js:119:9)
      at TestingModuleBuilder.compile (../../../node_modules/@nestjs/testing/testing-module.builder.js:74:9)
      at Object.<anonymous> (trips/trips.service.spec.ts:42:35)

  ● TripsService › findOne › should return trip if found

    Nest can't resolve dependencies of the TripsService (AuditService, PrismaService, EventEmitter, WorkflowService, ?). Please make sure that the argument EventStoreService at index [4] is available in the RootTestModule module.

    Potential solutions:
    - Is RootTestModule a valid NestJS module?
    - If EventStoreService is a provider, is it part of the current RootTestModule?
    - If EventStoreService is exported from a separate @Module, is that module imported within RootTestModule?
      @Module({
        imports: [ /* the Module containing EventStoreService */ ]
      })

    For more common dependency resolution issues, see: https://docs.nestjs.com/faq/common-errors

      40 |     };
      41 |
    > 42 |     const module: TestingModule = await Test.createTestingModule({
         |                                   ^
      43 |       providers: [
      44 |         TripsService,
      45 |         { provide: AuditService, useValue: { logEvent: jest.fn() } },

      at TestingInjector.lookupComponentInParentModules (../../../node_modules/@nestjs/core/injector/injector.js:300:19)
      at TestingInjector.resolveComponentWrapper (../../../node_modules/@nestjs/testing/testing-injector.js:19:45)
      at resolveParam (../../../node_modules/@nestjs/core/injector/injector.js:150:38)
          at async Promise.all (index 4)
      at TestingInjector.resolveConstructorParams (../../../node_modules/@nestjs/core/injector/injector.js:179:27)
      at TestingInjector.loadInstance (../../../node_modules/@nestjs/core/injector/injector.js:77:13)
      at TestingInjector.loadProvider (../../../node_modules/@nestjs/core/injector/injector.js:111:9)
      at ../../../node_modules/@nestjs/core/injector/instance-loader.js:56:13
          at async Promise.all (index 3)
      at TestingInstanceLoader.createInstancesOfProviders (../../../node_modules/@nestjs/core/injector/instance-loader.js:55:9)
      at ../../../node_modules/@nestjs/core/injector/instance-loader.js:40:13
          at async Promise.all (index 1)
      at TestingInstanceLoader.createInstances (../../../node_modules/@nestjs/core/injector/instance-loader.js:39:9)
      at TestingInstanceLoader.createInstancesOfDependencies (../../../node_modules/@nestjs/core/injector/instance-loader.js:22:13)
      at TestingInstanceLoader.createInstancesOfDependencies (../../../node_modules/@nestjs/testing/testing-instance-loader.js:9:9)
      at TestingModuleBuilder.createInstancesOfDependencies (../../../node_modules/@nestjs/testing/testing-module.builder.js:119:9)
      at TestingModuleBuilder.compile (../../../node_modules/@nestjs/testing/testing-module.builder.js:74:9)
      at Object.<anonymous> (trips/trips.service.spec.ts:42:35)

  ● TripsService › findOne › should throw NotFoundException if trip not found

    Nest can't resolve dependencies of the TripsService (AuditService, PrismaService, EventEmitter, WorkflowService, ?). Please make sure that the argument EventStoreService at index [4] is available in the RootTestModule module.

    Potential solutions:
    - Is RootTestModule a valid NestJS module?
    - If EventStoreService is a provider, is it part of the current RootTestModule?
    - If EventStoreService is exported from a separate @Module, is that module imported within RootTestModule?
      @Module({
        imports: [ /* the Module containing EventStoreService */ ]
      })

    For more common dependency resolution issues, see: https://docs.nestjs.com/faq/common-errors

      40 |     };
      41 |
    > 42 |     const module: TestingModule = await Test.createTestingModule({
         |                                   ^
      43 |       providers: [
      44 |         TripsService,
      45 |         { provide: AuditService, useValue: { logEvent: jest.fn() } },

      at TestingInjector.lookupComponentInParentModules (../../../node_modules/@nestjs/core/injector/injector.js:300:19)
      at TestingInjector.resolveComponentWrapper (../../../node_modules/@nestjs/testing/testing-injector.js:19:45)
      at resolveParam (../../../node_modules/@nestjs/core/injector/injector.js:150:38)
          at async Promise.all (index 4)
      at TestingInjector.resolveConstructorParams (../../../node_modules/@nestjs/core/injector/injector.js:179:27)
      at TestingInjector.loadInstance (../../../node_modules/@nestjs/core/injector/injector.js:77:13)
      at TestingInjector.loadProvider (../../../node_modules/@nestjs/core/injector/injector.js:111:9)
      at ../../../node_modules/@nestjs/core/injector/instance-loader.js:56:13
          at async Promise.all (index 3)
      at TestingInstanceLoader.createInstancesOfProviders (../../../node_modules/@nestjs/core/injector/instance-loader.js:55:9)
      at ../../../node_modules/@nestjs/core/injector/instance-loader.js:40:13
          at async Promise.all (index 1)
      at TestingInstanceLoader.createInstances (../../../node_modules/@nestjs/core/injector/instance-loader.js:39:9)
      at TestingInstanceLoader.createInstancesOfDependencies (../../../node_modules/@nestjs/core/injector/instance-loader.js:22:13)
      at TestingInstanceLoader.createInstancesOfDependencies (../../../node_modules/@nestjs/testing/testing-instance-loader.js:9:9)
      at TestingModuleBuilder.createInstancesOfDependencies (../../../node_modules/@nestjs/testing/testing-module.builder.js:119:9)
      at TestingModuleBuilder.compile (../../../node_modules/@nestjs/testing/testing-module.builder.js:74:9)
      at Object.<anonymous> (trips/trips.service.spec.ts:42:35)

  ● TripsService › assignLoads › should assign loads to a trip and update their status to ASSIGNED

    Nest can't resolve dependencies of the TripsService (AuditService, PrismaService, EventEmitter, WorkflowService, ?). Please make sure that the argument EventStoreService at index [4] is available in the RootTestModule module.

    Potential solutions:
    - Is RootTestModule a valid NestJS module?
    - If EventStoreService is a provider, is it part of the current RootTestModule?
    - If EventStoreService is exported from a separate @Module, is that module imported within RootTestModule?
      @Module({
        imports: [ /* the Module containing EventStoreService */ ]
      })

    For more common dependency resolution issues, see: https://docs.nestjs.com/faq/common-errors

      40 |     };
      41 |
    > 42 |     const module: TestingModule = await Test.createTestingModule({
         |                                   ^
      43 |       providers: [
      44 |         TripsService,
      45 |         { provide: AuditService, useValue: { logEvent: jest.fn() } },

      at TestingInjector.lookupComponentInParentModules (../../../node_modules/@nestjs/core/injector/injector.js:300:19)
      at TestingInjector.resolveComponentWrapper (../../../node_modules/@nestjs/testing/testing-injector.js:19:45)
      at resolveParam (../../../node_modules/@nestjs/core/injector/injector.js:150:38)
          at async Promise.all (index 4)
      at TestingInjector.resolveConstructorParams (../../../node_modules/@nestjs/core/injector/injector.js:179:27)
      at TestingInjector.loadInstance (../../../node_modules/@nestjs/core/injector/injector.js:77:13)
      at TestingInjector.loadProvider (../../../node_modules/@nestjs/core/injector/injector.js:111:9)
      at ../../../node_modules/@nestjs/core/injector/instance-loader.js:56:13
          at async Promise.all (index 3)
      at TestingInstanceLoader.createInstancesOfProviders (../../../node_modules/@nestjs/core/injector/instance-loader.js:55:9)
      at ../../../node_modules/@nestjs/core/injector/instance-loader.js:40:13
          at async Promise.all (index 1)
      at TestingInstanceLoader.createInstances (../../../node_modules/@nestjs/core/injector/instance-loader.js:39:9)
      at TestingInstanceLoader.createInstancesOfDependencies (../../../node_modules/@nestjs/core/injector/instance-loader.js:22:13)
      at TestingInstanceLoader.createInstancesOfDependencies (../../../node_modules/@nestjs/testing/testing-instance-loader.js:9:9)
      at TestingModuleBuilder.createInstancesOfDependencies (../../../node_modules/@nestjs/testing/testing-module.builder.js:119:9)
      at TestingModuleBuilder.compile (../../../node_modules/@nestjs/testing/testing-module.builder.js:74:9)
      at Object.<anonymous> (trips/trips.service.spec.ts:42:35)

  ● TripsService › assignLoads › should throw NotFoundException if trip not found

    Nest can't resolve dependencies of the TripsService (AuditService, PrismaService, EventEmitter, WorkflowService, ?). Please make sure that the argument EventStoreService at index [4] is available in the RootTestModule module.

    Potential solutions:
    - Is RootTestModule a valid NestJS module?
    - If EventStoreService is a provider, is it part of the current RootTestModule?
    - If EventStoreService is exported from a separate @Module, is that module imported within RootTestModule?
      @Module({
        imports: [ /* the Module containing EventStoreService */ ]
      })

    For more common dependency resolution issues, see: https://docs.nestjs.com/faq/common-errors

      40 |     };
      41 |
    > 42 |     const module: TestingModule = await Test.createTestingModule({
         |                                   ^
      43 |       providers: [
      44 |         TripsService,
      45 |         { provide: AuditService, useValue: { logEvent: jest.fn() } },

      at TestingInjector.lookupComponentInParentModules (../../../node_modules/@nestjs/core/injector/injector.js:300:19)
      at TestingInjector.resolveComponentWrapper (../../../node_modules/@nestjs/testing/testing-injector.js:19:45)
      at resolveParam (../../../node_modules/@nestjs/core/injector/injector.js:150:38)
          at async Promise.all (index 4)
      at TestingInjector.resolveConstructorParams (../../../node_modules/@nestjs/core/injector/injector.js:179:27)
      at TestingInjector.loadInstance (../../../node_modules/@nestjs/core/injector/injector.js:77:13)
      at TestingInjector.loadProvider (../../../node_modules/@nestjs/core/injector/injector.js:111:9)
      at ../../../node_modules/@nestjs/core/injector/instance-loader.js:56:13
          at async Promise.all (index 3)
      at TestingInstanceLoader.createInstancesOfProviders (../../../node_modules/@nestjs/core/injector/instance-loader.js:55:9)
      at ../../../node_modules/@nestjs/core/injector/instance-loader.js:40:13
          at async Promise.all (index 1)
      at TestingInstanceLoader.createInstances (../../../node_modules/@nestjs/core/injector/instance-loader.js:39:9)
      at TestingInstanceLoader.createInstancesOfDependencies (../../../node_modules/@nestjs/core/injector/instance-loader.js:22:13)
      at TestingInstanceLoader.createInstancesOfDependencies (../../../node_modules/@nestjs/testing/testing-instance-loader.js:9:9)
      at TestingModuleBuilder.createInstancesOfDependencies (../../../node_modules/@nestjs/testing/testing-module.builder.js:119:9)
      at TestingModuleBuilder.compile (../../../node_modules/@nestjs/testing/testing-module.builder.js:74:9)
      at Object.<anonymous> (trips/trips.service.spec.ts:42:35)

  ● TripsService › remove › should soft-delete trip, unassign loads, and set status to CANCELLED

    Nest can't resolve dependencies of the TripsService (AuditService, PrismaService, EventEmitter, WorkflowService, ?). Please make sure that the argument EventStoreService at index [4] is available in the RootTestModule module.

    Potential solutions:
    - Is RootTestModule a valid NestJS module?
    - If EventStoreService is a provider, is it part of the current RootTestModule?
    - If EventStoreService is exported from a separate @Module, is that module imported within RootTestModule?
      @Module({
        imports: [ /* the Module containing EventStoreService */ ]
      })

    For more common dependency resolution issues, see: https://docs.nestjs.com/faq/common-errors

      40 |     };
      41 |
    > 42 |     const module: TestingModule = await Test.createTestingModule({
         |                                   ^
      43 |       providers: [
      44 |         TripsService,
      45 |         { provide: AuditService, useValue: { logEvent: jest.fn() } },

      at TestingInjector.lookupComponentInParentModules (../../../node_modules/@nestjs/core/injector/injector.js:300:19)
      at TestingInjector.resolveComponentWrapper (../../../node_modules/@nestjs/testing/testing-injector.js:19:45)
      at resolveParam (../../../node_modules/@nestjs/core/injector/injector.js:150:38)
          at async Promise.all (index 4)
      at TestingInjector.resolveConstructorParams (../../../node_modules/@nestjs/core/injector/injector.js:179:27)
      at TestingInjector.loadInstance (../../../node_modules/@nestjs/core/injector/injector.js:77:13)
      at TestingInjector.loadProvider (../../../node_modules/@nestjs/core/injector/injector.js:111:9)
      at ../../../node_modules/@nestjs/core/injector/instance-loader.js:56:13
          at async Promise.all (index 3)
      at TestingInstanceLoader.createInstancesOfProviders (../../../node_modules/@nestjs/core/injector/instance-loader.js:55:9)
      at ../../../node_modules/@nestjs/core/injector/instance-loader.js:40:13
          at async Promise.all (index 1)
      at TestingInstanceLoader.createInstances (../../../node_modules/@nestjs/core/injector/instance-loader.js:39:9)
      at TestingInstanceLoader.createInstancesOfDependencies (../../../node_modules/@nestjs/core/injector/instance-loader.js:22:13)
      at TestingInstanceLoader.createInstancesOfDependencies (../../../node_modules/@nestjs/testing/testing-instance-loader.js:9:9)
      at TestingModuleBuilder.createInstancesOfDependencies (../../../node_modules/@nestjs/testing/testing-module.builder.js:119:9)
      at TestingModuleBuilder.compile (../../../node_modules/@nestjs/testing/testing-module.builder.js:74:9)
      at Object.<anonymous> (trips/trips.service.spec.ts:42:35)

FAIL src/dispatch/dispatch.service.spec.ts
  ● DispatchService › should be defined

    Nest can't resolve dependencies of the DispatchService (PrismaService, WorkflowService, EventEmitter, ?, AuditService, EventStoreService). Please make sure that the argument TwilioService at index [3] is available in the RootTestModule module.

    Potential solutions:
    - Is RootTestModule a valid NestJS module?
    - If TwilioService is a provider, is it part of the current RootTestModule?
    - If TwilioService is exported from a separate @Module, is that module imported within RootTestModule?
      @Module({
        imports: [ /* the Module containing TwilioService */ ]
      })

    For more common dependency resolution issues, see: https://docs.nestjs.com/faq/common-errors

      53 |     };
      54 |
    > 55 |     const module: TestingModule = await Test.createTestingModule({
         |                                   ^
      56 |       providers: [
      57 |         DispatchService,
      58 |         { provide: PrismaService, useValue: mockPrisma },

      at TestingInjector.lookupComponentInParentModules (../../../node_modules/@nestjs/core/injector/injector.js:300:19)
      at TestingInjector.resolveComponentWrapper (../../../node_modules/@nestjs/testing/testing-injector.js:19:45)
      at resolveParam (../../../node_modules/@nestjs/core/injector/injector.js:150:38)
          at async Promise.all (index 3)
      at TestingInjector.resolveConstructorParams (../../../node_modules/@nestjs/core/injector/injector.js:179:27)
      at TestingInjector.loadInstance (../../../node_modules/@nestjs/core/injector/injector.js:77:13)
      at TestingInjector.loadProvider (../../../node_modules/@nestjs/core/injector/injector.js:111:9)
      at ../../../node_modules/@nestjs/core/injector/instance-loader.js:56:13
          at async Promise.all (index 3)
      at TestingInstanceLoader.createInstancesOfProviders (../../../node_modules/@nestjs/core/injector/instance-loader.js:55:9)
      at ../../../node_modules/@nestjs/core/injector/instance-loader.js:40:13
          at async Promise.all (index 1)
      at TestingInstanceLoader.createInstances (../../../node_modules/@nestjs/core/injector/instance-loader.js:39:9)
      at TestingInstanceLoader.createInstancesOfDependencies (../../../node_modules/@nestjs/core/injector/instance-loader.js:22:13)
      at TestingInstanceLoader.createInstancesOfDependencies (../../../node_modules/@nestjs/testing/testing-instance-loader.js:9:9)
      at TestingModuleBuilder.createInstancesOfDependencies (../../../node_modules/@nestjs/testing/testing-module.builder.js:119:9)
      at TestingModuleBuilder.compile (../../../node_modules/@nestjs/testing/testing-module.builder.js:74:9)
      at Object.<anonymous> (dispatch/dispatch.service.spec.ts:55:35)

  ● DispatchService › getBoardData › should return all board data with metrics

    Nest can't resolve dependencies of the DispatchService (PrismaService, WorkflowService, EventEmitter, ?, AuditService, EventStoreService). Please make sure that the argument TwilioService at index [3] is available in the RootTestModule module.

    Potential solutions:
    - Is RootTestModule a valid NestJS module?
    - If TwilioService is a provider, is it part of the current RootTestModule?
    - If TwilioService is exported from a separate @Module, is that module imported within RootTestModule?
      @Module({
        imports: [ /* the Module containing TwilioService */ ]
      })

    For more common dependency resolution issues, see: https://docs.nestjs.com/faq/common-errors

      53 |     };
      54 |
    > 55 |     const module: TestingModule = await Test.createTestingModule({
         |                                   ^
      56 |       providers: [
      57 |         DispatchService,
      58 |         { provide: PrismaService, useValue: mockPrisma },

      at TestingInjector.lookupComponentInParentModules (../../../node_modules/@nestjs/core/injector/injector.js:300:19)
      at TestingInjector.resolveComponentWrapper (../../../node_modules/@nestjs/testing/testing-injector.js:19:45)
      at resolveParam (../../../node_modules/@nestjs/core/injector/injector.js:150:38)
          at async Promise.all (index 3)
      at TestingInjector.resolveConstructorParams (../../../node_modules/@nestjs/core/injector/injector.js:179:27)
      at TestingInjector.loadInstance (../../../node_modules/@nestjs/core/injector/injector.js:77:13)
      at TestingInjector.loadProvider (../../../node_modules/@nestjs/core/injector/injector.js:111:9)
      at ../../../node_modules/@nestjs/core/injector/instance-loader.js:56:13
          at async Promise.all (index 3)
      at TestingInstanceLoader.createInstancesOfProviders (../../../node_modules/@nestjs/core/injector/instance-loader.js:55:9)
      at ../../../node_modules/@nestjs/core/injector/instance-loader.js:40:13
          at async Promise.all (index 1)
      at TestingInstanceLoader.createInstances (../../../node_modules/@nestjs/core/injector/instance-loader.js:39:9)
      at TestingInstanceLoader.createInstancesOfDependencies (../../../node_modules/@nestjs/core/injector/instance-loader.js:22:13)
      at TestingInstanceLoader.createInstancesOfDependencies (../../../node_modules/@nestjs/testing/testing-instance-loader.js:9:9)
      at TestingModuleBuilder.createInstancesOfDependencies (../../../node_modules/@nestjs/testing/testing-module.builder.js:119:9)
      at TestingModuleBuilder.compile (../../../node_modules/@nestjs/testing/testing-module.builder.js:74:9)
      at Object.<anonymous> (dispatch/dispatch.service.spec.ts:55:35)

  ● DispatchService › moveBoardCard › should throw BadRequestException if load not found

    Nest can't resolve dependencies of the DispatchService (PrismaService, WorkflowService, EventEmitter, ?, AuditService, EventStoreService). Please make sure that the argument TwilioService at index [3] is available in the RootTestModule module.

    Potential solutions:
    - Is RootTestModule a valid NestJS module?
    - If TwilioService is a provider, is it part of the current RootTestModule?
    - If TwilioService is exported from a separate @Module, is that module imported within RootTestModule?
      @Module({
        imports: [ /* the Module containing TwilioService */ ]
      })

    For more common dependency resolution issues, see: https://docs.nestjs.com/faq/common-errors

      53 |     };
      54 |
    > 55 |     const module: TestingModule = await Test.createTestingModule({
         |                                   ^
      56 |       providers: [
      57 |         DispatchService,
      58 |         { provide: PrismaService, useValue: mockPrisma },

      at TestingInjector.lookupComponentInParentModules (../../../node_modules/@nestjs/core/injector/injector.js:300:19)
      at TestingInjector.resolveComponentWrapper (../../../node_modules/@nestjs/testing/testing-injector.js:19:45)
      at resolveParam (../../../node_modules/@nestjs/core/injector/injector.js:150:38)
          at async Promise.all (index 3)
      at TestingInjector.resolveConstructorParams (../../../node_modules/@nestjs/core/injector/injector.js:179:27)
      at TestingInjector.loadInstance (../../../node_modules/@nestjs/core/injector/injector.js:77:13)
      at TestingInjector.loadProvider (../../../node_modules/@nestjs/core/injector/injector.js:111:9)
      at ../../../node_modules/@nestjs/core/injector/instance-loader.js:56:13
          at async Promise.all (index 3)
      at TestingInstanceLoader.createInstancesOfProviders (../../../node_modules/@nestjs/core/injector/instance-loader.js:55:9)
      at ../../../node_modules/@nestjs/core/injector/instance-loader.js:40:13
          at async Promise.all (index 1)
      at TestingInstanceLoader.createInstances (../../../node_modules/@nestjs/core/injector/instance-loader.js:39:9)
      at TestingInstanceLoader.createInstancesOfDependencies (../../../node_modules/@nestjs/core/injector/instance-loader.js:22:13)
      at TestingInstanceLoader.createInstancesOfDependencies (../../../node_modules/@nestjs/testing/testing-instance-loader.js:9:9)
      at TestingModuleBuilder.createInstancesOfDependencies (../../../node_modules/@nestjs/testing/testing-module.builder.js:119:9)
      at TestingModuleBuilder.compile (../../../node_modules/@nestjs/testing/testing-module.builder.js:74:9)
      at Object.<anonymous> (dispatch/dispatch.service.spec.ts:55:35)

  ● DispatchService › moveBoardCard › should update load status and position

    Nest can't resolve dependencies of the DispatchService (PrismaService, WorkflowService, EventEmitter, ?, AuditService, EventStoreService). Please make sure that the argument TwilioService at index [3] is available in the RootTestModule module.

    Potential solutions:
    - Is RootTestModule a valid NestJS module?
    - If TwilioService is a provider, is it part of the current RootTestModule?
    - If TwilioService is exported from a separate @Module, is that module imported within RootTestModule?
      @Module({
        imports: [ /* the Module containing TwilioService */ ]
      })

    For more common dependency resolution issues, see: https://docs.nestjs.com/faq/common-errors

      53 |     };
      54 |
    > 55 |     const module: TestingModule = await Test.createTestingModule({
         |                                   ^
      56 |       providers: [
      57 |         DispatchService,
      58 |         { provide: PrismaService, useValue: mockPrisma },

      at TestingInjector.lookupComponentInParentModules (../../../node_modules/@nestjs/core/injector/injector.js:300:19)
      at TestingInjector.resolveComponentWrapper (../../../node_modules/@nestjs/testing/testing-injector.js:19:45)
      at resolveParam (../../../node_modules/@nestjs/core/injector/injector.js:150:38)
          at async Promise.all (index 3)
      at TestingInjector.resolveConstructorParams (../../../node_modules/@nestjs/core/injector/injector.js:179:27)
      at TestingInjector.loadInstance (../../../node_modules/@nestjs/core/injector/injector.js:77:13)
      at TestingInjector.loadProvider (../../../node_modules/@nestjs/core/injector/injector.js:111:9)
      at ../../../node_modules/@nestjs/core/injector/instance-loader.js:56:13
          at async Promise.all (index 3)
      at TestingInstanceLoader.createInstancesOfProviders (../../../node_modules/@nestjs/core/injector/instance-loader.js:55:9)
      at ../../../node_modules/@nestjs/core/injector/instance-loader.js:40:13
          at async Promise.all (index 1)
      at TestingInstanceLoader.createInstances (../../../node_modules/@nestjs/core/injector/instance-loader.js:39:9)
      at TestingInstanceLoader.createInstancesOfDependencies (../../../node_modules/@nestjs/core/injector/instance-loader.js:22:13)
      at TestingInstanceLoader.createInstancesOfDependencies (../../../node_modules/@nestjs/testing/testing-instance-loader.js:9:9)
      at TestingModuleBuilder.createInstancesOfDependencies (../../../node_modules/@nestjs/testing/testing-module.builder.js:119:9)
      at TestingModuleBuilder.compile (../../../node_modules/@nestjs/testing/testing-module.builder.js:74:9)
      at Object.<anonymous> (dispatch/dispatch.service.spec.ts:55:35)

  ● DispatchService › Tenant Isolation › should always call runAsTenant with the provided companyId

    Nest can't resolve dependencies of the DispatchService (PrismaService, WorkflowService, EventEmitter, ?, AuditService, EventStoreService). Please make sure that the argument TwilioService at index [3] is available in the RootTestModule module.

    Potential solutions:
    - Is RootTestModule a valid NestJS module?
    - If TwilioService is a provider, is it part of the current RootTestModule?
    - If TwilioService is exported from a separate @Module, is that module imported within RootTestModule?
      @Module({
        imports: [ /* the Module containing TwilioService */ ]
      })

    For more common dependency resolution issues, see: https://docs.nestjs.com/faq/common-errors

      53 |     };
      54 |
    > 55 |     const module: TestingModule = await Test.createTestingModule({
         |                                   ^
      56 |       providers: [
      57 |         DispatchService,
      58 |         { provide: PrismaService, useValue: mockPrisma },

      at TestingInjector.lookupComponentInParentModules (../../../node_modules/@nestjs/core/injector/injector.js:300:19)
      at TestingInjector.resolveComponentWrapper (../../../node_modules/@nestjs/testing/testing-injector.js:19:45)
      at resolveParam (../../../node_modules/@nestjs/core/injector/injector.js:150:38)
          at async Promise.all (index 3)
      at TestingInjector.resolveConstructorParams (../../../node_modules/@nestjs/core/injector/injector.js:179:27)
      at TestingInjector.loadInstance (../../../node_modules/@nestjs/core/injector/injector.js:77:13)
      at TestingInjector.loadProvider (../../../node_modules/@nestjs/core/injector/injector.js:111:9)
      at ../../../node_modules/@nestjs/core/injector/instance-loader.js:56:13
          at async Promise.all (index 3)
      at TestingInstanceLoader.createInstancesOfProviders (../../../node_modules/@nestjs/core/injector/instance-loader.js:55:9)
      at ../../../node_modules/@nestjs/core/injector/instance-loader.js:40:13
          at async Promise.all (index 1)
      at TestingInstanceLoader.createInstances (../../../node_modules/@nestjs/core/injector/instance-loader.js:39:9)
      at TestingInstanceLoader.createInstancesOfDependencies (../../../node_modules/@nestjs/core/injector/instance-loader.js:22:13)
      at TestingInstanceLoader.createInstancesOfDependencies (../../../node_modules/@nestjs/testing/testing-instance-loader.js:9:9)
      at TestingModuleBuilder.createInstancesOfDependencies (../../../node_modules/@nestjs/testing/testing-module.builder.js:119:9)
      at TestingModuleBuilder.compile (../../../node_modules/@nestjs/testing/testing-module.builder.js:74:9)
      at Object.<anonymous> (dispatch/dispatch.service.spec.ts:55:35)

  ● DispatchService › Tenant Isolation › should not allow data from a different company

    Nest can't resolve dependencies of the DispatchService (PrismaService, WorkflowService, EventEmitter, ?, AuditService, EventStoreService). Please make sure that the argument TwilioService at index [3] is available in the RootTestModule module.

    Potential solutions:
    - Is RootTestModule a valid NestJS module?
    - If TwilioService is a provider, is it part of the current RootTestModule?
    - If TwilioService is exported from a separate @Module, is that module imported within RootTestModule?
      @Module({
        imports: [ /* the Module containing TwilioService */ ]
      })

    For more common dependency resolution issues, see: https://docs.nestjs.com/faq/common-errors

      53 |     };
      54 |
    > 55 |     const module: TestingModule = await Test.createTestingModule({
         |                                   ^
      56 |       providers: [
      57 |         DispatchService,
      58 |         { provide: PrismaService, useValue: mockPrisma },

      at TestingInjector.lookupComponentInParentModules (../../../node_modules/@nestjs/core/injector/injector.js:300:19)
      at TestingInjector.resolveComponentWrapper (../../../node_modules/@nestjs/testing/testing-injector.js:19:45)
      at resolveParam (../../../node_modules/@nestjs/core/injector/injector.js:150:38)
          at async Promise.all (index 3)
      at TestingInjector.resolveConstructorParams (../../../node_modules/@nestjs/core/injector/injector.js:179:27)
      at TestingInjector.loadInstance (../../../node_modules/@nestjs/core/injector/injector.js:77:13)
      at TestingInjector.loadProvider (../../../node_modules/@nestjs/core/injector/injector.js:111:9)
      at ../../../node_modules/@nestjs/core/injector/instance-loader.js:56:13
          at async Promise.all (index 3)
      at TestingInstanceLoader.createInstancesOfProviders (../../../node_modules/@nestjs/core/injector/instance-loader.js:55:9)
      at ../../../node_modules/@nestjs/core/injector/instance-loader.js:40:13
          at async Promise.all (index 1)
      at TestingInstanceLoader.createInstances (../../../node_modules/@nestjs/core/injector/instance-loader.js:39:9)
      at TestingInstanceLoader.createInstancesOfDependencies (../../../node_modules/@nestjs/core/injector/instance-loader.js:22:13)
      at TestingInstanceLoader.createInstancesOfDependencies (../../../node_modules/@nestjs/testing/testing-instance-loader.js:9:9)
      at TestingModuleBuilder.createInstancesOfDependencies (../../../node_modules/@nestjs/testing/testing-module.builder.js:119:9)
      at TestingModuleBuilder.compile (../../../node_modules/@nestjs/testing/testing-module.builder.js:74:9)
      at Object.<anonymous> (dispatch/dispatch.service.spec.ts:55:35)

PASS src/auth/auth.service.spec.ts
[31m[Nest] 39568  - [39m08/10/2026, 4:26:02 PM [31m  ERROR[39m [38;5;3m[WebhookProcessor] [39m[31mWebhook delivery delivery-123 FAILED to https://example.com/webhook. Attempt 5[39m
[31m[Nest] 39568  - [39m08/10/2026, 4:26:02 PM [31m  ERROR[39m [38;5;3m[WebhookProcessor] [39m[31mWebhook delivery delivery-123 FAILED to https://example.com/webhook. Attempt 2[39m
PASS src/api-platform/webhooks/webhook.processor.spec.ts
FAIL src/communications/enterprise-notification.service.spec.ts
  ● Enterprise Notification Orchestrator Service › should be defined

    Nest can't resolve dependencies of the NotificationOrchestratorService (PrismaService, AuditService, ?, TemplateService, SseService, BullQueue_notification-delivery). Please make sure that the argument EventStoreService at index [2] is available in the RootTestModule module.

    Potential solutions:
    - Is RootTestModule a valid NestJS module?
    - If EventStoreService is a provider, is it part of the current RootTestModule?
    - If EventStoreService is exported from a separate @Module, is that module imported within RootTestModule?
      @Module({
        imports: [ /* the Module containing EventStoreService */ ]
      })

    For more common dependency resolution issues, see: https://docs.nestjs.com/faq/common-errors

      105 |
      106 |   beforeEach(async () => {
    > 107 |     const module: TestingModule = await Test.createTestingModule({
          |                                   ^
      108 |       providers: [
      109 |         NotificationOrchestratorService,
      110 |         TemplateService,

      at TestingInjector.lookupComponentInParentModules (../../../node_modules/@nestjs/core/injector/injector.js:300:19)
      at TestingInjector.resolveComponentWrapper (../../../node_modules/@nestjs/testing/testing-injector.js:19:45)
      at resolveParam (../../../node_modules/@nestjs/core/injector/injector.js:150:38)
          at async Promise.all (index 2)
      at TestingInjector.resolveConstructorParams (../../../node_modules/@nestjs/core/injector/injector.js:179:27)
      at TestingInjector.loadInstance (../../../node_modules/@nestjs/core/injector/injector.js:77:13)
      at TestingInjector.loadProvider (../../../node_modules/@nestjs/core/injector/injector.js:111:9)
      at ../../../node_modules/@nestjs/core/injector/instance-loader.js:56:13
          at async Promise.all (index 3)
      at TestingInstanceLoader.createInstancesOfProviders (../../../node_modules/@nestjs/core/injector/instance-loader.js:55:9)
      at ../../../node_modules/@nestjs/core/injector/instance-loader.js:40:13
          at async Promise.all (index 1)
      at TestingInstanceLoader.createInstances (../../../node_modules/@nestjs/core/injector/instance-loader.js:39:9)
      at TestingInstanceLoader.createInstancesOfDependencies (../../../node_modules/@nestjs/core/injector/instance-loader.js:22:13)
      at TestingInstanceLoader.createInstancesOfDependencies (../../../node_modules/@nestjs/testing/testing-instance-loader.js:9:9)
      at TestingModuleBuilder.createInstancesOfDependencies (../../../node_modules/@nestjs/testing/testing-module.builder.js:119:9)
      at TestingModuleBuilder.compile (../../../node_modules/@nestjs/testing/testing-module.builder.js:74:9)
      at Object.<anonymous> (communications/enterprise-notification.service.spec.ts:107:35)

  ● Enterprise Notification Orchestrator Service › Template Management › should create a notification template

    Nest can't resolve dependencies of the NotificationOrchestratorService (PrismaService, AuditService, ?, TemplateService, SseService, BullQueue_notification-delivery). Please make sure that the argument EventStoreService at index [2] is available in the RootTestModule module.

    Potential solutions:
    - Is RootTestModule a valid NestJS module?
    - If EventStoreService is a provider, is it part of the current RootTestModule?
    - If EventStoreService is exported from a separate @Module, is that module imported within RootTestModule?
      @Module({
        imports: [ /* the Module containing EventStoreService */ ]
      })

    For more common dependency resolution issues, see: https://docs.nestjs.com/faq/common-errors

      105 |
      106 |   beforeEach(async () => {
    > 107 |     const module: TestingModule = await Test.createTestingModule({
          |                                   ^
      108 |       providers: [
      109 |         NotificationOrchestratorService,
      110 |         TemplateService,

      at TestingInjector.lookupComponentInParentModules (../../../node_modules/@nestjs/core/injector/injector.js:300:19)
      at TestingInjector.resolveComponentWrapper (../../../node_modules/@nestjs/testing/testing-injector.js:19:45)
      at resolveParam (../../../node_modules/@nestjs/core/injector/injector.js:150:38)
          at async Promise.all (index 2)
      at TestingInjector.resolveConstructorParams (../../../node_modules/@nestjs/core/injector/injector.js:179:27)
      at TestingInjector.loadInstance (../../../node_modules/@nestjs/core/injector/injector.js:77:13)
      at TestingInjector.loadProvider (../../../node_modules/@nestjs/core/injector/injector.js:111:9)
      at ../../../node_modules/@nestjs/core/injector/instance-loader.js:56:13
          at async Promise.all (index 3)
      at TestingInstanceLoader.createInstancesOfProviders (../../../node_modules/@nestjs/core/injector/instance-loader.js:55:9)
      at ../../../node_modules/@nestjs/core/injector/instance-loader.js:40:13
          at async Promise.all (index 1)
      at TestingInstanceLoader.createInstances (../../../node_modules/@nestjs/core/injector/instance-loader.js:39:9)
      at TestingInstanceLoader.createInstancesOfDependencies (../../../node_modules/@nestjs/core/injector/instance-loader.js:22:13)
      at TestingInstanceLoader.createInstancesOfDependencies (../../../node_modules/@nestjs/testing/testing-instance-loader.js:9:9)
      at TestingModuleBuilder.createInstancesOfDependencies (../../../node_modules/@nestjs/testing/testing-module.builder.js:119:9)
      at TestingModuleBuilder.compile (../../../node_modules/@nestjs/testing/testing-module.builder.js:74:9)
      at Object.<anonymous> (communications/enterprise-notification.service.spec.ts:107:35)

  ● Enterprise Notification Orchestrator Service › Template Management › should get templates

    Nest can't resolve dependencies of the NotificationOrchestratorService (PrismaService, AuditService, ?, TemplateService, SseService, BullQueue_notification-delivery). Please make sure that the argument EventStoreService at index [2] is available in the RootTestModule module.

    Potential solutions:
    - Is RootTestModule a valid NestJS module?
    - If EventStoreService is a provider, is it part of the current RootTestModule?
    - If EventStoreService is exported from a separate @Module, is that module imported within RootTestModule?
      @Module({
        imports: [ /* the Module containing EventStoreService */ ]
      })

    For more common dependency resolution issues, see: https://docs.nestjs.com/faq/common-errors

      105 |
      106 |   beforeEach(async () => {
    > 107 |     const module: TestingModule = await Test.createTestingModule({
          |                                   ^
      108 |       providers: [
      109 |         NotificationOrchestratorService,
      110 |         TemplateService,

      at TestingInjector.lookupComponentInParentModules (../../../node_modules/@nestjs/core/injector/injector.js:300:19)
      at TestingInjector.resolveComponentWrapper (../../../node_modules/@nestjs/testing/testing-injector.js:19:45)
      at resolveParam (../../../node_modules/@nestjs/core/injector/injector.js:150:38)
          at async Promise.all (index 2)
      at TestingInjector.resolveConstructorParams (../../../node_modules/@nestjs/core/injector/injector.js:179:27)
      at TestingInjector.loadInstance (../../../node_modules/@nestjs/core/injector/injector.js:77:13)
      at TestingInjector.loadProvider (../../../node_modules/@nestjs/core/injector/injector.js:111:9)
      at ../../../node_modules/@nestjs/core/injector/instance-loader.js:56:13
          at async Promise.all (index 3)
      at TestingInstanceLoader.createInstancesOfProviders (../../../node_modules/@nestjs/core/injector/instance-loader.js:55:9)
      at ../../../node_modules/@nestjs/core/injector/instance-loader.js:40:13
          at async Promise.all (index 1)
      at TestingInstanceLoader.createInstances (../../../node_modules/@nestjs/core/injector/instance-loader.js:39:9)
      at TestingInstanceLoader.createInstancesOfDependencies (../../../node_modules/@nestjs/core/injector/instance-loader.js:22:13)
      at TestingInstanceLoader.createInstancesOfDependencies (../../../node_modules/@nestjs/testing/testing-instance-loader.js:9:9)
      at TestingModuleBuilder.createInstancesOfDependencies (../../../node_modules/@nestjs/testing/testing-module.builder.js:119:9)
      at TestingModuleBuilder.compile (../../../node_modules/@nestjs/testing/testing-module.builder.js:74:9)
      at Object.<anonymous> (communications/enterprise-notification.service.spec.ts:107:35)

  ● Enterprise Notification Orchestrator Service › Multi-Channel Dispatch & Rate Limiting › should dispatch notification to target user across enabled channels

    Nest can't resolve dependencies of the NotificationOrchestratorService (PrismaService, AuditService, ?, TemplateService, SseService, BullQueue_notification-delivery). Please make sure that the argument EventStoreService at index [2] is available in the RootTestModule module.

    Potential solutions:
    - Is RootTestModule a valid NestJS module?
    - If EventStoreService is a provider, is it part of the current RootTestModule?
    - If EventStoreService is exported from a separate @Module, is that module imported within RootTestModule?
      @Module({
        imports: [ /* the Module containing EventStoreService */ ]
      })

    For more common dependency resolution issues, see: https://docs.nestjs.com/faq/common-errors

      105 |
      106 |   beforeEach(async () => {
    > 107 |     const module: TestingModule = await Test.createTestingModule({
          |                                   ^
      108 |       providers: [
      109 |         NotificationOrchestratorService,
      110 |         TemplateService,

      at TestingInjector.lookupComponentInParentModules (../../../node_modules/@nestjs/core/injector/injector.js:300:19)
      at TestingInjector.resolveComponentWrapper (../../../node_modules/@nestjs/testing/testing-injector.js:19:45)
      at resolveParam (../../../node_modules/@nestjs/core/injector/injector.js:150:38)
          at async Promise.all (index 2)
      at TestingInjector.resolveConstructorParams (../../../node_modules/@nestjs/core/injector/injector.js:179:27)
      at TestingInjector.loadInstance (../../../node_modules/@nestjs/core/injector/injector.js:77:13)
      at TestingInjector.loadProvider (../../../node_modules/@nestjs/core/injector/injector.js:111:9)
      at ../../../node_modules/@nestjs/core/injector/instance-loader.js:56:13
          at async Promise.all (index 3)
      at TestingInstanceLoader.createInstancesOfProviders (../../../node_modules/@nestjs/core/injector/instance-loader.js:55:9)
      at ../../../node_modules/@nestjs/core/injector/instance-loader.js:40:13
          at async Promise.all (index 1)
      at TestingInstanceLoader.createInstances (../../../node_modules/@nestjs/core/injector/instance-loader.js:39:9)
      at TestingInstanceLoader.createInstancesOfDependencies (../../../node_modules/@nestjs/core/injector/instance-loader.js:22:13)
      at TestingInstanceLoader.createInstancesOfDependencies (../../../node_modules/@nestjs/testing/testing-instance-loader.js:9:9)
      at TestingModuleBuilder.createInstancesOfDependencies (../../../node_modules/@nestjs/testing/testing-module.builder.js:119:9)
      at TestingModuleBuilder.compile (../../../node_modules/@nestjs/testing/testing-module.builder.js:74:9)
      at Object.<anonymous> (communications/enterprise-notification.service.spec.ts:107:35)

  ● Enterprise Notification Orchestrator Service › Metrics & Resilience › should get delivery metrics breakdown

    Nest can't resolve dependencies of the NotificationOrchestratorService (PrismaService, AuditService, ?, TemplateService, SseService, BullQueue_notification-delivery). Please make sure that the argument EventStoreService at index [2] is available in the RootTestModule module.

    Potential solutions:
    - Is RootTestModule a valid NestJS module?
    - If EventStoreService is a provider, is it part of the current RootTestModule?
    - If EventStoreService is exported from a separate @Module, is that module imported within RootTestModule?
      @Module({
        imports: [ /* the Module containing EventStoreService */ ]
      })

    For more common dependency resolution issues, see: https://docs.nestjs.com/faq/common-errors

      105 |
      106 |   beforeEach(async () => {
    > 107 |     const module: TestingModule = await Test.createTestingModule({
          |                                   ^
      108 |       providers: [
      109 |         NotificationOrchestratorService,
      110 |         TemplateService,

      at TestingInjector.lookupComponentInParentModules (../../../node_modules/@nestjs/core/injector/injector.js:300:19)
      at TestingInjector.resolveComponentWrapper (../../../node_modules/@nestjs/testing/testing-injector.js:19:45)
      at resolveParam (../../../node_modules/@nestjs/core/injector/injector.js:150:38)
          at async Promise.all (index 2)
      at TestingInjector.resolveConstructorParams (../../../node_modules/@nestjs/core/injector/injector.js:179:27)
      at TestingInjector.loadInstance (../../../node_modules/@nestjs/core/injector/injector.js:77:13)
      at TestingInjector.loadProvider (../../../node_modules/@nestjs/core/injector/injector.js:111:9)
      at ../../../node_modules/@nestjs/core/injector/instance-loader.js:56:13
          at async Promise.all (index 3)
      at TestingInstanceLoader.createInstancesOfProviders (../../../node_modules/@nestjs/core/injector/instance-loader.js:55:9)
      at ../../../node_modules/@nestjs/core/injector/instance-loader.js:40:13
          at async Promise.all (index 1)
      at TestingInstanceLoader.createInstances (../../../node_modules/@nestjs/core/injector/instance-loader.js:39:9)
      at TestingInstanceLoader.createInstancesOfDependencies (../../../node_modules/@nestjs/core/injector/instance-loader.js:22:13)
      at TestingInstanceLoader.createInstancesOfDependencies (../../../node_modules/@nestjs/testing/testing-instance-loader.js:9:9)
      at TestingModuleBuilder.createInstancesOfDependencies (../../../node_modules/@nestjs/testing/testing-module.builder.js:119:9)
      at TestingModuleBuilder.compile (../../../node_modules/@nestjs/testing/testing-module.builder.js:74:9)
      at Object.<anonymous> (communications/enterprise-notification.service.spec.ts:107:35)

  ● Enterprise Notification Orchestrator Service › Metrics & Resilience › should retry failed notification deliveries

    Nest can't resolve dependencies of the NotificationOrchestratorService (PrismaService, AuditService, ?, TemplateService, SseService, BullQueue_notification-delivery). Please make sure that the argument EventStoreService at index [2] is available in the RootTestModule module.

    Potential solutions:
    - Is RootTestModule a valid NestJS module?
    - If EventStoreService is a provider, is it part of the current RootTestModule?
    - If EventStoreService is exported from a separate @Module, is that module imported within RootTestModule?
      @Module({
        imports: [ /* the Module containing EventStoreService */ ]
      })

    For more common dependency resolution issues, see: https://docs.nestjs.com/faq/common-errors

      105 |
      106 |   beforeEach(async () => {
    > 107 |     const module: TestingModule = await Test.createTestingModule({
          |                                   ^
      108 |       providers: [
      109 |         NotificationOrchestratorService,
      110 |         TemplateService,

      at TestingInjector.lookupComponentInParentModules (../../../node_modules/@nestjs/core/injector/injector.js:300:19)
      at TestingInjector.resolveComponentWrapper (../../../node_modules/@nestjs/testing/testing-injector.js:19:45)
      at resolveParam (../../../node_modules/@nestjs/core/injector/injector.js:150:38)
          at async Promise.all (index 2)
      at TestingInjector.resolveConstructorParams (../../../node_modules/@nestjs/core/injector/injector.js:179:27)
      at TestingInjector.loadInstance (../../../node_modules/@nestjs/core/injector/injector.js:77:13)
      at TestingInjector.loadProvider (../../../node_modules/@nestjs/core/injector/injector.js:111:9)
      at ../../../node_modules/@nestjs/core/injector/instance-loader.js:56:13
          at async Promise.all (index 3)
      at TestingInstanceLoader.createInstancesOfProviders (../../../node_modules/@nestjs/core/injector/instance-loader.js:55:9)
      at ../../../node_modules/@nestjs/core/injector/instance-loader.js:40:13
          at async Promise.all (index 1)
      at TestingInstanceLoader.createInstances (../../../node_modules/@nestjs/core/injector/instance-loader.js:39:9)
      at TestingInstanceLoader.createInstancesOfDependencies (../../../node_modules/@nestjs/core/injector/instance-loader.js:22:13)
      at TestingInstanceLoader.createInstancesOfDependencies (../../../node_modules/@nestjs/testing/testing-instance-loader.js:9:9)
      at TestingModuleBuilder.createInstancesOfDependencies (../../../node_modules/@nestjs/testing/testing-module.builder.js:119:9)
      at TestingModuleBuilder.compile (../../../node_modules/@nestjs/testing/testing-module.builder.js:74:9)
      at Object.<anonymous> (communications/enterprise-notification.service.spec.ts:107:35)

FAIL src/tracking/enterprise-telematics.service.spec.ts
  ● Enterprise Telematics & Geofence Intelligence Platform › Telematics Ingestion & Alerting › should update alert status to ACKNOWLEDGED

    TypeError: tx.alert.findFirst is not a function

      250 |   ) {
      251 |     const alert = await this.prisma.runAsTenant(companyId, async (tx) =>
    > 252 |       tx.alert.findFirst({ where: { id, companyId } }),
          |                ^
      253 |     );
      254 |     if (!alert || alert.companyId !== companyId) {
      255 |       throw new NotFoundException('Alert not found');

      at tracking/services/telematics-ingestion.service.ts:252:16
      at Object.<anonymous> (tracking/enterprise-telematics.service.spec.ts:16:57)
      at TelematicsIngestionService.updateAlertStatus (tracking/services/telematics-ingestion.service.ts:251:37)
      at Object.<anonymous> (tracking/enterprise-telematics.service.spec.ts:210:47)

PASS src/documents/enterprise-document.service.spec.ts
PASS src/integration/integration-platform.service.spec.ts
PASS src/workflow/engine/execution.service.spec.ts
PASS src/workflow/workflow.controller.spec.ts
PASS src/iam/services/oauth2.service.spec.ts
PASS src/iam/services/api-keys.service.spec.ts
[31m[Nest] 39565  - [39m08/10/2026, 4:26:02 PM [31m  ERROR[39m [38;5;3m[MdmSearchService] [39m[31mMDM Search failed: DB Error[39m
PASS src/platform/mdm/mdm-search.service.spec.ts
PASS src/intelligence/dispatch/dispatch-ai.service.spec.ts
PASS src/auth/sso/sso.service.spec.ts
PASS src/iam/services/pat.service.spec.ts
PASS src/platform/security/ratelimit/api-rate-limiter.middleware.spec.ts
PASS src/workflow/engine/condition.service.spec.ts
PASS src/integration/connectors/enterprise-connectors.spec.ts
PASS src/auth/mfa.service.spec.ts
PASS src/platform/mdm/data-quality-engine.service.spec.ts
PASS src/workflow/workflow.service.spec.ts
PASS src/app.controller.spec.ts
PASS src/platform/security/brute-force/brute-force-protection.service.spec.ts
PASS src/dispatch/engine/scoring.engine.spec.ts

Summary of all failing tests
FAIL billing/billing.service.spec.ts
  ● BillingService › should be defined

    Nest can't resolve dependencies of the BillingService (PrismaService, WorkflowService, EventEmitter, AuditService, ?). Please make sure that the argument EventStoreService at index [4] is available in the RootTestModule module.

    Potential solutions:
    - Is RootTestModule a valid NestJS module?
    - If EventStoreService is a provider, is it part of the current RootTestModule?
    - If EventStoreService is exported from a separate @Module, is that module imported within RootTestModule?
      @Module({
        imports: [ /* the Module containing EventStoreService */ ]
      })

    For more common dependency resolution issues, see: https://docs.nestjs.com/faq/common-errors

      33 |     };
      34 |
    > 35 |     const module: TestingModule = await Test.createTestingModule({
         |                                   ^
      36 |       providers: [
      37 |         BillingService,
      38 |         { provide: PrismaService, useValue: mockPrisma },

      at TestingInjector.lookupComponentInParentModules (../../../node_modules/@nestjs/core/injector/injector.js:300:19)
      at TestingInjector.resolveComponentWrapper (../../../node_modules/@nestjs/testing/testing-injector.js:19:45)
      at resolveParam (../../../node_modules/@nestjs/core/injector/injector.js:150:38)
          at async Promise.all (index 4)
      at TestingInjector.resolveConstructorParams (../../../node_modules/@nestjs/core/injector/injector.js:179:27)
      at TestingInjector.loadInstance (../../../node_modules/@nestjs/core/injector/injector.js:77:13)
      at TestingInjector.loadProvider (../../../node_modules/@nestjs/core/injector/injector.js:111:9)
      at ../../../node_modules/@nestjs/core/injector/instance-loader.js:56:13
          at async Promise.all (index 3)
      at TestingInstanceLoader.createInstancesOfProviders (../../../node_modules/@nestjs/core/injector/instance-loader.js:55:9)
      at ../../../node_modules/@nestjs/core/injector/instance-loader.js:40:13
          at async Promise.all (index 1)
      at TestingInstanceLoader.createInstances (../../../node_modules/@nestjs/core/injector/instance-loader.js:39:9)
      at TestingInstanceLoader.createInstancesOfDependencies (../../../node_modules/@nestjs/core/injector/instance-loader.js:22:13)
      at TestingInstanceLoader.createInstancesOfDependencies (../../../node_modules/@nestjs/testing/testing-instance-loader.js:9:9)
      at TestingModuleBuilder.createInstancesOfDependencies (../../../node_modules/@nestjs/testing/testing-module.builder.js:119:9)
      at TestingModuleBuilder.compile (../../../node_modules/@nestjs/testing/testing-module.builder.js:74:9)
      at Object.<anonymous> (billing/billing.service.spec.ts:35:35)

  ● BillingService › generateInvoice › should throw NotFoundException when load does not exist

    Nest can't resolve dependencies of the BillingService (PrismaService, WorkflowService, EventEmitter, AuditService, ?). Please make sure that the argument EventStoreService at index [4] is available in the RootTestModule module.

    Potential solutions:
    - Is RootTestModule a valid NestJS module?
    - If EventStoreService is a provider, is it part of the current RootTestModule?
    - If EventStoreService is exported from a separate @Module, is that module imported within RootTestModule?
      @Module({
        imports: [ /* the Module containing EventStoreService */ ]
      })

    For more common dependency resolution issues, see: https://docs.nestjs.com/faq/common-errors

      33 |     };
      34 |
    > 35 |     const module: TestingModule = await Test.createTestingModule({
         |                                   ^
      36 |       providers: [
      37 |         BillingService,
      38 |         { provide: PrismaService, useValue: mockPrisma },

      at TestingInjector.lookupComponentInParentModules (../../../node_modules/@nestjs/core/injector/injector.js:300:19)
      at TestingInjector.resolveComponentWrapper (../../../node_modules/@nestjs/testing/testing-injector.js:19:45)
      at resolveParam (../../../node_modules/@nestjs/core/injector/injector.js:150:38)
          at async Promise.all (index 4)
      at TestingInjector.resolveConstructorParams (../../../node_modules/@nestjs/core/injector/injector.js:179:27)
      at TestingInjector.loadInstance (../../../node_modules/@nestjs/core/injector/injector.js:77:13)
      at TestingInjector.loadProvider (../../../node_modules/@nestjs/core/injector/injector.js:111:9)
      at ../../../node_modules/@nestjs/core/injector/instance-loader.js:56:13
          at async Promise.all (index 3)
      at TestingInstanceLoader.createInstancesOfProviders (../../../node_modules/@nestjs/core/injector/instance-loader.js:55:9)
      at ../../../node_modules/@nestjs/core/injector/instance-loader.js:40:13
          at async Promise.all (index 1)
      at TestingInstanceLoader.createInstances (../../../node_modules/@nestjs/core/injector/instance-loader.js:39:9)
      at TestingInstanceLoader.createInstancesOfDependencies (../../../node_modules/@nestjs/core/injector/instance-loader.js:22:13)
      at TestingInstanceLoader.createInstancesOfDependencies (../../../node_modules/@nestjs/testing/testing-instance-loader.js:9:9)
      at TestingModuleBuilder.createInstancesOfDependencies (../../../node_modules/@nestjs/testing/testing-module.builder.js:119:9)
      at TestingModuleBuilder.compile (../../../node_modules/@nestjs/testing/testing-module.builder.js:74:9)
      at Object.<anonymous> (billing/billing.service.spec.ts:35:35)

  ● BillingService › generateInvoice › should throw BadRequestException when load is not DELIVERED

    Nest can't resolve dependencies of the BillingService (PrismaService, WorkflowService, EventEmitter, AuditService, ?). Please make sure that the argument EventStoreService at index [4] is available in the RootTestModule module.

    Potential solutions:
    - Is RootTestModule a valid NestJS module?
    - If EventStoreService is a provider, is it part of the current RootTestModule?
    - If EventStoreService is exported from a separate @Module, is that module imported within RootTestModule?
      @Module({
        imports: [ /* the Module containing EventStoreService */ ]
      })

    For more common dependency resolution issues, see: https://docs.nestjs.com/faq/common-errors

      33 |     };
      34 |
    > 35 |     const module: TestingModule = await Test.createTestingModule({
         |                                   ^
      36 |       providers: [
      37 |         BillingService,
      38 |         { provide: PrismaService, useValue: mockPrisma },

      at TestingInjector.lookupComponentInParentModules (../../../node_modules/@nestjs/core/injector/injector.js:300:19)
      at TestingInjector.resolveComponentWrapper (../../../node_modules/@nestjs/testing/testing-injector.js:19:45)
      at resolveParam (../../../node_modules/@nestjs/core/injector/injector.js:150:38)
          at async Promise.all (index 4)
      at TestingInjector.resolveConstructorParams (../../../node_modules/@nestjs/core/injector/injector.js:179:27)
      at TestingInjector.loadInstance (../../../node_modules/@nestjs/core/injector/injector.js:77:13)
      at TestingInjector.loadProvider (../../../node_modules/@nestjs/core/injector/injector.js:111:9)
      at ../../../node_modules/@nestjs/core/injector/instance-loader.js:56:13
          at async Promise.all (index 3)
      at TestingInstanceLoader.createInstancesOfProviders (../../../node_modules/@nestjs/core/injector/instance-loader.js:55:9)
      at ../../../node_modules/@nestjs/core/injector/instance-loader.js:40:13
          at async Promise.all (index 1)
      at TestingInstanceLoader.createInstances (../../../node_modules/@nestjs/core/injector/instance-loader.js:39:9)
      at TestingInstanceLoader.createInstancesOfDependencies (../../../node_modules/@nestjs/core/injector/instance-loader.js:22:13)
      at TestingInstanceLoader.createInstancesOfDependencies (../../../node_modules/@nestjs/testing/testing-instance-loader.js:9:9)
      at TestingModuleBuilder.createInstancesOfDependencies (../../../node_modules/@nestjs/testing/testing-module.builder.js:119:9)
      at TestingModuleBuilder.compile (../../../node_modules/@nestjs/testing/testing-module.builder.js:74:9)
      at Object.<anonymous> (billing/billing.service.spec.ts:35:35)

  ● BillingService › generateInvoice › should throw BadRequestException when invoice already exists

    Nest can't resolve dependencies of the BillingService (PrismaService, WorkflowService, EventEmitter, AuditService, ?). Please make sure that the argument EventStoreService at index [4] is available in the RootTestModule module.

    Potential solutions:
    - Is RootTestModule a valid NestJS module?
    - If EventStoreService is a provider, is it part of the current RootTestModule?
    - If EventStoreService is exported from a separate @Module, is that module imported within RootTestModule?
      @Module({
        imports: [ /* the Module containing EventStoreService */ ]
      })

    For more common dependency resolution issues, see: https://docs.nestjs.com/faq/common-errors

      33 |     };
      34 |
    > 35 |     const module: TestingModule = await Test.createTestingModule({
         |                                   ^
      36 |       providers: [
      37 |         BillingService,
      38 |         { provide: PrismaService, useValue: mockPrisma },

      at TestingInjector.lookupComponentInParentModules (../../../node_modules/@nestjs/core/injector/injector.js:300:19)
      at TestingInjector.resolveComponentWrapper (../../../node_modules/@nestjs/testing/testing-injector.js:19:45)
      at resolveParam (../../../node_modules/@nestjs/core/injector/injector.js:150:38)
          at async Promise.all (index 4)
      at TestingInjector.resolveConstructorParams (../../../node_modules/@nestjs/core/injector/injector.js:179:27)
      at TestingInjector.loadInstance (../../../node_modules/@nestjs/core/injector/injector.js:77:13)
      at TestingInjector.loadProvider (../../../node_modules/@nestjs/core/injector/injector.js:111:9)
      at ../../../node_modules/@nestjs/core/injector/instance-loader.js:56:13
          at async Promise.all (index 3)
      at TestingInstanceLoader.createInstancesOfProviders (../../../node_modules/@nestjs/core/injector/instance-loader.js:55:9)
      at ../../../node_modules/@nestjs/core/injector/instance-loader.js:40:13
          at async Promise.all (index 1)
      at TestingInstanceLoader.createInstances (../../../node_modules/@nestjs/core/injector/instance-loader.js:39:9)
      at TestingInstanceLoader.createInstancesOfDependencies (../../../node_modules/@nestjs/core/injector/instance-loader.js:22:13)
      at TestingInstanceLoader.createInstancesOfDependencies (../../../node_modules/@nestjs/testing/testing-instance-loader.js:9:9)
      at TestingModuleBuilder.createInstancesOfDependencies (../../../node_modules/@nestjs/testing/testing-module.builder.js:119:9)
      at TestingModuleBuilder.compile (../../../node_modules/@nestjs/testing/testing-module.builder.js:74:9)
      at Object.<anonymous> (billing/billing.service.spec.ts:35:35)

  ● BillingService › generateInvoice › should create invoice with load rate when no manual amount or rate card

    Nest can't resolve dependencies of the BillingService (PrismaService, WorkflowService, EventEmitter, AuditService, ?). Please make sure that the argument EventStoreService at index [4] is available in the RootTestModule module.

    Potential solutions:
    - Is RootTestModule a valid NestJS module?
    - If EventStoreService is a provider, is it part of the current RootTestModule?
    - If EventStoreService is exported from a separate @Module, is that module imported within RootTestModule?
      @Module({
        imports: [ /* the Module containing EventStoreService */ ]
      })

    For more common dependency resolution issues, see: https://docs.nestjs.com/faq/common-errors

      33 |     };
      34 |
    > 35 |     const module: TestingModule = await Test.createTestingModule({
         |                                   ^
      36 |       providers: [
      37 |         BillingService,
      38 |         { provide: PrismaService, useValue: mockPrisma },

      at TestingInjector.lookupComponentInParentModules (../../../node_modules/@nestjs/core/injector/injector.js:300:19)
      at TestingInjector.resolveComponentWrapper (../../../node_modules/@nestjs/testing/testing-injector.js:19:45)
      at resolveParam (../../../node_modules/@nestjs/core/injector/injector.js:150:38)
          at async Promise.all (index 4)
      at TestingInjector.resolveConstructorParams (../../../node_modules/@nestjs/core/injector/injector.js:179:27)
      at TestingInjector.loadInstance (../../../node_modules/@nestjs/core/injector/injector.js:77:13)
      at TestingInjector.loadProvider (../../../node_modules/@nestjs/core/injector/injector.js:111:9)
      at ../../../node_modules/@nestjs/core/injector/instance-loader.js:56:13
          at async Promise.all (index 3)
      at TestingInstanceLoader.createInstancesOfProviders (../../../node_modules/@nestjs/core/injector/instance-loader.js:55:9)
      at ../../../node_modules/@nestjs/core/injector/instance-loader.js:40:13
          at async Promise.all (index 1)
      at TestingInstanceLoader.createInstances (../../../node_modules/@nestjs/core/injector/instance-loader.js:39:9)
      at TestingInstanceLoader.createInstancesOfDependencies (../../../node_modules/@nestjs/core/injector/instance-loader.js:22:13)
      at TestingInstanceLoader.createInstancesOfDependencies (../../../node_modules/@nestjs/testing/testing-instance-loader.js:9:9)
      at TestingModuleBuilder.createInstancesOfDependencies (../../../node_modules/@nestjs/testing/testing-module.builder.js:119:9)
      at TestingModuleBuilder.compile (../../../node_modules/@nestjs/testing/testing-module.builder.js:74:9)
      at Object.<anonymous> (billing/billing.service.spec.ts:35:35)

  ● BillingService › generateInvoice › should use manual amount when provided

    Nest can't resolve dependencies of the BillingService (PrismaService, WorkflowService, EventEmitter, AuditService, ?). Please make sure that the argument EventStoreService at index [4] is available in the RootTestModule module.

    Potential solutions:
    - Is RootTestModule a valid NestJS module?
    - If EventStoreService is a provider, is it part of the current RootTestModule?
    - If EventStoreService is exported from a separate @Module, is that module imported within RootTestModule?
      @Module({
        imports: [ /* the Module containing EventStoreService */ ]
      })

    For more common dependency resolution issues, see: https://docs.nestjs.com/faq/common-errors

      33 |     };
      34 |
    > 35 |     const module: TestingModule = await Test.createTestingModule({
         |                                   ^
      36 |       providers: [
      37 |         BillingService,
      38 |         { provide: PrismaService, useValue: mockPrisma },

      at TestingInjector.lookupComponentInParentModules (../../../node_modules/@nestjs/core/injector/injector.js:300:19)
      at TestingInjector.resolveComponentWrapper (../../../node_modules/@nestjs/testing/testing-injector.js:19:45)
      at resolveParam (../../../node_modules/@nestjs/core/injector/injector.js:150:38)
          at async Promise.all (index 4)
      at TestingInjector.resolveConstructorParams (../../../node_modules/@nestjs/core/injector/injector.js:179:27)
      at TestingInjector.loadInstance (../../../node_modules/@nestjs/core/injector/injector.js:77:13)
      at TestingInjector.loadProvider (../../../node_modules/@nestjs/core/injector/injector.js:111:9)
      at ../../../node_modules/@nestjs/core/injector/instance-loader.js:56:13
          at async Promise.all (index 3)
      at TestingInstanceLoader.createInstancesOfProviders (../../../node_modules/@nestjs/core/injector/instance-loader.js:55:9)
      at ../../../node_modules/@nestjs/core/injector/instance-loader.js:40:13
          at async Promise.all (index 1)
      at TestingInstanceLoader.createInstances (../../../node_modules/@nestjs/core/injector/instance-loader.js:39:9)
      at TestingInstanceLoader.createInstancesOfDependencies (../../../node_modules/@nestjs/core/injector/instance-loader.js:22:13)
      at TestingInstanceLoader.createInstancesOfDependencies (../../../node_modules/@nestjs/testing/testing-instance-loader.js:9:9)
      at TestingModuleBuilder.createInstancesOfDependencies (../../../node_modules/@nestjs/testing/testing-module.builder.js:119:9)
      at TestingModuleBuilder.compile (../../../node_modules/@nestjs/testing/testing-module.builder.js:74:9)
      at Object.<anonymous> (billing/billing.service.spec.ts:35:35)

  ● BillingService › approveInvoice › should throw NotFoundException when invoice does not exist

    Nest can't resolve dependencies of the BillingService (PrismaService, WorkflowService, EventEmitter, AuditService, ?). Please make sure that the argument EventStoreService at index [4] is available in the RootTestModule module.

    Potential solutions:
    - Is RootTestModule a valid NestJS module?
    - If EventStoreService is a provider, is it part of the current RootTestModule?
    - If EventStoreService is exported from a separate @Module, is that module imported within RootTestModule?
      @Module({
        imports: [ /* the Module containing EventStoreService */ ]
      })

    For more common dependency resolution issues, see: https://docs.nestjs.com/faq/common-errors

      33 |     };
      34 |
    > 35 |     const module: TestingModule = await Test.createTestingModule({
         |                                   ^
      36 |       providers: [
      37 |         BillingService,
      38 |         { provide: PrismaService, useValue: mockPrisma },

      at TestingInjector.lookupComponentInParentModules (../../../node_modules/@nestjs/core/injector/injector.js:300:19)
      at TestingInjector.resolveComponentWrapper (../../../node_modules/@nestjs/testing/testing-injector.js:19:45)
      at resolveParam (../../../node_modules/@nestjs/core/injector/injector.js:150:38)
          at async Promise.all (index 4)
      at TestingInjector.resolveConstructorParams (../../../node_modules/@nestjs/core/injector/injector.js:179:27)
      at TestingInjector.loadInstance (../../../node_modules/@nestjs/core/injector/injector.js:77:13)
      at TestingInjector.loadProvider (../../../node_modules/@nestjs/core/injector/injector.js:111:9)
      at ../../../node_modules/@nestjs/core/injector/instance-loader.js:56:13
          at async Promise.all (index 3)
      at TestingInstanceLoader.createInstancesOfProviders (../../../node_modules/@nestjs/core/injector/instance-loader.js:55:9)
      at ../../../node_modules/@nestjs/core/injector/instance-loader.js:40:13
          at async Promise.all (index 1)
      at TestingInstanceLoader.createInstances (../../../node_modules/@nestjs/core/injector/instance-loader.js:39:9)
      at TestingInstanceLoader.createInstancesOfDependencies (../../../node_modules/@nestjs/core/injector/instance-loader.js:22:13)
      at TestingInstanceLoader.createInstancesOfDependencies (../../../node_modules/@nestjs/testing/testing-instance-loader.js:9:9)
      at TestingModuleBuilder.createInstancesOfDependencies (../../../node_modules/@nestjs/testing/testing-module.builder.js:119:9)
      at TestingModuleBuilder.compile (../../../node_modules/@nestjs/testing/testing-module.builder.js:74:9)
      at Object.<anonymous> (billing/billing.service.spec.ts:35:35)

  ● BillingService › approveInvoice › should throw BadRequestException when invoice is not DRAFT

    Nest can't resolve dependencies of the BillingService (PrismaService, WorkflowService, EventEmitter, AuditService, ?). Please make sure that the argument EventStoreService at index [4] is available in the RootTestModule module.

    Potential solutions:
    - Is RootTestModule a valid NestJS module?
    - If EventStoreService is a provider, is it part of the current RootTestModule?
    - If EventStoreService is exported from a separate @Module, is that module imported within RootTestModule?
      @Module({
        imports: [ /* the Module containing EventStoreService */ ]
      })

    For more common dependency resolution issues, see: https://docs.nestjs.com/faq/common-errors

      33 |     };
      34 |
    > 35 |     const module: TestingModule = await Test.createTestingModule({
         |                                   ^
      36 |       providers: [
      37 |         BillingService,
      38 |         { provide: PrismaService, useValue: mockPrisma },

      at TestingInjector.lookupComponentInParentModules (../../../node_modules/@nestjs/core/injector/injector.js:300:19)
      at TestingInjector.resolveComponentWrapper (../../../node_modules/@nestjs/testing/testing-injector.js:19:45)
      at resolveParam (../../../node_modules/@nestjs/core/injector/injector.js:150:38)
          at async Promise.all (index 4)
      at TestingInjector.resolveConstructorParams (../../../node_modules/@nestjs/core/injector/injector.js:179:27)
      at TestingInjector.loadInstance (../../../node_modules/@nestjs/core/injector/injector.js:77:13)
      at TestingInjector.loadProvider (../../../node_modules/@nestjs/core/injector/injector.js:111:9)
      at ../../../node_modules/@nestjs/core/injector/instance-loader.js:56:13
          at async Promise.all (index 3)
      at TestingInstanceLoader.createInstancesOfProviders (../../../node_modules/@nestjs/core/injector/instance-loader.js:55:9)
      at ../../../node_modules/@nestjs/core/injector/instance-loader.js:40:13
          at async Promise.all (index 1)
      at TestingInstanceLoader.createInstances (../../../node_modules/@nestjs/core/injector/instance-loader.js:39:9)
      at TestingInstanceLoader.createInstancesOfDependencies (../../../node_modules/@nestjs/core/injector/instance-loader.js:22:13)
      at TestingInstanceLoader.createInstancesOfDependencies (../../../node_modules/@nestjs/testing/testing-instance-loader.js:9:9)
      at TestingModuleBuilder.createInstancesOfDependencies (../../../node_modules/@nestjs/testing/testing-module.builder.js:119:9)
      at TestingModuleBuilder.compile (../../../node_modules/@nestjs/testing/testing-module.builder.js:74:9)
      at Object.<anonymous> (billing/billing.service.spec.ts:35:35)

  ● BillingService › approveInvoice › should approve a DRAFT invoice and post a journal entry

    Nest can't resolve dependencies of the BillingService (PrismaService, WorkflowService, EventEmitter, AuditService, ?). Please make sure that the argument EventStoreService at index [4] is available in the RootTestModule module.

    Potential solutions:
    - Is RootTestModule a valid NestJS module?
    - If EventStoreService is a provider, is it part of the current RootTestModule?
    - If EventStoreService is exported from a separate @Module, is that module imported within RootTestModule?
      @Module({
        imports: [ /* the Module containing EventStoreService */ ]
      })

    For more common dependency resolution issues, see: https://docs.nestjs.com/faq/common-errors

      33 |     };
      34 |
    > 35 |     const module: TestingModule = await Test.createTestingModule({
         |                                   ^
      36 |       providers: [
      37 |         BillingService,
      38 |         { provide: PrismaService, useValue: mockPrisma },

      at TestingInjector.lookupComponentInParentModules (../../../node_modules/@nestjs/core/injector/injector.js:300:19)
      at TestingInjector.resolveComponentWrapper (../../../node_modules/@nestjs/testing/testing-injector.js:19:45)
      at resolveParam (../../../node_modules/@nestjs/core/injector/injector.js:150:38)
          at async Promise.all (index 4)
      at TestingInjector.resolveConstructorParams (../../../node_modules/@nestjs/core/injector/injector.js:179:27)
      at TestingInjector.loadInstance (../../../node_modules/@nestjs/core/injector/injector.js:77:13)
      at TestingInjector.loadProvider (../../../node_modules/@nestjs/core/injector/injector.js:111:9)
      at ../../../node_modules/@nestjs/core/injector/instance-loader.js:56:13
          at async Promise.all (index 3)
      at TestingInstanceLoader.createInstancesOfProviders (../../../node_modules/@nestjs/core/injector/instance-loader.js:55:9)
      at ../../../node_modules/@nestjs/core/injector/instance-loader.js:40:13
          at async Promise.all (index 1)
      at TestingInstanceLoader.createInstances (../../../node_modules/@nestjs/core/injector/instance-loader.js:39:9)
      at TestingInstanceLoader.createInstancesOfDependencies (../../../node_modules/@nestjs/core/injector/instance-loader.js:22:13)
      at TestingInstanceLoader.createInstancesOfDependencies (../../../node_modules/@nestjs/testing/testing-instance-loader.js:9:9)
      at TestingModuleBuilder.createInstancesOfDependencies (../../../node_modules/@nestjs/testing/testing-module.builder.js:119:9)
      at TestingModuleBuilder.compile (../../../node_modules/@nestjs/testing/testing-module.builder.js:74:9)
      at Object.<anonymous> (billing/billing.service.spec.ts:35:35)

FAIL drivers/drivers.service.spec.ts
  ● DriversService › should be defined

    Nest can't resolve dependencies of the DriversService (AuditService, PrismaService, WorkflowService, EventEmitter, ?). Please make sure that the argument EventStoreService at index [4] is available in the RootTestModule module.

    Potential solutions:
    - Is RootTestModule a valid NestJS module?
    - If EventStoreService is a provider, is it part of the current RootTestModule?
    - If EventStoreService is exported from a separate @Module, is that module imported within RootTestModule?
      @Module({
        imports: [ /* the Module containing EventStoreService */ ]
      })

    For more common dependency resolution issues, see: https://docs.nestjs.com/faq/common-errors

      38 |     };
      39 |
    > 40 |     const module: TestingModule = await Test.createTestingModule({
         |                                   ^
      41 |       providers: [
      42 |         DriversService,
      43 |         { provide: AuditService, useValue: { logEvent: jest.fn() } },

      at TestingInjector.lookupComponentInParentModules (../../../node_modules/@nestjs/core/injector/injector.js:300:19)
      at TestingInjector.resolveComponentWrapper (../../../node_modules/@nestjs/testing/testing-injector.js:19:45)
      at resolveParam (../../../node_modules/@nestjs/core/injector/injector.js:150:38)
          at async Promise.all (index 4)
      at TestingInjector.resolveConstructorParams (../../../node_modules/@nestjs/core/injector/injector.js:179:27)
      at TestingInjector.loadInstance (../../../node_modules/@nestjs/core/injector/injector.js:77:13)
      at TestingInjector.loadProvider (../../../node_modules/@nestjs/core/injector/injector.js:111:9)
      at ../../../node_modules/@nestjs/core/injector/instance-loader.js:56:13
          at async Promise.all (index 3)
      at TestingInstanceLoader.createInstancesOfProviders (../../../node_modules/@nestjs/core/injector/instance-loader.js:55:9)
      at ../../../node_modules/@nestjs/core/injector/instance-loader.js:40:13
          at async Promise.all (index 1)
      at TestingInstanceLoader.createInstances (../../../node_modules/@nestjs/core/injector/instance-loader.js:39:9)
      at TestingInstanceLoader.createInstancesOfDependencies (../../../node_modules/@nestjs/core/injector/instance-loader.js:22:13)
      at TestingInstanceLoader.createInstancesOfDependencies (../../../node_modules/@nestjs/testing/testing-instance-loader.js:9:9)
      at TestingModuleBuilder.createInstancesOfDependencies (../../../node_modules/@nestjs/testing/testing-module.builder.js:119:9)
      at TestingModuleBuilder.compile (../../../node_modules/@nestjs/testing/testing-module.builder.js:74:9)
      at Object.<anonymous> (drivers/drivers.service.spec.ts:40:35)

  ● DriversService › create › should create a driver with licenseExpiry converted to Date

    Nest can't resolve dependencies of the DriversService (AuditService, PrismaService, WorkflowService, EventEmitter, ?). Please make sure that the argument EventStoreService at index [4] is available in the RootTestModule module.

    Potential solutions:
    - Is RootTestModule a valid NestJS module?
    - If EventStoreService is a provider, is it part of the current RootTestModule?
    - If EventStoreService is exported from a separate @Module, is that module imported within RootTestModule?
      @Module({
        imports: [ /* the Module containing EventStoreService */ ]
      })

    For more common dependency resolution issues, see: https://docs.nestjs.com/faq/common-errors

      38 |     };
      39 |
    > 40 |     const module: TestingModule = await Test.createTestingModule({
         |                                   ^
      41 |       providers: [
      42 |         DriversService,
      43 |         { provide: AuditService, useValue: { logEvent: jest.fn() } },

      at TestingInjector.lookupComponentInParentModules (../../../node_modules/@nestjs/core/injector/injector.js:300:19)
      at TestingInjector.resolveComponentWrapper (../../../node_modules/@nestjs/testing/testing-injector.js:19:45)
      at resolveParam (../../../node_modules/@nestjs/core/injector/injector.js:150:38)
          at async Promise.all (index 4)
      at TestingInjector.resolveConstructorParams (../../../node_modules/@nestjs/core/injector/injector.js:179:27)
      at TestingInjector.loadInstance (../../../node_modules/@nestjs/core/injector/injector.js:77:13)
      at TestingInjector.loadProvider (../../../node_modules/@nestjs/core/injector/injector.js:111:9)
      at ../../../node_modules/@nestjs/core/injector/instance-loader.js:56:13
          at async Promise.all (index 3)
      at TestingInstanceLoader.createInstancesOfProviders (../../../node_modules/@nestjs/core/injector/instance-loader.js:55:9)
      at ../../../node_modules/@nestjs/core/injector/instance-loader.js:40:13
          at async Promise.all (index 1)
      at TestingInstanceLoader.createInstances (../../../node_modules/@nestjs/core/injector/instance-loader.js:39:9)
      at TestingInstanceLoader.createInstancesOfDependencies (../../../node_modules/@nestjs/core/injector/instance-loader.js:22:13)
      at TestingInstanceLoader.createInstancesOfDependencies (../../../node_modules/@nestjs/testing/testing-instance-loader.js:9:9)
      at TestingModuleBuilder.createInstancesOfDependencies (../../../node_modules/@nestjs/testing/testing-module.builder.js:119:9)
      at TestingModuleBuilder.compile (../../../node_modules/@nestjs/testing/testing-module.builder.js:74:9)
      at Object.<anonymous> (drivers/drivers.service.spec.ts:40:35)

  ● DriversService › create › should create a driver without licenseExpiry

    Nest can't resolve dependencies of the DriversService (AuditService, PrismaService, WorkflowService, EventEmitter, ?). Please make sure that the argument EventStoreService at index [4] is available in the RootTestModule module.

    Potential solutions:
    - Is RootTestModule a valid NestJS module?
    - If EventStoreService is a provider, is it part of the current RootTestModule?
    - If EventStoreService is exported from a separate @Module, is that module imported within RootTestModule?
      @Module({
        imports: [ /* the Module containing EventStoreService */ ]
      })

    For more common dependency resolution issues, see: https://docs.nestjs.com/faq/common-errors

      38 |     };
      39 |
    > 40 |     const module: TestingModule = await Test.createTestingModule({
         |                                   ^
      41 |       providers: [
      42 |         DriversService,
      43 |         { provide: AuditService, useValue: { logEvent: jest.fn() } },

      at TestingInjector.lookupComponentInParentModules (../../../node_modules/@nestjs/core/injector/injector.js:300:19)
      at TestingInjector.resolveComponentWrapper (../../../node_modules/@nestjs/testing/testing-injector.js:19:45)
      at resolveParam (../../../node_modules/@nestjs/core/injector/injector.js:150:38)
          at async Promise.all (index 4)
      at TestingInjector.resolveConstructorParams (../../../node_modules/@nestjs/core/injector/injector.js:179:27)
      at TestingInjector.loadInstance (../../../node_modules/@nestjs/core/injector/injector.js:77:13)
      at TestingInjector.loadProvider (../../../node_modules/@nestjs/core/injector/injector.js:111:9)
      at ../../../node_modules/@nestjs/core/injector/instance-loader.js:56:13
          at async Promise.all (index 3)
      at TestingInstanceLoader.createInstancesOfProviders (../../../node_modules/@nestjs/core/injector/instance-loader.js:55:9)
      at ../../../node_modules/@nestjs/core/injector/instance-loader.js:40:13
          at async Promise.all (index 1)
      at TestingInstanceLoader.createInstances (../../../node_modules/@nestjs/core/injector/instance-loader.js:39:9)
      at TestingInstanceLoader.createInstancesOfDependencies (../../../node_modules/@nestjs/core/injector/instance-loader.js:22:13)
      at TestingInstanceLoader.createInstancesOfDependencies (../../../node_modules/@nestjs/testing/testing-instance-loader.js:9:9)
      at TestingModuleBuilder.createInstancesOfDependencies (../../../node_modules/@nestjs/testing/testing-module.builder.js:119:9)
      at TestingModuleBuilder.compile (../../../node_modules/@nestjs/testing/testing-module.builder.js:74:9)
      at Object.<anonymous> (drivers/drivers.service.spec.ts:40:35)

  ● DriversService › findAll › should return paginated drivers

    Nest can't resolve dependencies of the DriversService (AuditService, PrismaService, WorkflowService, EventEmitter, ?). Please make sure that the argument EventStoreService at index [4] is available in the RootTestModule module.

    Potential solutions:
    - Is RootTestModule a valid NestJS module?
    - If EventStoreService is a provider, is it part of the current RootTestModule?
    - If EventStoreService is exported from a separate @Module, is that module imported within RootTestModule?
      @Module({
        imports: [ /* the Module containing EventStoreService */ ]
      })

    For more common dependency resolution issues, see: https://docs.nestjs.com/faq/common-errors

      38 |     };
      39 |
    > 40 |     const module: TestingModule = await Test.createTestingModule({
         |                                   ^
      41 |       providers: [
      42 |         DriversService,
      43 |         { provide: AuditService, useValue: { logEvent: jest.fn() } },

      at TestingInjector.lookupComponentInParentModules (../../../node_modules/@nestjs/core/injector/injector.js:300:19)
      at TestingInjector.resolveComponentWrapper (../../../node_modules/@nestjs/testing/testing-injector.js:19:45)
      at resolveParam (../../../node_modules/@nestjs/core/injector/injector.js:150:38)
          at async Promise.all (index 4)
      at TestingInjector.resolveConstructorParams (../../../node_modules/@nestjs/core/injector/injector.js:179:27)
      at TestingInjector.loadInstance (../../../node_modules/@nestjs/core/injector/injector.js:77:13)
      at TestingInjector.loadProvider (../../../node_modules/@nestjs/core/injector/injector.js:111:9)
      at ../../../node_modules/@nestjs/core/injector/instance-loader.js:56:13
          at async Promise.all (index 3)
      at TestingInstanceLoader.createInstancesOfProviders (../../../node_modules/@nestjs/core/injector/instance-loader.js:55:9)
      at ../../../node_modules/@nestjs/core/injector/instance-loader.js:40:13
          at async Promise.all (index 1)
      at TestingInstanceLoader.createInstances (../../../node_modules/@nestjs/core/injector/instance-loader.js:39:9)
      at TestingInstanceLoader.createInstancesOfDependencies (../../../node_modules/@nestjs/core/injector/instance-loader.js:22:13)
      at TestingInstanceLoader.createInstancesOfDependencies (../../../node_modules/@nestjs/testing/testing-instance-loader.js:9:9)
      at TestingModuleBuilder.createInstancesOfDependencies (../../../node_modules/@nestjs/testing/testing-module.builder.js:119:9)
      at TestingModuleBuilder.compile (../../../node_modules/@nestjs/testing/testing-module.builder.js:74:9)
      at Object.<anonymous> (drivers/drivers.service.spec.ts:40:35)

  ● DriversService › findAll › should filter by status when provided

    Nest can't resolve dependencies of the DriversService (AuditService, PrismaService, WorkflowService, EventEmitter, ?). Please make sure that the argument EventStoreService at index [4] is available in the RootTestModule module.

    Potential solutions:
    - Is RootTestModule a valid NestJS module?
    - If EventStoreService is a provider, is it part of the current RootTestModule?
    - If EventStoreService is exported from a separate @Module, is that module imported within RootTestModule?
      @Module({
        imports: [ /* the Module containing EventStoreService */ ]
      })

    For more common dependency resolution issues, see: https://docs.nestjs.com/faq/common-errors

      38 |     };
      39 |
    > 40 |     const module: TestingModule = await Test.createTestingModule({
         |                                   ^
      41 |       providers: [
      42 |         DriversService,
      43 |         { provide: AuditService, useValue: { logEvent: jest.fn() } },

      at TestingInjector.lookupComponentInParentModules (../../../node_modules/@nestjs/core/injector/injector.js:300:19)
      at TestingInjector.resolveComponentWrapper (../../../node_modules/@nestjs/testing/testing-injector.js:19:45)
      at resolveParam (../../../node_modules/@nestjs/core/injector/injector.js:150:38)
          at async Promise.all (index 4)
      at TestingInjector.resolveConstructorParams (../../../node_modules/@nestjs/core/injector/injector.js:179:27)
      at TestingInjector.loadInstance (../../../node_modules/@nestjs/core/injector/injector.js:77:13)
      at TestingInjector.loadProvider (../../../node_modules/@nestjs/core/injector/injector.js:111:9)
      at ../../../node_modules/@nestjs/core/injector/instance-loader.js:56:13
          at async Promise.all (index 3)
      at TestingInstanceLoader.createInstancesOfProviders (../../../node_modules/@nestjs/core/injector/instance-loader.js:55:9)
      at ../../../node_modules/@nestjs/core/injector/instance-loader.js:40:13
          at async Promise.all (index 1)
      at TestingInstanceLoader.createInstances (../../../node_modules/@nestjs/core/injector/instance-loader.js:39:9)
      at TestingInstanceLoader.createInstancesOfDependencies (../../../node_modules/@nestjs/core/injector/instance-loader.js:22:13)
      at TestingInstanceLoader.createInstancesOfDependencies (../../../node_modules/@nestjs/testing/testing-instance-loader.js:9:9)
      at TestingModuleBuilder.createInstancesOfDependencies (../../../node_modules/@nestjs/testing/testing-module.builder.js:119:9)
      at TestingModuleBuilder.compile (../../../node_modules/@nestjs/testing/testing-module.builder.js:74:9)
      at Object.<anonymous> (drivers/drivers.service.spec.ts:40:35)

  ● DriversService › findAll › should apply search filter when provided

    Nest can't resolve dependencies of the DriversService (AuditService, PrismaService, WorkflowService, EventEmitter, ?). Please make sure that the argument EventStoreService at index [4] is available in the RootTestModule module.

    Potential solutions:
    - Is RootTestModule a valid NestJS module?
    - If EventStoreService is a provider, is it part of the current RootTestModule?
    - If EventStoreService is exported from a separate @Module, is that module imported within RootTestModule?
      @Module({
        imports: [ /* the Module containing EventStoreService */ ]
      })

    For more common dependency resolution issues, see: https://docs.nestjs.com/faq/common-errors

      38 |     };
      39 |
    > 40 |     const module: TestingModule = await Test.createTestingModule({
         |                                   ^
      41 |       providers: [
      42 |         DriversService,
      43 |         { provide: AuditService, useValue: { logEvent: jest.fn() } },

      at TestingInjector.lookupComponentInParentModules (../../../node_modules/@nestjs/core/injector/injector.js:300:19)
      at TestingInjector.resolveComponentWrapper (../../../node_modules/@nestjs/testing/testing-injector.js:19:45)
      at resolveParam (../../../node_modules/@nestjs/core/injector/injector.js:150:38)
          at async Promise.all (index 4)
      at TestingInjector.resolveConstructorParams (../../../node_modules/@nestjs/core/injector/injector.js:179:27)
      at TestingInjector.loadInstance (../../../node_modules/@nestjs/core/injector/injector.js:77:13)
      at TestingInjector.loadProvider (../../../node_modules/@nestjs/core/injector/injector.js:111:9)
      at ../../../node_modules/@nestjs/core/injector/instance-loader.js:56:13
          at async Promise.all (index 3)
      at TestingInstanceLoader.createInstancesOfProviders (../../../node_modules/@nestjs/core/injector/instance-loader.js:55:9)
      at ../../../node_modules/@nestjs/core/injector/instance-loader.js:40:13
          at async Promise.all (index 1)
      at TestingInstanceLoader.createInstances (../../../node_modules/@nestjs/core/injector/instance-loader.js:39:9)
      at TestingInstanceLoader.createInstancesOfDependencies (../../../node_modules/@nestjs/core/injector/instance-loader.js:22:13)
      at TestingInstanceLoader.createInstancesOfDependencies (../../../node_modules/@nestjs/testing/testing-instance-loader.js:9:9)
      at TestingModuleBuilder.createInstancesOfDependencies (../../../node_modules/@nestjs/testing/testing-module.builder.js:119:9)
      at TestingModuleBuilder.compile (../../../node_modules/@nestjs/testing/testing-module.builder.js:74:9)
      at Object.<anonymous> (drivers/drivers.service.spec.ts:40:35)

  ● DriversService › findOne › should return a driver if found

    Nest can't resolve dependencies of the DriversService (AuditService, PrismaService, WorkflowService, EventEmitter, ?). Please make sure that the argument EventStoreService at index [4] is available in the RootTestModule module.

    Potential solutions:
    - Is RootTestModule a valid NestJS module?
    - If EventStoreService is a provider, is it part of the current RootTestModule?
    - If EventStoreService is exported from a separate @Module, is that module imported within RootTestModule?
      @Module({
        imports: [ /* the Module containing EventStoreService */ ]
      })

    For more common dependency resolution issues, see: https://docs.nestjs.com/faq/common-errors

      38 |     };
      39 |
    > 40 |     const module: TestingModule = await Test.createTestingModule({
         |                                   ^
      41 |       providers: [
      42 |         DriversService,
      43 |         { provide: AuditService, useValue: { logEvent: jest.fn() } },

      at TestingInjector.lookupComponentInParentModules (../../../node_modules/@nestjs/core/injector/injector.js:300:19)
      at TestingInjector.resolveComponentWrapper (../../../node_modules/@nestjs/testing/testing-injector.js:19:45)
      at resolveParam (../../../node_modules/@nestjs/core/injector/injector.js:150:38)
          at async Promise.all (index 4)
      at TestingInjector.resolveConstructorParams (../../../node_modules/@nestjs/core/injector/injector.js:179:27)
      at TestingInjector.loadInstance (../../../node_modules/@nestjs/core/injector/injector.js:77:13)
      at TestingInjector.loadProvider (../../../node_modules/@nestjs/core/injector/injector.js:111:9)
      at ../../../node_modules/@nestjs/core/injector/instance-loader.js:56:13
          at async Promise.all (index 3)
      at TestingInstanceLoader.createInstancesOfProviders (../../../node_modules/@nestjs/core/injector/instance-loader.js:55:9)
      at ../../../node_modules/@nestjs/core/injector/instance-loader.js:40:13
          at async Promise.all (index 1)
      at TestingInstanceLoader.createInstances (../../../node_modules/@nestjs/core/injector/instance-loader.js:39:9)
      at TestingInstanceLoader.createInstancesOfDependencies (../../../node_modules/@nestjs/core/injector/instance-loader.js:22:13)
      at TestingInstanceLoader.createInstancesOfDependencies (../../../node_modules/@nestjs/testing/testing-instance-loader.js:9:9)
      at TestingModuleBuilder.createInstancesOfDependencies (../../../node_modules/@nestjs/testing/testing-module.builder.js:119:9)
      at TestingModuleBuilder.compile (../../../node_modules/@nestjs/testing/testing-module.builder.js:74:9)
      at Object.<anonymous> (drivers/drivers.service.spec.ts:40:35)

  ● DriversService › findOne › should throw NotFoundException if driver not found

    Nest can't resolve dependencies of the DriversService (AuditService, PrismaService, WorkflowService, EventEmitter, ?). Please make sure that the argument EventStoreService at index [4] is available in the RootTestModule module.

    Potential solutions:
    - Is RootTestModule a valid NestJS module?
    - If EventStoreService is a provider, is it part of the current RootTestModule?
    - If EventStoreService is exported from a separate @Module, is that module imported within RootTestModule?
      @Module({
        imports: [ /* the Module containing EventStoreService */ ]
      })

    For more common dependency resolution issues, see: https://docs.nestjs.com/faq/common-errors

      38 |     };
      39 |
    > 40 |     const module: TestingModule = await Test.createTestingModule({
         |                                   ^
      41 |       providers: [
      42 |         DriversService,
      43 |         { provide: AuditService, useValue: { logEvent: jest.fn() } },

      at TestingInjector.lookupComponentInParentModules (../../../node_modules/@nestjs/core/injector/injector.js:300:19)
      at TestingInjector.resolveComponentWrapper (../../../node_modules/@nestjs/testing/testing-injector.js:19:45)
      at resolveParam (../../../node_modules/@nestjs/core/injector/injector.js:150:38)
          at async Promise.all (index 4)
      at TestingInjector.resolveConstructorParams (../../../node_modules/@nestjs/core/injector/injector.js:179:27)
      at TestingInjector.loadInstance (../../../node_modules/@nestjs/core/injector/injector.js:77:13)
      at TestingInjector.loadProvider (../../../node_modules/@nestjs/core/injector/injector.js:111:9)
      at ../../../node_modules/@nestjs/core/injector/instance-loader.js:56:13
          at async Promise.all (index 3)
      at TestingInstanceLoader.createInstancesOfProviders (../../../node_modules/@nestjs/core/injector/instance-loader.js:55:9)
      at ../../../node_modules/@nestjs/core/injector/instance-loader.js:40:13
          at async Promise.all (index 1)
      at TestingInstanceLoader.createInstances (../../../node_modules/@nestjs/core/injector/instance-loader.js:39:9)
      at TestingInstanceLoader.createInstancesOfDependencies (../../../node_modules/@nestjs/core/injector/instance-loader.js:22:13)
      at TestingInstanceLoader.createInstancesOfDependencies (../../../node_modules/@nestjs/testing/testing-instance-loader.js:9:9)
      at TestingModuleBuilder.createInstancesOfDependencies (../../../node_modules/@nestjs/testing/testing-module.builder.js:119:9)
      at TestingModuleBuilder.compile (../../../node_modules/@nestjs/testing/testing-module.builder.js:74:9)
      at Object.<anonymous> (drivers/drivers.service.spec.ts:40:35)

  ● DriversService › remove › should soft-delete driver and set status to TERMINATED

    Nest can't resolve dependencies of the DriversService (AuditService, PrismaService, WorkflowService, EventEmitter, ?). Please make sure that the argument EventStoreService at index [4] is available in the RootTestModule module.

    Potential solutions:
    - Is RootTestModule a valid NestJS module?
    - If EventStoreService is a provider, is it part of the current RootTestModule?
    - If EventStoreService is exported from a separate @Module, is that module imported within RootTestModule?
      @Module({
        imports: [ /* the Module containing EventStoreService */ ]
      })

    For more common dependency resolution issues, see: https://docs.nestjs.com/faq/common-errors

      38 |     };
      39 |
    > 40 |     const module: TestingModule = await Test.createTestingModule({
         |                                   ^
      41 |       providers: [
      42 |         DriversService,
      43 |         { provide: AuditService, useValue: { logEvent: jest.fn() } },

      at TestingInjector.lookupComponentInParentModules (../../../node_modules/@nestjs/core/injector/injector.js:300:19)
      at TestingInjector.resolveComponentWrapper (../../../node_modules/@nestjs/testing/testing-injector.js:19:45)
      at resolveParam (../../../node_modules/@nestjs/core/injector/injector.js:150:38)
          at async Promise.all (index 4)
      at TestingInjector.resolveConstructorParams (../../../node_modules/@nestjs/core/injector/injector.js:179:27)
      at TestingInjector.loadInstance (../../../node_modules/@nestjs/core/injector/injector.js:77:13)
      at TestingInjector.loadProvider (../../../node_modules/@nestjs/core/injector/injector.js:111:9)
      at ../../../node_modules/@nestjs/core/injector/instance-loader.js:56:13
          at async Promise.all (index 3)
      at TestingInstanceLoader.createInstancesOfProviders (../../../node_modules/@nestjs/core/injector/instance-loader.js:55:9)
      at ../../../node_modules/@nestjs/core/injector/instance-loader.js:40:13
          at async Promise.all (index 1)
      at TestingInstanceLoader.createInstances (../../../node_modules/@nestjs/core/injector/instance-loader.js:39:9)
      at TestingInstanceLoader.createInstancesOfDependencies (../../../node_modules/@nestjs/core/injector/instance-loader.js:22:13)
      at TestingInstanceLoader.createInstancesOfDependencies (../../../node_modules/@nestjs/testing/testing-instance-loader.js:9:9)
      at TestingModuleBuilder.createInstancesOfDependencies (../../../node_modules/@nestjs/testing/testing-module.builder.js:119:9)
      at TestingModuleBuilder.compile (../../../node_modules/@nestjs/testing/testing-module.builder.js:74:9)
      at Object.<anonymous> (drivers/drivers.service.spec.ts:40:35)

  ● DriversService › remove › should throw NotFoundException if driver not found

    Nest can't resolve dependencies of the DriversService (AuditService, PrismaService, WorkflowService, EventEmitter, ?). Please make sure that the argument EventStoreService at index [4] is available in the RootTestModule module.

    Potential solutions:
    - Is RootTestModule a valid NestJS module?
    - If EventStoreService is a provider, is it part of the current RootTestModule?
    - If EventStoreService is exported from a separate @Module, is that module imported within RootTestModule?
      @Module({
        imports: [ /* the Module containing EventStoreService */ ]
      })

    For more common dependency resolution issues, see: https://docs.nestjs.com/faq/common-errors

      38 |     };
      39 |
    > 40 |     const module: TestingModule = await Test.createTestingModule({
         |                                   ^
      41 |       providers: [
      42 |         DriversService,
      43 |         { provide: AuditService, useValue: { logEvent: jest.fn() } },

      at TestingInjector.lookupComponentInParentModules (../../../node_modules/@nestjs/core/injector/injector.js:300:19)
      at TestingInjector.resolveComponentWrapper (../../../node_modules/@nestjs/testing/testing-injector.js:19:45)
      at resolveParam (../../../node_modules/@nestjs/core/injector/injector.js:150:38)
          at async Promise.all (index 4)
      at TestingInjector.resolveConstructorParams (../../../node_modules/@nestjs/core/injector/injector.js:179:27)
      at TestingInjector.loadInstance (../../../node_modules/@nestjs/core/injector/injector.js:77:13)
      at TestingInjector.loadProvider (../../../node_modules/@nestjs/core/injector/injector.js:111:9)
      at ../../../node_modules/@nestjs/core/injector/instance-loader.js:56:13
          at async Promise.all (index 3)
      at TestingInstanceLoader.createInstancesOfProviders (../../../node_modules/@nestjs/core/injector/instance-loader.js:55:9)
      at ../../../node_modules/@nestjs/core/injector/instance-loader.js:40:13
          at async Promise.all (index 1)
      at TestingInstanceLoader.createInstances (../../../node_modules/@nestjs/core/injector/instance-loader.js:39:9)
      at TestingInstanceLoader.createInstancesOfDependencies (../../../node_modules/@nestjs/core/injector/instance-loader.js:22:13)
      at TestingInstanceLoader.createInstancesOfDependencies (../../../node_modules/@nestjs/testing/testing-instance-loader.js:9:9)
      at TestingModuleBuilder.createInstancesOfDependencies (../../../node_modules/@nestjs/testing/testing-module.builder.js:119:9)
      at TestingModuleBuilder.compile (../../../node_modules/@nestjs/testing/testing-module.builder.js:74:9)
      at Object.<anonymous> (drivers/drivers.service.spec.ts:40:35)

  ● DriversService › update › should update a driver

    Nest can't resolve dependencies of the DriversService (AuditService, PrismaService, WorkflowService, EventEmitter, ?). Please make sure that the argument EventStoreService at index [4] is available in the RootTestModule module.

    Potential solutions:
    - Is RootTestModule a valid NestJS module?
    - If EventStoreService is a provider, is it part of the current RootTestModule?
    - If EventStoreService is exported from a separate @Module, is that module imported within RootTestModule?
      @Module({
        imports: [ /* the Module containing EventStoreService */ ]
      })

    For more common dependency resolution issues, see: https://docs.nestjs.com/faq/common-errors

      38 |     };
      39 |
    > 40 |     const module: TestingModule = await Test.createTestingModule({
         |                                   ^
      41 |       providers: [
      42 |         DriversService,
      43 |         { provide: AuditService, useValue: { logEvent: jest.fn() } },

      at TestingInjector.lookupComponentInParentModules (../../../node_modules/@nestjs/core/injector/injector.js:300:19)
      at TestingInjector.resolveComponentWrapper (../../../node_modules/@nestjs/testing/testing-injector.js:19:45)
      at resolveParam (../../../node_modules/@nestjs/core/injector/injector.js:150:38)
          at async Promise.all (index 4)
      at TestingInjector.resolveConstructorParams (../../../node_modules/@nestjs/core/injector/injector.js:179:27)
      at TestingInjector.loadInstance (../../../node_modules/@nestjs/core/injector/injector.js:77:13)
      at TestingInjector.loadProvider (../../../node_modules/@nestjs/core/injector/injector.js:111:9)
      at ../../../node_modules/@nestjs/core/injector/instance-loader.js:56:13
          at async Promise.all (index 3)
      at TestingInstanceLoader.createInstancesOfProviders (../../../node_modules/@nestjs/core/injector/instance-loader.js:55:9)
      at ../../../node_modules/@nestjs/core/injector/instance-loader.js:40:13
          at async Promise.all (index 1)
      at TestingInstanceLoader.createInstances (../../../node_modules/@nestjs/core/injector/instance-loader.js:39:9)
      at TestingInstanceLoader.createInstancesOfDependencies (../../../node_modules/@nestjs/core/injector/instance-loader.js:22:13)
      at TestingInstanceLoader.createInstancesOfDependencies (../../../node_modules/@nestjs/testing/testing-instance-loader.js:9:9)
      at TestingModuleBuilder.createInstancesOfDependencies (../../../node_modules/@nestjs/testing/testing-module.builder.js:119:9)
      at TestingModuleBuilder.compile (../../../node_modules/@nestjs/testing/testing-module.builder.js:74:9)
      at Object.<anonymous> (drivers/drivers.service.spec.ts:40:35)

  ● DriversService › update › should throw NotFoundException if driver not found

    Nest can't resolve dependencies of the DriversService (AuditService, PrismaService, WorkflowService, EventEmitter, ?). Please make sure that the argument EventStoreService at index [4] is available in the RootTestModule module.

    Potential solutions:
    - Is RootTestModule a valid NestJS module?
    - If EventStoreService is a provider, is it part of the current RootTestModule?
    - If EventStoreService is exported from a separate @Module, is that module imported within RootTestModule?
      @Module({
        imports: [ /* the Module containing EventStoreService */ ]
      })

    For more common dependency resolution issues, see: https://docs.nestjs.com/faq/common-errors

      38 |     };
      39 |
    > 40 |     const module: TestingModule = await Test.createTestingModule({
         |                                   ^
      41 |       providers: [
      42 |         DriversService,
      43 |         { provide: AuditService, useValue: { logEvent: jest.fn() } },

      at TestingInjector.lookupComponentInParentModules (../../../node_modules/@nestjs/core/injector/injector.js:300:19)
      at TestingInjector.resolveComponentWrapper (../../../node_modules/@nestjs/testing/testing-injector.js:19:45)
      at resolveParam (../../../node_modules/@nestjs/core/injector/injector.js:150:38)
          at async Promise.all (index 4)
      at TestingInjector.resolveConstructorParams (../../../node_modules/@nestjs/core/injector/injector.js:179:27)
      at TestingInjector.loadInstance (../../../node_modules/@nestjs/core/injector/injector.js:77:13)
      at TestingInjector.loadProvider (../../../node_modules/@nestjs/core/injector/injector.js:111:9)
      at ../../../node_modules/@nestjs/core/injector/instance-loader.js:56:13
          at async Promise.all (index 3)
      at TestingInstanceLoader.createInstancesOfProviders (../../../node_modules/@nestjs/core/injector/instance-loader.js:55:9)
      at ../../../node_modules/@nestjs/core/injector/instance-loader.js:40:13
          at async Promise.all (index 1)
      at TestingInstanceLoader.createInstances (../../../node_modules/@nestjs/core/injector/instance-loader.js:39:9)
      at TestingInstanceLoader.createInstancesOfDependencies (../../../node_modules/@nestjs/core/injector/instance-loader.js:22:13)
      at TestingInstanceLoader.createInstancesOfDependencies (../../../node_modules/@nestjs/testing/testing-instance-loader.js:9:9)
      at TestingModuleBuilder.createInstancesOfDependencies (../../../node_modules/@nestjs/testing/testing-module.builder.js:119:9)
      at TestingModuleBuilder.compile (../../../node_modules/@nestjs/testing/testing-module.builder.js:74:9)
      at Object.<anonymous> (drivers/drivers.service.spec.ts:40:35)

FAIL admin/enterprise-admin.service.spec.ts
  ● Enterprise Administration Platform Services › LicenseAdminService › should get license overview with seat utilization

    TypeError: Cannot read properties of undefined (reading 'count')

      61 |       ),
      62 |       this.prisma.runAsSystem(async (tx) =>
    > 63 |         tx.vehicle.count({ where: { companyId } }),
         |                    ^
      64 |       ),
      65 |       this.prisma.runAsSystem(async (tx) =>
      66 |         tx.driver.count({ where: { companyId } }),

      at admin/services/license-admin.service.ts:63:20
      at Object.<anonymous> (admin/enterprise-admin.service.spec.ts:35:47)
      at LicenseAdminService.getLicenseOverview (admin/services/license-admin.service.ts:62:19)
      at Object.<anonymous> (admin/enterprise-admin.service.spec.ts:408:45)

FAIL trips/trips.service.spec.ts
  ● TripsService › should be defined

    Nest can't resolve dependencies of the TripsService (AuditService, PrismaService, EventEmitter, WorkflowService, ?). Please make sure that the argument EventStoreService at index [4] is available in the RootTestModule module.

    Potential solutions:
    - Is RootTestModule a valid NestJS module?
    - If EventStoreService is a provider, is it part of the current RootTestModule?
    - If EventStoreService is exported from a separate @Module, is that module imported within RootTestModule?
      @Module({
        imports: [ /* the Module containing EventStoreService */ ]
      })

    For more common dependency resolution issues, see: https://docs.nestjs.com/faq/common-errors

      40 |     };
      41 |
    > 42 |     const module: TestingModule = await Test.createTestingModule({
         |                                   ^
      43 |       providers: [
      44 |         TripsService,
      45 |         { provide: AuditService, useValue: { logEvent: jest.fn() } },

      at TestingInjector.lookupComponentInParentModules (../../../node_modules/@nestjs/core/injector/injector.js:300:19)
      at TestingInjector.resolveComponentWrapper (../../../node_modules/@nestjs/testing/testing-injector.js:19:45)
      at resolveParam (../../../node_modules/@nestjs/core/injector/injector.js:150:38)
          at async Promise.all (index 4)
      at TestingInjector.resolveConstructorParams (../../../node_modules/@nestjs/core/injector/injector.js:179:27)
      at TestingInjector.loadInstance (../../../node_modules/@nestjs/core/injector/injector.js:77:13)
      at TestingInjector.loadProvider (../../../node_modules/@nestjs/core/injector/injector.js:111:9)
      at ../../../node_modules/@nestjs/core/injector/instance-loader.js:56:13
          at async Promise.all (index 3)
      at TestingInstanceLoader.createInstancesOfProviders (../../../node_modules/@nestjs/core/injector/instance-loader.js:55:9)
      at ../../../node_modules/@nestjs/core/injector/instance-loader.js:40:13
          at async Promise.all (index 1)
      at TestingInstanceLoader.createInstances (../../../node_modules/@nestjs/core/injector/instance-loader.js:39:9)
      at TestingInstanceLoader.createInstancesOfDependencies (../../../node_modules/@nestjs/core/injector/instance-loader.js:22:13)
      at TestingInstanceLoader.createInstancesOfDependencies (../../../node_modules/@nestjs/testing/testing-instance-loader.js:9:9)
      at TestingModuleBuilder.createInstancesOfDependencies (../../../node_modules/@nestjs/testing/testing-module.builder.js:119:9)
      at TestingModuleBuilder.compile (../../../node_modules/@nestjs/testing/testing-module.builder.js:74:9)
      at Object.<anonymous> (trips/trips.service.spec.ts:42:35)

  ● TripsService › create › should auto-generate a tripNumber if not provided

    Nest can't resolve dependencies of the TripsService (AuditService, PrismaService, EventEmitter, WorkflowService, ?). Please make sure that the argument EventStoreService at index [4] is available in the RootTestModule module.

    Potential solutions:
    - Is RootTestModule a valid NestJS module?
    - If EventStoreService is a provider, is it part of the current RootTestModule?
    - If EventStoreService is exported from a separate @Module, is that module imported within RootTestModule?
      @Module({
        imports: [ /* the Module containing EventStoreService */ ]
      })

    For more common dependency resolution issues, see: https://docs.nestjs.com/faq/common-errors

      40 |     };
      41 |
    > 42 |     const module: TestingModule = await Test.createTestingModule({
         |                                   ^
      43 |       providers: [
      44 |         TripsService,
      45 |         { provide: AuditService, useValue: { logEvent: jest.fn() } },

      at TestingInjector.lookupComponentInParentModules (../../../node_modules/@nestjs/core/injector/injector.js:300:19)
      at TestingInjector.resolveComponentWrapper (../../../node_modules/@nestjs/testing/testing-injector.js:19:45)
      at resolveParam (../../../node_modules/@nestjs/core/injector/injector.js:150:38)
          at async Promise.all (index 4)
      at TestingInjector.resolveConstructorParams (../../../node_modules/@nestjs/core/injector/injector.js:179:27)
      at TestingInjector.loadInstance (../../../node_modules/@nestjs/core/injector/injector.js:77:13)
      at TestingInjector.loadProvider (../../../node_modules/@nestjs/core/injector/injector.js:111:9)
      at ../../../node_modules/@nestjs/core/injector/instance-loader.js:56:13
          at async Promise.all (index 3)
      at TestingInstanceLoader.createInstancesOfProviders (../../../node_modules/@nestjs/core/injector/instance-loader.js:55:9)
      at ../../../node_modules/@nestjs/core/injector/instance-loader.js:40:13
          at async Promise.all (index 1)
      at TestingInstanceLoader.createInstances (../../../node_modules/@nestjs/core/injector/instance-loader.js:39:9)
      at TestingInstanceLoader.createInstancesOfDependencies (../../../node_modules/@nestjs/core/injector/instance-loader.js:22:13)
      at TestingInstanceLoader.createInstancesOfDependencies (../../../node_modules/@nestjs/testing/testing-instance-loader.js:9:9)
      at TestingModuleBuilder.createInstancesOfDependencies (../../../node_modules/@nestjs/testing/testing-module.builder.js:119:9)
      at TestingModuleBuilder.compile (../../../node_modules/@nestjs/testing/testing-module.builder.js:74:9)
      at Object.<anonymous> (trips/trips.service.spec.ts:42:35)

  ● TripsService › create › should use provided tripNumber if given

    Nest can't resolve dependencies of the TripsService (AuditService, PrismaService, EventEmitter, WorkflowService, ?). Please make sure that the argument EventStoreService at index [4] is available in the RootTestModule module.

    Potential solutions:
    - Is RootTestModule a valid NestJS module?
    - If EventStoreService is a provider, is it part of the current RootTestModule?
    - If EventStoreService is exported from a separate @Module, is that module imported within RootTestModule?
      @Module({
        imports: [ /* the Module containing EventStoreService */ ]
      })

    For more common dependency resolution issues, see: https://docs.nestjs.com/faq/common-errors

      40 |     };
      41 |
    > 42 |     const module: TestingModule = await Test.createTestingModule({
         |                                   ^
      43 |       providers: [
      44 |         TripsService,
      45 |         { provide: AuditService, useValue: { logEvent: jest.fn() } },

      at TestingInjector.lookupComponentInParentModules (../../../node_modules/@nestjs/core/injector/injector.js:300:19)
      at TestingInjector.resolveComponentWrapper (../../../node_modules/@nestjs/testing/testing-injector.js:19:45)
      at resolveParam (../../../node_modules/@nestjs/core/injector/injector.js:150:38)
          at async Promise.all (index 4)
      at TestingInjector.resolveConstructorParams (../../../node_modules/@nestjs/core/injector/injector.js:179:27)
      at TestingInjector.loadInstance (../../../node_modules/@nestjs/core/injector/injector.js:77:13)
      at TestingInjector.loadProvider (../../../node_modules/@nestjs/core/injector/injector.js:111:9)
      at ../../../node_modules/@nestjs/core/injector/instance-loader.js:56:13
          at async Promise.all (index 3)
      at TestingInstanceLoader.createInstancesOfProviders (../../../node_modules/@nestjs/core/injector/instance-loader.js:55:9)
      at ../../../node_modules/@nestjs/core/injector/instance-loader.js:40:13
          at async Promise.all (index 1)
      at TestingInstanceLoader.createInstances (../../../node_modules/@nestjs/core/injector/instance-loader.js:39:9)
      at TestingInstanceLoader.createInstancesOfDependencies (../../../node_modules/@nestjs/core/injector/instance-loader.js:22:13)
      at TestingInstanceLoader.createInstancesOfDependencies (../../../node_modules/@nestjs/testing/testing-instance-loader.js:9:9)
      at TestingModuleBuilder.createInstancesOfDependencies (../../../node_modules/@nestjs/testing/testing-module.builder.js:119:9)
      at TestingModuleBuilder.compile (../../../node_modules/@nestjs/testing/testing-module.builder.js:74:9)
      at Object.<anonymous> (trips/trips.service.spec.ts:42:35)

  ● TripsService › create › should convert date strings to Date objects

    Nest can't resolve dependencies of the TripsService (AuditService, PrismaService, EventEmitter, WorkflowService, ?). Please make sure that the argument EventStoreService at index [4] is available in the RootTestModule module.

    Potential solutions:
    - Is RootTestModule a valid NestJS module?
    - If EventStoreService is a provider, is it part of the current RootTestModule?
    - If EventStoreService is exported from a separate @Module, is that module imported within RootTestModule?
      @Module({
        imports: [ /* the Module containing EventStoreService */ ]
      })

    For more common dependency resolution issues, see: https://docs.nestjs.com/faq/common-errors

      40 |     };
      41 |
    > 42 |     const module: TestingModule = await Test.createTestingModule({
         |                                   ^
      43 |       providers: [
      44 |         TripsService,
      45 |         { provide: AuditService, useValue: { logEvent: jest.fn() } },

      at TestingInjector.lookupComponentInParentModules (../../../node_modules/@nestjs/core/injector/injector.js:300:19)
      at TestingInjector.resolveComponentWrapper (../../../node_modules/@nestjs/testing/testing-injector.js:19:45)
      at resolveParam (../../../node_modules/@nestjs/core/injector/injector.js:150:38)
          at async Promise.all (index 4)
      at TestingInjector.resolveConstructorParams (../../../node_modules/@nestjs/core/injector/injector.js:179:27)
      at TestingInjector.loadInstance (../../../node_modules/@nestjs/core/injector/injector.js:77:13)
      at TestingInjector.loadProvider (../../../node_modules/@nestjs/core/injector/injector.js:111:9)
      at ../../../node_modules/@nestjs/core/injector/instance-loader.js:56:13
          at async Promise.all (index 3)
      at TestingInstanceLoader.createInstancesOfProviders (../../../node_modules/@nestjs/core/injector/instance-loader.js:55:9)
      at ../../../node_modules/@nestjs/core/injector/instance-loader.js:40:13
          at async Promise.all (index 1)
      at TestingInstanceLoader.createInstances (../../../node_modules/@nestjs/core/injector/instance-loader.js:39:9)
      at TestingInstanceLoader.createInstancesOfDependencies (../../../node_modules/@nestjs/core/injector/instance-loader.js:22:13)
      at TestingInstanceLoader.createInstancesOfDependencies (../../../node_modules/@nestjs/testing/testing-instance-loader.js:9:9)
      at TestingModuleBuilder.createInstancesOfDependencies (../../../node_modules/@nestjs/testing/testing-module.builder.js:119:9)
      at TestingModuleBuilder.compile (../../../node_modules/@nestjs/testing/testing-module.builder.js:74:9)
      at Object.<anonymous> (trips/trips.service.spec.ts:42:35)

  ● TripsService › findOne › should return trip if found

    Nest can't resolve dependencies of the TripsService (AuditService, PrismaService, EventEmitter, WorkflowService, ?). Please make sure that the argument EventStoreService at index [4] is available in the RootTestModule module.

    Potential solutions:
    - Is RootTestModule a valid NestJS module?
    - If EventStoreService is a provider, is it part of the current RootTestModule?
    - If EventStoreService is exported from a separate @Module, is that module imported within RootTestModule?
      @Module({
        imports: [ /* the Module containing EventStoreService */ ]
      })

    For more common dependency resolution issues, see: https://docs.nestjs.com/faq/common-errors

      40 |     };
      41 |
    > 42 |     const module: TestingModule = await Test.createTestingModule({
         |                                   ^
      43 |       providers: [
      44 |         TripsService,
      45 |         { provide: AuditService, useValue: { logEvent: jest.fn() } },

      at TestingInjector.lookupComponentInParentModules (../../../node_modules/@nestjs/core/injector/injector.js:300:19)
      at TestingInjector.resolveComponentWrapper (../../../node_modules/@nestjs/testing/testing-injector.js:19:45)
      at resolveParam (../../../node_modules/@nestjs/core/injector/injector.js:150:38)
          at async Promise.all (index 4)
      at TestingInjector.resolveConstructorParams (../../../node_modules/@nestjs/core/injector/injector.js:179:27)
      at TestingInjector.loadInstance (../../../node_modules/@nestjs/core/injector/injector.js:77:13)
      at TestingInjector.loadProvider (../../../node_modules/@nestjs/core/injector/injector.js:111:9)
      at ../../../node_modules/@nestjs/core/injector/instance-loader.js:56:13
          at async Promise.all (index 3)
      at TestingInstanceLoader.createInstancesOfProviders (../../../node_modules/@nestjs/core/injector/instance-loader.js:55:9)
      at ../../../node_modules/@nestjs/core/injector/instance-loader.js:40:13
          at async Promise.all (index 1)
      at TestingInstanceLoader.createInstances (../../../node_modules/@nestjs/core/injector/instance-loader.js:39:9)
      at TestingInstanceLoader.createInstancesOfDependencies (../../../node_modules/@nestjs/core/injector/instance-loader.js:22:13)
      at TestingInstanceLoader.createInstancesOfDependencies (../../../node_modules/@nestjs/testing/testing-instance-loader.js:9:9)
      at TestingModuleBuilder.createInstancesOfDependencies (../../../node_modules/@nestjs/testing/testing-module.builder.js:119:9)
      at TestingModuleBuilder.compile (../../../node_modules/@nestjs/testing/testing-module.builder.js:74:9)
      at Object.<anonymous> (trips/trips.service.spec.ts:42:35)

  ● TripsService › findOne › should throw NotFoundException if trip not found

    Nest can't resolve dependencies of the TripsService (AuditService, PrismaService, EventEmitter, WorkflowService, ?). Please make sure that the argument EventStoreService at index [4] is available in the RootTestModule module.

    Potential solutions:
    - Is RootTestModule a valid NestJS module?
    - If EventStoreService is a provider, is it part of the current RootTestModule?
    - If EventStoreService is exported from a separate @Module, is that module imported within RootTestModule?
      @Module({
        imports: [ /* the Module containing EventStoreService */ ]
      })

    For more common dependency resolution issues, see: https://docs.nestjs.com/faq/common-errors

      40 |     };
      41 |
    > 42 |     const module: TestingModule = await Test.createTestingModule({
         |                                   ^
      43 |       providers: [
      44 |         TripsService,
      45 |         { provide: AuditService, useValue: { logEvent: jest.fn() } },

      at TestingInjector.lookupComponentInParentModules (../../../node_modules/@nestjs/core/injector/injector.js:300:19)
      at TestingInjector.resolveComponentWrapper (../../../node_modules/@nestjs/testing/testing-injector.js:19:45)
      at resolveParam (../../../node_modules/@nestjs/core/injector/injector.js:150:38)
          at async Promise.all (index 4)
      at TestingInjector.resolveConstructorParams (../../../node_modules/@nestjs/core/injector/injector.js:179:27)
      at TestingInjector.loadInstance (../../../node_modules/@nestjs/core/injector/injector.js:77:13)
      at TestingInjector.loadProvider (../../../node_modules/@nestjs/core/injector/injector.js:111:9)
      at ../../../node_modules/@nestjs/core/injector/instance-loader.js:56:13
          at async Promise.all (index 3)
      at TestingInstanceLoader.createInstancesOfProviders (../../../node_modules/@nestjs/core/injector/instance-loader.js:55:9)
      at ../../../node_modules/@nestjs/core/injector/instance-loader.js:40:13
          at async Promise.all (index 1)
      at TestingInstanceLoader.createInstances (../../../node_modules/@nestjs/core/injector/instance-loader.js:39:9)
      at TestingInstanceLoader.createInstancesOfDependencies (../../../node_modules/@nestjs/core/injector/instance-loader.js:22:13)
      at TestingInstanceLoader.createInstancesOfDependencies (../../../node_modules/@nestjs/testing/testing-instance-loader.js:9:9)
      at TestingModuleBuilder.createInstancesOfDependencies (../../../node_modules/@nestjs/testing/testing-module.builder.js:119:9)
      at TestingModuleBuilder.compile (../../../node_modules/@nestjs/testing/testing-module.builder.js:74:9)
      at Object.<anonymous> (trips/trips.service.spec.ts:42:35)

  ● TripsService › assignLoads › should assign loads to a trip and update their status to ASSIGNED

    Nest can't resolve dependencies of the TripsService (AuditService, PrismaService, EventEmitter, WorkflowService, ?). Please make sure that the argument EventStoreService at index [4] is available in the RootTestModule module.

    Potential solutions:
    - Is RootTestModule a valid NestJS module?
    - If EventStoreService is a provider, is it part of the current RootTestModule?
    - If EventStoreService is exported from a separate @Module, is that module imported within RootTestModule?
      @Module({
        imports: [ /* the Module containing EventStoreService */ ]
      })

    For more common dependency resolution issues, see: https://docs.nestjs.com/faq/common-errors

      40 |     };
      41 |
    > 42 |     const module: TestingModule = await Test.createTestingModule({
         |                                   ^
      43 |       providers: [
      44 |         TripsService,
      45 |         { provide: AuditService, useValue: { logEvent: jest.fn() } },

      at TestingInjector.lookupComponentInParentModules (../../../node_modules/@nestjs/core/injector/injector.js:300:19)
      at TestingInjector.resolveComponentWrapper (../../../node_modules/@nestjs/testing/testing-injector.js:19:45)
      at resolveParam (../../../node_modules/@nestjs/core/injector/injector.js:150:38)
          at async Promise.all (index 4)
      at TestingInjector.resolveConstructorParams (../../../node_modules/@nestjs/core/injector/injector.js:179:27)
      at TestingInjector.loadInstance (../../../node_modules/@nestjs/core/injector/injector.js:77:13)
      at TestingInjector.loadProvider (../../../node_modules/@nestjs/core/injector/injector.js:111:9)
      at ../../../node_modules/@nestjs/core/injector/instance-loader.js:56:13
          at async Promise.all (index 3)
      at TestingInstanceLoader.createInstancesOfProviders (../../../node_modules/@nestjs/core/injector/instance-loader.js:55:9)
      at ../../../node_modules/@nestjs/core/injector/instance-loader.js:40:13
          at async Promise.all (index 1)
      at TestingInstanceLoader.createInstances (../../../node_modules/@nestjs/core/injector/instance-loader.js:39:9)
      at TestingInstanceLoader.createInstancesOfDependencies (../../../node_modules/@nestjs/core/injector/instance-loader.js:22:13)
      at TestingInstanceLoader.createInstancesOfDependencies (../../../node_modules/@nestjs/testing/testing-instance-loader.js:9:9)
      at TestingModuleBuilder.createInstancesOfDependencies (../../../node_modules/@nestjs/testing/testing-module.builder.js:119:9)
      at TestingModuleBuilder.compile (../../../node_modules/@nestjs/testing/testing-module.builder.js:74:9)
      at Object.<anonymous> (trips/trips.service.spec.ts:42:35)

  ● TripsService › assignLoads › should throw NotFoundException if trip not found

    Nest can't resolve dependencies of the TripsService (AuditService, PrismaService, EventEmitter, WorkflowService, ?). Please make sure that the argument EventStoreService at index [4] is available in the RootTestModule module.

    Potential solutions:
    - Is RootTestModule a valid NestJS module?
    - If EventStoreService is a provider, is it part of the current RootTestModule?
    - If EventStoreService is exported from a separate @Module, is that module imported within RootTestModule?
      @Module({
        imports: [ /* the Module containing EventStoreService */ ]
      })

    For more common dependency resolution issues, see: https://docs.nestjs.com/faq/common-errors

      40 |     };
      41 |
    > 42 |     const module: TestingModule = await Test.createTestingModule({
         |                                   ^
      43 |       providers: [
      44 |         TripsService,
      45 |         { provide: AuditService, useValue: { logEvent: jest.fn() } },

      at TestingInjector.lookupComponentInParentModules (../../../node_modules/@nestjs/core/injector/injector.js:300:19)
      at TestingInjector.resolveComponentWrapper (../../../node_modules/@nestjs/testing/testing-injector.js:19:45)
      at resolveParam (../../../node_modules/@nestjs/core/injector/injector.js:150:38)
          at async Promise.all (index 4)
      at TestingInjector.resolveConstructorParams (../../../node_modules/@nestjs/core/injector/injector.js:179:27)
      at TestingInjector.loadInstance (../../../node_modules/@nestjs/core/injector/injector.js:77:13)
      at TestingInjector.loadProvider (../../../node_modules/@nestjs/core/injector/injector.js:111:9)
      at ../../../node_modules/@nestjs/core/injector/instance-loader.js:56:13
          at async Promise.all (index 3)
      at TestingInstanceLoader.createInstancesOfProviders (../../../node_modules/@nestjs/core/injector/instance-loader.js:55:9)
      at ../../../node_modules/@nestjs/core/injector/instance-loader.js:40:13
          at async Promise.all (index 1)
      at TestingInstanceLoader.createInstances (../../../node_modules/@nestjs/core/injector/instance-loader.js:39:9)
      at TestingInstanceLoader.createInstancesOfDependencies (../../../node_modules/@nestjs/core/injector/instance-loader.js:22:13)
      at TestingInstanceLoader.createInstancesOfDependencies (../../../node_modules/@nestjs/testing/testing-instance-loader.js:9:9)
      at TestingModuleBuilder.createInstancesOfDependencies (../../../node_modules/@nestjs/testing/testing-module.builder.js:119:9)
      at TestingModuleBuilder.compile (../../../node_modules/@nestjs/testing/testing-module.builder.js:74:9)
      at Object.<anonymous> (trips/trips.service.spec.ts:42:35)

  ● TripsService › remove › should soft-delete trip, unassign loads, and set status to CANCELLED

    Nest can't resolve dependencies of the TripsService (AuditService, PrismaService, EventEmitter, WorkflowService, ?). Please make sure that the argument EventStoreService at index [4] is available in the RootTestModule module.

    Potential solutions:
    - Is RootTestModule a valid NestJS module?
    - If EventStoreService is a provider, is it part of the current RootTestModule?
    - If EventStoreService is exported from a separate @Module, is that module imported within RootTestModule?
      @Module({
        imports: [ /* the Module containing EventStoreService */ ]
      })

    For more common dependency resolution issues, see: https://docs.nestjs.com/faq/common-errors

      40 |     };
      41 |
    > 42 |     const module: TestingModule = await Test.createTestingModule({
         |                                   ^
      43 |       providers: [
      44 |         TripsService,
      45 |         { provide: AuditService, useValue: { logEvent: jest.fn() } },

      at TestingInjector.lookupComponentInParentModules (../../../node_modules/@nestjs/core/injector/injector.js:300:19)
      at TestingInjector.resolveComponentWrapper (../../../node_modules/@nestjs/testing/testing-injector.js:19:45)
      at resolveParam (../../../node_modules/@nestjs/core/injector/injector.js:150:38)
          at async Promise.all (index 4)
      at TestingInjector.resolveConstructorParams (../../../node_modules/@nestjs/core/injector/injector.js:179:27)
      at TestingInjector.loadInstance (../../../node_modules/@nestjs/core/injector/injector.js:77:13)
      at TestingInjector.loadProvider (../../../node_modules/@nestjs/core/injector/injector.js:111:9)
      at ../../../node_modules/@nestjs/core/injector/instance-loader.js:56:13
          at async Promise.all (index 3)
      at TestingInstanceLoader.createInstancesOfProviders (../../../node_modules/@nestjs/core/injector/instance-loader.js:55:9)
      at ../../../node_modules/@nestjs/core/injector/instance-loader.js:40:13
          at async Promise.all (index 1)
      at TestingInstanceLoader.createInstances (../../../node_modules/@nestjs/core/injector/instance-loader.js:39:9)
      at TestingInstanceLoader.createInstancesOfDependencies (../../../node_modules/@nestjs/core/injector/instance-loader.js:22:13)
      at TestingInstanceLoader.createInstancesOfDependencies (../../../node_modules/@nestjs/testing/testing-instance-loader.js:9:9)
      at TestingModuleBuilder.createInstancesOfDependencies (../../../node_modules/@nestjs/testing/testing-module.builder.js:119:9)
      at TestingModuleBuilder.compile (../../../node_modules/@nestjs/testing/testing-module.builder.js:74:9)
      at Object.<anonymous> (trips/trips.service.spec.ts:42:35)

FAIL dispatch/dispatch.service.spec.ts
  ● DispatchService › should be defined

    Nest can't resolve dependencies of the DispatchService (PrismaService, WorkflowService, EventEmitter, ?, AuditService, EventStoreService). Please make sure that the argument TwilioService at index [3] is available in the RootTestModule module.

    Potential solutions:
    - Is RootTestModule a valid NestJS module?
    - If TwilioService is a provider, is it part of the current RootTestModule?
    - If TwilioService is exported from a separate @Module, is that module imported within RootTestModule?
      @Module({
        imports: [ /* the Module containing TwilioService */ ]
      })

    For more common dependency resolution issues, see: https://docs.nestjs.com/faq/common-errors

      53 |     };
      54 |
    > 55 |     const module: TestingModule = await Test.createTestingModule({
         |                                   ^
      56 |       providers: [
      57 |         DispatchService,
      58 |         { provide: PrismaService, useValue: mockPrisma },

      at TestingInjector.lookupComponentInParentModules (../../../node_modules/@nestjs/core/injector/injector.js:300:19)
      at TestingInjector.resolveComponentWrapper (../../../node_modules/@nestjs/testing/testing-injector.js:19:45)
      at resolveParam (../../../node_modules/@nestjs/core/injector/injector.js:150:38)
          at async Promise.all (index 3)
      at TestingInjector.resolveConstructorParams (../../../node_modules/@nestjs/core/injector/injector.js:179:27)
      at TestingInjector.loadInstance (../../../node_modules/@nestjs/core/injector/injector.js:77:13)
      at TestingInjector.loadProvider (../../../node_modules/@nestjs/core/injector/injector.js:111:9)
      at ../../../node_modules/@nestjs/core/injector/instance-loader.js:56:13
          at async Promise.all (index 3)
      at TestingInstanceLoader.createInstancesOfProviders (../../../node_modules/@nestjs/core/injector/instance-loader.js:55:9)
      at ../../../node_modules/@nestjs/core/injector/instance-loader.js:40:13
          at async Promise.all (index 1)
      at TestingInstanceLoader.createInstances (../../../node_modules/@nestjs/core/injector/instance-loader.js:39:9)
      at TestingInstanceLoader.createInstancesOfDependencies (../../../node_modules/@nestjs/core/injector/instance-loader.js:22:13)
      at TestingInstanceLoader.createInstancesOfDependencies (../../../node_modules/@nestjs/testing/testing-instance-loader.js:9:9)
      at TestingModuleBuilder.createInstancesOfDependencies (../../../node_modules/@nestjs/testing/testing-module.builder.js:119:9)
      at TestingModuleBuilder.compile (../../../node_modules/@nestjs/testing/testing-module.builder.js:74:9)
      at Object.<anonymous> (dispatch/dispatch.service.spec.ts:55:35)

  ● DispatchService › getBoardData › should return all board data with metrics

    Nest can't resolve dependencies of the DispatchService (PrismaService, WorkflowService, EventEmitter, ?, AuditService, EventStoreService). Please make sure that the argument TwilioService at index [3] is available in the RootTestModule module.

    Potential solutions:
    - Is RootTestModule a valid NestJS module?
    - If TwilioService is a provider, is it part of the current RootTestModule?
    - If TwilioService is exported from a separate @Module, is that module imported within RootTestModule?
      @Module({
        imports: [ /* the Module containing TwilioService */ ]
      })

    For more common dependency resolution issues, see: https://docs.nestjs.com/faq/common-errors

      53 |     };
      54 |
    > 55 |     const module: TestingModule = await Test.createTestingModule({
         |                                   ^
      56 |       providers: [
      57 |         DispatchService,
      58 |         { provide: PrismaService, useValue: mockPrisma },

      at TestingInjector.lookupComponentInParentModules (../../../node_modules/@nestjs/core/injector/injector.js:300:19)
      at TestingInjector.resolveComponentWrapper (../../../node_modules/@nestjs/testing/testing-injector.js:19:45)
      at resolveParam (../../../node_modules/@nestjs/core/injector/injector.js:150:38)
          at async Promise.all (index 3)
      at TestingInjector.resolveConstructorParams (../../../node_modules/@nestjs/core/injector/injector.js:179:27)
      at TestingInjector.loadInstance (../../../node_modules/@nestjs/core/injector/injector.js:77:13)
      at TestingInjector.loadProvider (../../../node_modules/@nestjs/core/injector/injector.js:111:9)
      at ../../../node_modules/@nestjs/core/injector/instance-loader.js:56:13
          at async Promise.all (index 3)
      at TestingInstanceLoader.createInstancesOfProviders (../../../node_modules/@nestjs/core/injector/instance-loader.js:55:9)
      at ../../../node_modules/@nestjs/core/injector/instance-loader.js:40:13
          at async Promise.all (index 1)
      at TestingInstanceLoader.createInstances (../../../node_modules/@nestjs/core/injector/instance-loader.js:39:9)
      at TestingInstanceLoader.createInstancesOfDependencies (../../../node_modules/@nestjs/core/injector/instance-loader.js:22:13)
      at TestingInstanceLoader.createInstancesOfDependencies (../../../node_modules/@nestjs/testing/testing-instance-loader.js:9:9)
      at TestingModuleBuilder.createInstancesOfDependencies (../../../node_modules/@nestjs/testing/testing-module.builder.js:119:9)
      at TestingModuleBuilder.compile (../../../node_modules/@nestjs/testing/testing-module.builder.js:74:9)
      at Object.<anonymous> (dispatch/dispatch.service.spec.ts:55:35)

  ● DispatchService › moveBoardCard › should throw BadRequestException if load not found

    Nest can't resolve dependencies of the DispatchService (PrismaService, WorkflowService, EventEmitter, ?, AuditService, EventStoreService). Please make sure that the argument TwilioService at index [3] is available in the RootTestModule module.

    Potential solutions:
    - Is RootTestModule a valid NestJS module?
    - If TwilioService is a provider, is it part of the current RootTestModule?
    - If TwilioService is exported from a separate @Module, is that module imported within RootTestModule?
      @Module({
        imports: [ /* the Module containing TwilioService */ ]
      })

    For more common dependency resolution issues, see: https://docs.nestjs.com/faq/common-errors

      53 |     };
      54 |
    > 55 |     const module: TestingModule = await Test.createTestingModule({
         |                                   ^
      56 |       providers: [
      57 |         DispatchService,
      58 |         { provide: PrismaService, useValue: mockPrisma },

      at TestingInjector.lookupComponentInParentModules (../../../node_modules/@nestjs/core/injector/injector.js:300:19)
      at TestingInjector.resolveComponentWrapper (../../../node_modules/@nestjs/testing/testing-injector.js:19:45)
      at resolveParam (../../../node_modules/@nestjs/core/injector/injector.js:150:38)
          at async Promise.all (index 3)
      at TestingInjector.resolveConstructorParams (../../../node_modules/@nestjs/core/injector/injector.js:179:27)
      at TestingInjector.loadInstance (../../../node_modules/@nestjs/core/injector/injector.js:77:13)
      at TestingInjector.loadProvider (../../../node_modules/@nestjs/core/injector/injector.js:111:9)
      at ../../../node_modules/@nestjs/core/injector/instance-loader.js:56:13
          at async Promise.all (index 3)
      at TestingInstanceLoader.createInstancesOfProviders (../../../node_modules/@nestjs/core/injector/instance-loader.js:55:9)
      at ../../../node_modules/@nestjs/core/injector/instance-loader.js:40:13
          at async Promise.all (index 1)
      at TestingInstanceLoader.createInstances (../../../node_modules/@nestjs/core/injector/instance-loader.js:39:9)
      at TestingInstanceLoader.createInstancesOfDependencies (../../../node_modules/@nestjs/core/injector/instance-loader.js:22:13)
      at TestingInstanceLoader.createInstancesOfDependencies (../../../node_modules/@nestjs/testing/testing-instance-loader.js:9:9)
      at TestingModuleBuilder.createInstancesOfDependencies (../../../node_modules/@nestjs/testing/testing-module.builder.js:119:9)
      at TestingModuleBuilder.compile (../../../node_modules/@nestjs/testing/testing-module.builder.js:74:9)
      at Object.<anonymous> (dispatch/dispatch.service.spec.ts:55:35)

  ● DispatchService › moveBoardCard › should update load status and position

    Nest can't resolve dependencies of the DispatchService (PrismaService, WorkflowService, EventEmitter, ?, AuditService, EventStoreService). Please make sure that the argument TwilioService at index [3] is available in the RootTestModule module.

    Potential solutions:
    - Is RootTestModule a valid NestJS module?
    - If TwilioService is a provider, is it part of the current RootTestModule?
    - If TwilioService is exported from a separate @Module, is that module imported within RootTestModule?
      @Module({
        imports: [ /* the Module containing TwilioService */ ]
      })

    For more common dependency resolution issues, see: https://docs.nestjs.com/faq/common-errors

      53 |     };
      54 |
    > 55 |     const module: TestingModule = await Test.createTestingModule({
         |                                   ^
      56 |       providers: [
      57 |         DispatchService,
      58 |         { provide: PrismaService, useValue: mockPrisma },

      at TestingInjector.lookupComponentInParentModules (../../../node_modules/@nestjs/core/injector/injector.js:300:19)
      at TestingInjector.resolveComponentWrapper (../../../node_modules/@nestjs/testing/testing-injector.js:19:45)
      at resolveParam (../../../node_modules/@nestjs/core/injector/injector.js:150:38)
          at async Promise.all (index 3)
      at TestingInjector.resolveConstructorParams (../../../node_modules/@nestjs/core/injector/injector.js:179:27)
      at TestingInjector.loadInstance (../../../node_modules/@nestjs/core/injector/injector.js:77:13)
      at TestingInjector.loadProvider (../../../node_modules/@nestjs/core/injector/injector.js:111:9)
      at ../../../node_modules/@nestjs/core/injector/instance-loader.js:56:13
          at async Promise.all (index 3)
      at TestingInstanceLoader.createInstancesOfProviders (../../../node_modules/@nestjs/core/injector/instance-loader.js:55:9)
      at ../../../node_modules/@nestjs/core/injector/instance-loader.js:40:13
          at async Promise.all (index 1)
      at TestingInstanceLoader.createInstances (../../../node_modules/@nestjs/core/injector/instance-loader.js:39:9)
      at TestingInstanceLoader.createInstancesOfDependencies (../../../node_modules/@nestjs/core/injector/instance-loader.js:22:13)
      at TestingInstanceLoader.createInstancesOfDependencies (../../../node_modules/@nestjs/testing/testing-instance-loader.js:9:9)
      at TestingModuleBuilder.createInstancesOfDependencies (../../../node_modules/@nestjs/testing/testing-module.builder.js:119:9)
      at TestingModuleBuilder.compile (../../../node_modules/@nestjs/testing/testing-module.builder.js:74:9)
      at Object.<anonymous> (dispatch/dispatch.service.spec.ts:55:35)

  ● DispatchService › Tenant Isolation › should always call runAsTenant with the provided companyId

    Nest can't resolve dependencies of the DispatchService (PrismaService, WorkflowService, EventEmitter, ?, AuditService, EventStoreService). Please make sure that the argument TwilioService at index [3] is available in the RootTestModule module.

    Potential solutions:
    - Is RootTestModule a valid NestJS module?
    - If TwilioService is a provider, is it part of the current RootTestModule?
    - If TwilioService is exported from a separate @Module, is that module imported within RootTestModule?
      @Module({
        imports: [ /* the Module containing TwilioService */ ]
      })

    For more common dependency resolution issues, see: https://docs.nestjs.com/faq/common-errors

      53 |     };
      54 |
    > 55 |     const module: TestingModule = await Test.createTestingModule({
         |                                   ^
      56 |       providers: [
      57 |         DispatchService,
      58 |         { provide: PrismaService, useValue: mockPrisma },

      at TestingInjector.lookupComponentInParentModules (../../../node_modules/@nestjs/core/injector/injector.js:300:19)
      at TestingInjector.resolveComponentWrapper (../../../node_modules/@nestjs/testing/testing-injector.js:19:45)
      at resolveParam (../../../node_modules/@nestjs/core/injector/injector.js:150:38)
          at async Promise.all (index 3)
      at TestingInjector.resolveConstructorParams (../../../node_modules/@nestjs/core/injector/injector.js:179:27)
      at TestingInjector.loadInstance (../../../node_modules/@nestjs/core/injector/injector.js:77:13)
      at TestingInjector.loadProvider (../../../node_modules/@nestjs/core/injector/injector.js:111:9)
      at ../../../node_modules/@nestjs/core/injector/instance-loader.js:56:13
          at async Promise.all (index 3)
      at TestingInstanceLoader.createInstancesOfProviders (../../../node_modules/@nestjs/core/injector/instance-loader.js:55:9)
      at ../../../node_modules/@nestjs/core/injector/instance-loader.js:40:13
          at async Promise.all (index 1)
      at TestingInstanceLoader.createInstances (../../../node_modules/@nestjs/core/injector/instance-loader.js:39:9)
      at TestingInstanceLoader.createInstancesOfDependencies (../../../node_modules/@nestjs/core/injector/instance-loader.js:22:13)
      at TestingInstanceLoader.createInstancesOfDependencies (../../../node_modules/@nestjs/testing/testing-instance-loader.js:9:9)
      at TestingModuleBuilder.createInstancesOfDependencies (../../../node_modules/@nestjs/testing/testing-module.builder.js:119:9)
      at TestingModuleBuilder.compile (../../../node_modules/@nestjs/testing/testing-module.builder.js:74:9)
      at Object.<anonymous> (dispatch/dispatch.service.spec.ts:55:35)

  ● DispatchService › Tenant Isolation › should not allow data from a different company

    Nest can't resolve dependencies of the DispatchService (PrismaService, WorkflowService, EventEmitter, ?, AuditService, EventStoreService). Please make sure that the argument TwilioService at index [3] is available in the RootTestModule module.

    Potential solutions:
    - Is RootTestModule a valid NestJS module?
    - If TwilioService is a provider, is it part of the current RootTestModule?
    - If TwilioService is exported from a separate @Module, is that module imported within RootTestModule?
      @Module({
        imports: [ /* the Module containing TwilioService */ ]
      })

    For more common dependency resolution issues, see: https://docs.nestjs.com/faq/common-errors

      53 |     };
      54 |
    > 55 |     const module: TestingModule = await Test.createTestingModule({
         |                                   ^
      56 |       providers: [
      57 |         DispatchService,
      58 |         { provide: PrismaService, useValue: mockPrisma },

      at TestingInjector.lookupComponentInParentModules (../../../node_modules/@nestjs/core/injector/injector.js:300:19)
      at TestingInjector.resolveComponentWrapper (../../../node_modules/@nestjs/testing/testing-injector.js:19:45)
      at resolveParam (../../../node_modules/@nestjs/core/injector/injector.js:150:38)
          at async Promise.all (index 3)
      at TestingInjector.resolveConstructorParams (../../../node_modules/@nestjs/core/injector/injector.js:179:27)
      at TestingInjector.loadInstance (../../../node_modules/@nestjs/core/injector/injector.js:77:13)
      at TestingInjector.loadProvider (../../../node_modules/@nestjs/core/injector/injector.js:111:9)
      at ../../../node_modules/@nestjs/core/injector/instance-loader.js:56:13
          at async Promise.all (index 3)
      at TestingInstanceLoader.createInstancesOfProviders (../../../node_modules/@nestjs/core/injector/instance-loader.js:55:9)
      at ../../../node_modules/@nestjs/core/injector/instance-loader.js:40:13
          at async Promise.all (index 1)
      at TestingInstanceLoader.createInstances (../../../node_modules/@nestjs/core/injector/instance-loader.js:39:9)
      at TestingInstanceLoader.createInstancesOfDependencies (../../../node_modules/@nestjs/core/injector/instance-loader.js:22:13)
      at TestingInstanceLoader.createInstancesOfDependencies (../../../node_modules/@nestjs/testing/testing-instance-loader.js:9:9)
      at TestingModuleBuilder.createInstancesOfDependencies (../../../node_modules/@nestjs/testing/testing-module.builder.js:119:9)
      at TestingModuleBuilder.compile (../../../node_modules/@nestjs/testing/testing-module.builder.js:74:9)
      at Object.<anonymous> (dispatch/dispatch.service.spec.ts:55:35)

FAIL communications/enterprise-notification.service.spec.ts
  ● Enterprise Notification Orchestrator Service › should be defined

    Nest can't resolve dependencies of the NotificationOrchestratorService (PrismaService, AuditService, ?, TemplateService, SseService, BullQueue_notification-delivery). Please make sure that the argument EventStoreService at index [2] is available in the RootTestModule module.

    Potential solutions:
    - Is RootTestModule a valid NestJS module?
    - If EventStoreService is a provider, is it part of the current RootTestModule?
    - If EventStoreService is exported from a separate @Module, is that module imported within RootTestModule?
      @Module({
        imports: [ /* the Module containing EventStoreService */ ]
      })

    For more common dependency resolution issues, see: https://docs.nestjs.com/faq/common-errors

      105 |
      106 |   beforeEach(async () => {
    > 107 |     const module: TestingModule = await Test.createTestingModule({
          |                                   ^
      108 |       providers: [
      109 |         NotificationOrchestratorService,
      110 |         TemplateService,

      at TestingInjector.lookupComponentInParentModules (../../../node_modules/@nestjs/core/injector/injector.js:300:19)
      at TestingInjector.resolveComponentWrapper (../../../node_modules/@nestjs/testing/testing-injector.js:19:45)
      at resolveParam (../../../node_modules/@nestjs/core/injector/injector.js:150:38)
          at async Promise.all (index 2)
      at TestingInjector.resolveConstructorParams (../../../node_modules/@nestjs/core/injector/injector.js:179:27)
      at TestingInjector.loadInstance (../../../node_modules/@nestjs/core/injector/injector.js:77:13)
      at TestingInjector.loadProvider (../../../node_modules/@nestjs/core/injector/injector.js:111:9)
      at ../../../node_modules/@nestjs/core/injector/instance-loader.js:56:13
          at async Promise.all (index 3)
      at TestingInstanceLoader.createInstancesOfProviders (../../../node_modules/@nestjs/core/injector/instance-loader.js:55:9)
      at ../../../node_modules/@nestjs/core/injector/instance-loader.js:40:13
          at async Promise.all (index 1)
      at TestingInstanceLoader.createInstances (../../../node_modules/@nestjs/core/injector/instance-loader.js:39:9)
      at TestingInstanceLoader.createInstancesOfDependencies (../../../node_modules/@nestjs/core/injector/instance-loader.js:22:13)
      at TestingInstanceLoader.createInstancesOfDependencies (../../../node_modules/@nestjs/testing/testing-instance-loader.js:9:9)
      at TestingModuleBuilder.createInstancesOfDependencies (../../../node_modules/@nestjs/testing/testing-module.builder.js:119:9)
      at TestingModuleBuilder.compile (../../../node_modules/@nestjs/testing/testing-module.builder.js:74:9)
      at Object.<anonymous> (communications/enterprise-notification.service.spec.ts:107:35)

  ● Enterprise Notification Orchestrator Service › Template Management › should create a notification template

    Nest can't resolve dependencies of the NotificationOrchestratorService (PrismaService, AuditService, ?, TemplateService, SseService, BullQueue_notification-delivery). Please make sure that the argument EventStoreService at index [2] is available in the RootTestModule module.

    Potential solutions:
    - Is RootTestModule a valid NestJS module?
    - If EventStoreService is a provider, is it part of the current RootTestModule?
    - If EventStoreService is exported from a separate @Module, is that module imported within RootTestModule?
      @Module({
        imports: [ /* the Module containing EventStoreService */ ]
      })

    For more common dependency resolution issues, see: https://docs.nestjs.com/faq/common-errors

      105 |
      106 |   beforeEach(async () => {
    > 107 |     const module: TestingModule = await Test.createTestingModule({
          |                                   ^
      108 |       providers: [
      109 |         NotificationOrchestratorService,
      110 |         TemplateService,

      at TestingInjector.lookupComponentInParentModules (../../../node_modules/@nestjs/core/injector/injector.js:300:19)
      at TestingInjector.resolveComponentWrapper (../../../node_modules/@nestjs/testing/testing-injector.js:19:45)
      at resolveParam (../../../node_modules/@nestjs/core/injector/injector.js:150:38)
          at async Promise.all (index 2)
      at TestingInjector.resolveConstructorParams (../../../node_modules/@nestjs/core/injector/injector.js:179:27)
      at TestingInjector.loadInstance (../../../node_modules/@nestjs/core/injector/injector.js:77:13)
      at TestingInjector.loadProvider (../../../node_modules/@nestjs/core/injector/injector.js:111:9)
      at ../../../node_modules/@nestjs/core/injector/instance-loader.js:56:13
          at async Promise.all (index 3)
      at TestingInstanceLoader.createInstancesOfProviders (../../../node_modules/@nestjs/core/injector/instance-loader.js:55:9)
      at ../../../node_modules/@nestjs/core/injector/instance-loader.js:40:13
          at async Promise.all (index 1)
      at TestingInstanceLoader.createInstances (../../../node_modules/@nestjs/core/injector/instance-loader.js:39:9)
      at TestingInstanceLoader.createInstancesOfDependencies (../../../node_modules/@nestjs/core/injector/instance-loader.js:22:13)
      at TestingInstanceLoader.createInstancesOfDependencies (../../../node_modules/@nestjs/testing/testing-instance-loader.js:9:9)
      at TestingModuleBuilder.createInstancesOfDependencies (../../../node_modules/@nestjs/testing/testing-module.builder.js:119:9)
      at TestingModuleBuilder.compile (../../../node_modules/@nestjs/testing/testing-module.builder.js:74:9)
      at Object.<anonymous> (communications/enterprise-notification.service.spec.ts:107:35)

  ● Enterprise Notification Orchestrator Service › Template Management › should get templates

    Nest can't resolve dependencies of the NotificationOrchestratorService (PrismaService, AuditService, ?, TemplateService, SseService, BullQueue_notification-delivery). Please make sure that the argument EventStoreService at index [2] is available in the RootTestModule module.

    Potential solutions:
    - Is RootTestModule a valid NestJS module?
    - If EventStoreService is a provider, is it part of the current RootTestModule?
    - If EventStoreService is exported from a separate @Module, is that module imported within RootTestModule?
      @Module({
        imports: [ /* the Module containing EventStoreService */ ]
      })

    For more common dependency resolution issues, see: https://docs.nestjs.com/faq/common-errors

      105 |
      106 |   beforeEach(async () => {
    > 107 |     const module: TestingModule = await Test.createTestingModule({
          |                                   ^
      108 |       providers: [
      109 |         NotificationOrchestratorService,
      110 |         TemplateService,

      at TestingInjector.lookupComponentInParentModules (../../../node_modules/@nestjs/core/injector/injector.js:300:19)
      at TestingInjector.resolveComponentWrapper (../../../node_modules/@nestjs/testing/testing-injector.js:19:45)
      at resolveParam (../../../node_modules/@nestjs/core/injector/injector.js:150:38)
          at async Promise.all (index 2)
      at TestingInjector.resolveConstructorParams (../../../node_modules/@nestjs/core/injector/injector.js:179:27)
      at TestingInjector.loadInstance (../../../node_modules/@nestjs/core/injector/injector.js:77:13)
      at TestingInjector.loadProvider (../../../node_modules/@nestjs/core/injector/injector.js:111:9)
      at ../../../node_modules/@nestjs/core/injector/instance-loader.js:56:13
          at async Promise.all (index 3)
      at TestingInstanceLoader.createInstancesOfProviders (../../../node_modules/@nestjs/core/injector/instance-loader.js:55:9)
      at ../../../node_modules/@nestjs/core/injector/instance-loader.js:40:13
          at async Promise.all (index 1)
      at TestingInstanceLoader.createInstances (../../../node_modules/@nestjs/core/injector/instance-loader.js:39:9)
      at TestingInstanceLoader.createInstancesOfDependencies (../../../node_modules/@nestjs/core/injector/instance-loader.js:22:13)
      at TestingInstanceLoader.createInstancesOfDependencies (../../../node_modules/@nestjs/testing/testing-instance-loader.js:9:9)
      at TestingModuleBuilder.createInstancesOfDependencies (../../../node_modules/@nestjs/testing/testing-module.builder.js:119:9)
      at TestingModuleBuilder.compile (../../../node_modules/@nestjs/testing/testing-module.builder.js:74:9)
      at Object.<anonymous> (communications/enterprise-notification.service.spec.ts:107:35)

  ● Enterprise Notification Orchestrator Service › Multi-Channel Dispatch & Rate Limiting › should dispatch notification to target user across enabled channels

    Nest can't resolve dependencies of the NotificationOrchestratorService (PrismaService, AuditService, ?, TemplateService, SseService, BullQueue_notification-delivery). Please make sure that the argument EventStoreService at index [2] is available in the RootTestModule module.

    Potential solutions:
    - Is RootTestModule a valid NestJS module?
    - If EventStoreService is a provider, is it part of the current RootTestModule?
    - If EventStoreService is exported from a separate @Module, is that module imported within RootTestModule?
      @Module({
        imports: [ /* the Module containing EventStoreService */ ]
      })

    For more common dependency resolution issues, see: https://docs.nestjs.com/faq/common-errors

      105 |
      106 |   beforeEach(async () => {
    > 107 |     const module: TestingModule = await Test.createTestingModule({
          |                                   ^
      108 |       providers: [
      109 |         NotificationOrchestratorService,
      110 |         TemplateService,

      at TestingInjector.lookupComponentInParentModules (../../../node_modules/@nestjs/core/injector/injector.js:300:19)
      at TestingInjector.resolveComponentWrapper (../../../node_modules/@nestjs/testing/testing-injector.js:19:45)
      at resolveParam (../../../node_modules/@nestjs/core/injector/injector.js:150:38)
          at async Promise.all (index 2)
      at TestingInjector.resolveConstructorParams (../../../node_modules/@nestjs/core/injector/injector.js:179:27)
      at TestingInjector.loadInstance (../../../node_modules/@nestjs/core/injector/injector.js:77:13)
      at TestingInjector.loadProvider (../../../node_modules/@nestjs/core/injector/injector.js:111:9)
      at ../../../node_modules/@nestjs/core/injector/instance-loader.js:56:13
          at async Promise.all (index 3)
      at TestingInstanceLoader.createInstancesOfProviders (../../../node_modules/@nestjs/core/injector/instance-loader.js:55:9)
      at ../../../node_modules/@nestjs/core/injector/instance-loader.js:40:13
          at async Promise.all (index 1)
      at TestingInstanceLoader.createInstances (../../../node_modules/@nestjs/core/injector/instance-loader.js:39:9)
      at TestingInstanceLoader.createInstancesOfDependencies (../../../node_modules/@nestjs/core/injector/instance-loader.js:22:13)
      at TestingInstanceLoader.createInstancesOfDependencies (../../../node_modules/@nestjs/testing/testing-instance-loader.js:9:9)
      at TestingModuleBuilder.createInstancesOfDependencies (../../../node_modules/@nestjs/testing/testing-module.builder.js:119:9)
      at TestingModuleBuilder.compile (../../../node_modules/@nestjs/testing/testing-module.builder.js:74:9)
      at Object.<anonymous> (communications/enterprise-notification.service.spec.ts:107:35)

  ● Enterprise Notification Orchestrator Service › Metrics & Resilience › should get delivery metrics breakdown

    Nest can't resolve dependencies of the NotificationOrchestratorService (PrismaService, AuditService, ?, TemplateService, SseService, BullQueue_notification-delivery). Please make sure that the argument EventStoreService at index [2] is available in the RootTestModule module.

    Potential solutions:
    - Is RootTestModule a valid NestJS module?
    - If EventStoreService is a provider, is it part of the current RootTestModule?
    - If EventStoreService is exported from a separate @Module, is that module imported within RootTestModule?
      @Module({
        imports: [ /* the Module containing EventStoreService */ ]
      })

    For more common dependency resolution issues, see: https://docs.nestjs.com/faq/common-errors

      105 |
      106 |   beforeEach(async () => {
    > 107 |     const module: TestingModule = await Test.createTestingModule({
          |                                   ^
      108 |       providers: [
      109 |         NotificationOrchestratorService,
      110 |         TemplateService,

      at TestingInjector.lookupComponentInParentModules (../../../node_modules/@nestjs/core/injector/injector.js:300:19)
      at TestingInjector.resolveComponentWrapper (../../../node_modules/@nestjs/testing/testing-injector.js:19:45)
      at resolveParam (../../../node_modules/@nestjs/core/injector/injector.js:150:38)
          at async Promise.all (index 2)
      at TestingInjector.resolveConstructorParams (../../../node_modules/@nestjs/core/injector/injector.js:179:27)
      at TestingInjector.loadInstance (../../../node_modules/@nestjs/core/injector/injector.js:77:13)
      at TestingInjector.loadProvider (../../../node_modules/@nestjs/core/injector/injector.js:111:9)
      at ../../../node_modules/@nestjs/core/injector/instance-loader.js:56:13
          at async Promise.all (index 3)
      at TestingInstanceLoader.createInstancesOfProviders (../../../node_modules/@nestjs/core/injector/instance-loader.js:55:9)
      at ../../../node_modules/@nestjs/core/injector/instance-loader.js:40:13
          at async Promise.all (index 1)
      at TestingInstanceLoader.createInstances (../../../node_modules/@nestjs/core/injector/instance-loader.js:39:9)
      at TestingInstanceLoader.createInstancesOfDependencies (../../../node_modules/@nestjs/core/injector/instance-loader.js:22:13)
      at TestingInstanceLoader.createInstancesOfDependencies (../../../node_modules/@nestjs/testing/testing-instance-loader.js:9:9)
      at TestingModuleBuilder.createInstancesOfDependencies (../../../node_modules/@nestjs/testing/testing-module.builder.js:119:9)
      at TestingModuleBuilder.compile (../../../node_modules/@nestjs/testing/testing-module.builder.js:74:9)
      at Object.<anonymous> (communications/enterprise-notification.service.spec.ts:107:35)

  ● Enterprise Notification Orchestrator Service › Metrics & Resilience › should retry failed notification deliveries

    Nest can't resolve dependencies of the NotificationOrchestratorService (PrismaService, AuditService, ?, TemplateService, SseService, BullQueue_notification-delivery). Please make sure that the argument EventStoreService at index [2] is available in the RootTestModule module.

    Potential solutions:
    - Is RootTestModule a valid NestJS module?
    - If EventStoreService is a provider, is it part of the current RootTestModule?
    - If EventStoreService is exported from a separate @Module, is that module imported within RootTestModule?
      @Module({
        imports: [ /* the Module containing EventStoreService */ ]
      })

    For more common dependency resolution issues, see: https://docs.nestjs.com/faq/common-errors

      105 |
      106 |   beforeEach(async () => {
    > 107 |     const module: TestingModule = await Test.createTestingModule({
          |                                   ^
      108 |       providers: [
      109 |         NotificationOrchestratorService,
      110 |         TemplateService,

      at TestingInjector.lookupComponentInParentModules (../../../node_modules/@nestjs/core/injector/injector.js:300:19)
      at TestingInjector.resolveComponentWrapper (../../../node_modules/@nestjs/testing/testing-injector.js:19:45)
      at resolveParam (../../../node_modules/@nestjs/core/injector/injector.js:150:38)
          at async Promise.all (index 2)
      at TestingInjector.resolveConstructorParams (../../../node_modules/@nestjs/core/injector/injector.js:179:27)
      at TestingInjector.loadInstance (../../../node_modules/@nestjs/core/injector/injector.js:77:13)
      at TestingInjector.loadProvider (../../../node_modules/@nestjs/core/injector/injector.js:111:9)
      at ../../../node_modules/@nestjs/core/injector/instance-loader.js:56:13
          at async Promise.all (index 3)
      at TestingInstanceLoader.createInstancesOfProviders (../../../node_modules/@nestjs/core/injector/instance-loader.js:55:9)
      at ../../../node_modules/@nestjs/core/injector/instance-loader.js:40:13
          at async Promise.all (index 1)
      at TestingInstanceLoader.createInstances (../../../node_modules/@nestjs/core/injector/instance-loader.js:39:9)
      at TestingInstanceLoader.createInstancesOfDependencies (../../../node_modules/@nestjs/core/injector/instance-loader.js:22:13)
      at TestingInstanceLoader.createInstancesOfDependencies (../../../node_modules/@nestjs/testing/testing-instance-loader.js:9:9)
      at TestingModuleBuilder.createInstancesOfDependencies (../../../node_modules/@nestjs/testing/testing-module.builder.js:119:9)
      at TestingModuleBuilder.compile (../../../node_modules/@nestjs/testing/testing-module.builder.js:74:9)
      at Object.<anonymous> (communications/enterprise-notification.service.spec.ts:107:35)

FAIL tracking/enterprise-telematics.service.spec.ts
  ● Enterprise Telematics & Geofence Intelligence Platform › Telematics Ingestion & Alerting › should update alert status to ACKNOWLEDGED

    TypeError: tx.alert.findFirst is not a function

      250 |   ) {
      251 |     const alert = await this.prisma.runAsTenant(companyId, async (tx) =>
    > 252 |       tx.alert.findFirst({ where: { id, companyId } }),
          |                ^
      253 |     );
      254 |     if (!alert || alert.companyId !== companyId) {
      255 |       throw new NotFoundException('Alert not found');

      at tracking/services/telematics-ingestion.service.ts:252:16
      at Object.<anonymous> (tracking/enterprise-telematics.service.spec.ts:16:57)
      at TelematicsIngestionService.updateAlertStatus (tracking/services/telematics-ingestion.service.ts:251:37)
      at Object.<anonymous> (tracking/enterprise-telematics.service.spec.ts:210:47)


Test Suites: 7 failed, 21 passed, 28 total
Tests:       44 failed, 139 passed, 183 total
Snapshots:   0 total
Time:        1.774 s, estimated 2 s
Ran all test suites.
[32m[Nest] 39564  - [39m08/10/2026, 4:26:02 PM [32m    LOG[39m [38;5;3m[SapConnector] [39m[32m[SAP ERP] Synchronizing entity INVOICE for tenant comp_1[39m
[32m[Nest] 39564  - [39m08/10/2026, 4:26:02 PM [32m    LOG[39m [38;5;3m[OracleErpConnector] [39m[32m[Oracle ERP] Synchronizing PURCHASE_ORDER[39m
[32m[Nest] 39564  - [39m08/10/2026, 4:26:02 PM [32m    LOG[39m [38;5;3m[TallyConnector] [39m[32m[TallyPrime] Syncing accounting voucher/ledger for LEDGER[39m
[32m[Nest] 39564  - [39m08/10/2026, 4:26:02 PM [32m    LOG[39m [38;5;3m[GpsProviderConnector] [39m[32m[GPS Hub] Ingesting real-time telemetry stream for VEHICLE_LOCATION[39m
[32m[Nest] 39564  - [39m08/10/2026, 4:26:02 PM [32m    LOG[39m [38;5;3m[EwayBillConnector] [39m[32m[E-Way Bill] Generating / updating e-way bill for load/trip[39m
[33m[Nest] 39565  - [39m08/10/2026, 4:26:02 PM [33m   WARN[39m [38;5;3m[BruteForceProtectionService] [39m[33m[BruteForce] SOFT LOCK triggered for user@lock.com until 2026-08-10T11:11:02.448Z[39m
[33m[Nest] 39565  - [39m08/10/2026, 4:26:02 PM [33m   WARN[39m [38;5;3m[BruteForceProtectionService] [39m[33m[BruteForce] SOFT LOCK triggered for user@hardlock.com until 2026-08-10T11:11:02.449Z[39m
[33m[Nest] 39565  - [39m08/10/2026, 4:26:02 PM [33m   WARN[39m [38;5;3m[BruteForceProtectionService] [39m[33m[BruteForce] SOFT LOCK triggered for user@hardlock.com until 2026-08-10T11:11:02.449Z[39m
[33m[Nest] 39565  - [39m08/10/2026, 4:26:02 PM [33m   WARN[39m [38;5;3m[BruteForceProtectionService] [39m[33m[BruteForce] SOFT LOCK triggered for user@hardlock.com until 2026-08-10T11:11:02.449Z[39m
[33m[Nest] 39565  - [39m08/10/2026, 4:26:02 PM [33m   WARN[39m [38;5;3m[BruteForceProtectionService] [39m[33m[BruteForce] SOFT LOCK triggered for user@hardlock.com until 2026-08-10T11:11:02.449Z[39m
[33m[Nest] 39565  - [39m08/10/2026, 4:26:02 PM [33m   WARN[39m [38;5;3m[BruteForceProtectionService] [39m[33m[BruteForce] SOFT LOCK triggered for user@hardlock.com until 2026-08-10T11:11:02.449Z[39m
[33m[Nest] 39565  - [39m08/10/2026, 4:26:02 PM [33m   WARN[39m [38;5;3m[BruteForceProtectionService] [39m[33m[BruteForce] HARD LOCK triggered for user@hardlock.com after 10 attempts — requires admin reset[39m
[33m[Nest] 39565  - [39m08/10/2026, 4:26:02 PM [33m   WARN[39m [38;5;3m[BruteForceProtectionService] [39m[33m[BruteForce] SOFT LOCK triggered for user@admin.com until 2026-08-10T11:11:02.450Z[39m
[33m[Nest] 39565  - [39m08/10/2026, 4:26:02 PM [33m   WARN[39m [38;5;3m[BruteForceProtectionService] [39m[33m[BruteForce] SOFT LOCK triggered for user@admin.com until 2026-08-10T11:11:02.450Z[39m
[33m[Nest] 39565  - [39m08/10/2026, 4:26:02 PM [33m   WARN[39m [38;5;3m[BruteForceProtectionService] [39m[33m[BruteForce] SOFT LOCK triggered for user@admin.com until 2026-08-10T11:11:02.450Z[39m
[33m[Nest] 39565  - [39m08/10/2026, 4:26:02 PM [33m   WARN[39m [38;5;3m[BruteForceProtectionService] [39m[33m[BruteForce] SOFT LOCK triggered for user@admin.com until 2026-08-10T11:11:02.450Z[39m
[33m[Nest] 39565  - [39m08/10/2026, 4:26:02 PM [33m   WARN[39m [38;5;3m[BruteForceProtectionService] [39m[33m[BruteForce] SOFT LOCK triggered for user@admin.com until 2026-08-10T11:11:02.450Z[39m
[33m[Nest] 39565  - [39m08/10/2026, 4:26:02 PM [33m   WARN[39m [38;5;3m[BruteForceProtectionService] [39m[33m[BruteForce] HARD LOCK triggered for user@admin.com after 10 attempts — requires admin reset[39m
[32m[Nest] 39565  - [39m08/10/2026, 4:26:02 PM [32m    LOG[39m [38;5;3m[BruteForceProtectionService] [39m[32m[BruteForce] Admin unlocked account for user@admin.com[39m
[33m[Nest] 39565  - [39m08/10/2026, 4:26:02 PM [33m   WARN[39m [38;5;3m[BruteForceProtectionService] [39m[33m[BruteForce] SOFT LOCK triggered for user@perm.com until 2026-08-10T11:11:02.450Z[39m
[33m[Nest] 39565  - [39m08/10/2026, 4:26:02 PM [33m   WARN[39m [38;5;3m[BruteForceProtectionService] [39m[33m[BruteForce] SOFT LOCK triggered for user@perm.com until 2026-08-10T11:11:02.450Z[39m
[33m[Nest] 39565  - [39m08/10/2026, 4:26:02 PM [33m   WARN[39m [38;5;3m[BruteForceProtectionService] [39m[33m[BruteForce] SOFT LOCK triggered for user@perm.com until 2026-08-10T11:11:02.450Z[39m
[33m[Nest] 39565  - [39m08/10/2026, 4:26:02 PM [33m   WARN[39m [38;5;3m[BruteForceProtectionService] [39m[33m[BruteForce] SOFT LOCK triggered for user@perm.com until 2026-08-10T11:11:02.450Z[39m
[33m[Nest] 39565  - [39m08/10/2026, 4:26:02 PM [33m   WARN[39m [38;5;3m[BruteForceProtectionService] [39m[33m[BruteForce] SOFT LOCK triggered for user@perm.com until 2026-08-10T11:11:02.450Z[39m
[33m[Nest] 39565  - [39m08/10/2026, 4:26:02 PM [33m   WARN[39m [38;5;3m[BruteForceProtectionService] [39m[33m[BruteForce] HARD LOCK triggered for user@perm.com after 10 attempts — requires admin reset[39m
[33m[Nest] 39565  - [39m08/10/2026, 4:26:02 PM [33m   WARN[39m [38;5;3m[BruteForceProtectionService] [39m[33m[BruteForce] SOFT LOCK triggered for user@soft.com until 2026-08-10T11:11:02.451Z[39m
npm error Lifecycle script `test` failed with error:
npm error code 1
npm error path /Users/vishalvirda/Desktop/PariLink/apps/api
npm error workspace api@0.0.1
npm error location /Users/vishalvirda/Desktop/PariLink/apps/api
npm error command failed
npm error command sh -c jest
